Archive member included to satisfy reference by file (symbol)

c:/st/stm32cubeide_1.6.1/stm32cubeide/plugins/com.st.stm32cube.ide.mcu.externaltools.gnu-tools-for-stm32.10.3-2021.10.win32_1.0.0.202111181127/tools/bin/../lib/gcc/arm-none-eabi/10.3.1/../../../../arm-none-eabi/lib/thumb/v7e-m+fp/hard\libc_nano.a(lib_a-atoi.o)
                              ./Core/Src/LL_API_G2.o (atoi)
c:/st/stm32cubeide_1.6.1/stm32cubeide/plugins/com.st.stm32cube.ide.mcu.externaltools.gnu-tools-for-stm32.10.3-2021.10.win32_1.0.0.202111181127/tools/bin/../lib/gcc/arm-none-eabi/10.3.1/../../../../arm-none-eabi/lib/thumb/v7e-m+fp/hard\libc_nano.a(lib_a-errno.o)
                              ./Core/Src/LL_API_G2.o (__errno)
c:/st/stm32cubeide_1.6.1/stm32cubeide/plugins/com.st.stm32cube.ide.mcu.externaltools.gnu-tools-for-stm32.10.3-2021.10.win32_1.0.0.202111181127/tools/bin/../lib/gcc/arm-none-eabi/10.3.1/../../../../arm-none-eabi/lib/thumb/v7e-m+fp/hard\libc_nano.a(lib_a-exit.o)
                              c:/st/stm32cubeide_1.6.1/stm32cubeide/plugins/com.st.stm32cube.ide.mcu.externaltools.gnu-tools-for-stm32.10.3-2021.10.win32_1.0.0.202111181127/tools/bin/../lib/gcc/arm-none-eabi/10.3.1/../../../../arm-none-eabi/lib/thumb/v7e-m+fp/hard/crt0.o (exit)
c:/st/stm32cubeide_1.6.1/stm32cubeide/plugins/com.st.stm32cube.ide.mcu.externaltools.gnu-tools-for-stm32.10.3-2021.10.win32_1.0.0.202111181127/tools/bin/../lib/gcc/arm-none-eabi/10.3.1/../../../../arm-none-eabi/lib/thumb/v7e-m+fp/hard\libc_nano.a(lib_a-fflush.o)
                              ./Core/Src/FL_API_G2.o (fflush)
c:/st/stm32cubeide_1.6.1/stm32cubeide/plugins/com.st.stm32cube.ide.mcu.externaltools.gnu-tools-for-stm32.10.3-2021.10.win32_1.0.0.202111181127/tools/bin/../lib/gcc/arm-none-eabi/10.3.1/../../../../arm-none-eabi/lib/thumb/v7e-m+fp/hard\libc_nano.a(lib_a-findfp.o)
                              c:/st/stm32cubeide_1.6.1/stm32cubeide/plugins/com.st.stm32cube.ide.mcu.externaltools.gnu-tools-for-stm32.10.3-2021.10.win32_1.0.0.202111181127/tools/bin/../lib/gcc/arm-none-eabi/10.3.1/../../../../arm-none-eabi/lib/thumb/v7e-m+fp/hard\libc_nano.a(lib_a-fflush.o) (__sinit)
c:/st/stm32cubeide_1.6.1/stm32cubeide/plugins/com.st.stm32cube.ide.mcu.externaltools.gnu-tools-for-stm32.10.3-2021.10.win32_1.0.0.202111181127/tools/bin/../lib/gcc/arm-none-eabi/10.3.1/../../../../arm-none-eabi/lib/thumb/v7e-m+fp/hard\libc_nano.a(lib_a-fwalk.o)
                              c:/st/stm32cubeide_1.6.1/stm32cubeide/plugins/com.st.stm32cube.ide.mcu.externaltools.gnu-tools-for-stm32.10.3-2021.10.win32_1.0.0.202111181127/tools/bin/../lib/gcc/arm-none-eabi/10.3.1/../../../../arm-none-eabi/lib/thumb/v7e-m+fp/hard\libc_nano.a(lib_a-findfp.o) (_fwalk)
c:/st/stm32cubeide_1.6.1/stm32cubeide/plugins/com.st.stm32cube.ide.mcu.externaltools.gnu-tools-for-stm32.10.3-2021.10.win32_1.0.0.202111181127/tools/bin/../lib/gcc/arm-none-eabi/10.3.1/../../../../arm-none-eabi/lib/thumb/v7e-m+fp/hard\libc_nano.a(lib_a-impure.o)
                              c:/st/stm32cubeide_1.6.1/stm32cubeide/plugins/com.st.stm32cube.ide.mcu.externaltools.gnu-tools-for-stm32.10.3-2021.10.win32_1.0.0.202111181127/tools/bin/../lib/gcc/arm-none-eabi/10.3.1/../../../../arm-none-eabi/lib/thumb/v7e-m+fp/hard\libc_nano.a(lib_a-exit.o) (_global_impure_ptr)
c:/st/stm32cubeide_1.6.1/stm32cubeide/plugins/com.st.stm32cube.ide.mcu.externaltools.gnu-tools-for-stm32.10.3-2021.10.win32_1.0.0.202111181127/tools/bin/../lib/gcc/arm-none-eabi/10.3.1/../../../../arm-none-eabi/lib/thumb/v7e-m+fp/hard\libc_nano.a(lib_a-init.o)
                              c:/st/stm32cubeide_1.6.1/stm32cubeide/plugins/com.st.stm32cube.ide.mcu.externaltools.gnu-tools-for-stm32.10.3-2021.10.win32_1.0.0.202111181127/tools/bin/../lib/gcc/arm-none-eabi/10.3.1/../../../../arm-none-eabi/lib/thumb/v7e-m+fp/hard/crt0.o (__libc_init_array)
c:/st/stm32cubeide_1.6.1/stm32cubeide/plugins/com.st.stm32cube.ide.mcu.externaltools.gnu-tools-for-stm32.10.3-2021.10.win32_1.0.0.202111181127/tools/bin/../lib/gcc/arm-none-eabi/10.3.1/../../../../arm-none-eabi/lib/thumb/v7e-m+fp/hard\libc_nano.a(lib_a-lock.o)
                              c:/st/stm32cubeide_1.6.1/stm32cubeide/plugins/com.st.stm32cube.ide.mcu.externaltools.gnu-tools-for-stm32.10.3-2021.10.win32_1.0.0.202111181127/tools/bin/../lib/gcc/arm-none-eabi/10.3.1/../../../../arm-none-eabi/lib/thumb/v7e-m+fp/hard\libc_nano.a(lib_a-findfp.o) (__retarget_lock_init_recursive)
c:/st/stm32cubeide_1.6.1/stm32cubeide/plugins/com.st.stm32cube.ide.mcu.externaltools.gnu-tools-for-stm32.10.3-2021.10.win32_1.0.0.202111181127/tools/bin/../lib/gcc/arm-none-eabi/10.3.1/../../../../arm-none-eabi/lib/thumb/v7e-m+fp/hard\libc_nano.a(lib_a-memcpy-stub.o)
                              ./Core/Src/FL_API_G2.o (memcpy)
[...]
Memory Configuration

Name             Origin             Length             Attributes
CCMRAM           0x0000000010000000 0x0000000000010000 xrw
RAM              0x0000000020000000 0x0000000000020000 xrw
FLASH            0x0000000008000000 0x0000000000100000 xr
*default*        0x0000000000000000 0xffffffffffffffff

Linker script and memory map

LOAD c:/st/stm32cubeide_1.6.1/stm32cubeide/plugins/com.st.stm32cube.ide.mcu.externaltools.gnu-tools-for-stm32.10.3-2021.10.win32_1.0.0.202111181127/tools/bin/../lib/gcc/arm-none-eabi/10.3.1/thumb/v7e-m+fp/hard/crti.o
LOAD c:/st/stm32cubeide_1.6.1/stm32cubeide/plugins/com.st.stm32cube.ide.mcu.externaltools.gnu-tools-for-stm32.10.3-2021.10.win32_1.0.0.202111181127/tools/bin/../lib/gcc/arm-none-eabi/10.3.1/thumb/v7e-m+fp/hard/crtbegin.o
LOAD c:/st/stm32cubeide_1.6.1/stm32cubeide/plugins/com.st.stm32cube.ide.mcu.externaltools.gnu-tools-for-stm32.10.3-2021.10.win32_1.0.0.202111181127/tools/bin/../lib/gcc/arm-none-eabi/10.3.1/../../../../arm-none-eabi/lib/thumb/v7e-m+fp/hard/crt0.o
LOAD ./Core/Src/FL_API_G2.o
LOAD ./Core/Src/IO_API_G2.o
LOAD ./Core/Src/LL_API_G2.o
LOAD ./Core/Src/dma.o
LOAD ./Core/Src/gpio.o
LOAD ./Core/Src/imglib.o
LOAD ./Core/Src/main.o
LOAD ./Core/Src/stm32f4xx_hal_msp.o
LOAD ./Core/Src/stm32f4xx_it.o
LOAD ./Core/Src/syscalls.o
LOAD ./Core/Src/sysmem.o
LOAD ./Core/Src/system_stm32f4xx.o
LOAD ./Core/Src/tim.o
LOAD ./Core/Src/usart.o
LOAD ./Core/Startup/startup_stm32f407vgtx.o
LOAD ./Core/ub_lib/stm32_ub_vga_screen.o
LOAD ./Drivers/STM32F4xx_HAL_Driver/Src/stm32f4xx_hal.o
LOAD ./Drivers/STM32F4xx_HAL_Driver/Src/stm32f4xx_hal_cortex.o
LOAD ./Drivers/STM32F4xx_HAL_Driver/Src/stm32f4xx_hal_dma.o
LOAD ./Drivers/STM32F4xx_HAL_Driver/Src/stm32f4xx_hal_dma_ex.o
LOAD ./Drivers/STM32F4xx_HAL_Driver/Src/stm32f4xx_hal_exti.o
LOAD ./Drivers/STM32F4xx_HAL_Driver/Src/stm32f4xx_hal_flash.o
LOAD ./Drivers/STM32F4xx_HAL_Driver/Src/stm32f4xx_hal_flash_ex.o
LOAD ./Drivers/STM32F4xx_HAL_Driver/Src/stm32f4xx_hal_flash_ramfunc.o
LOAD ./Drivers/STM32F4xx_HAL_Driver/Src/stm32f4xx_hal_gpio.o
LOAD ./Drivers/STM32F4xx_HAL_Driver/Src/stm32f4xx_hal_pwr.o
LOAD ./Drivers/STM32F4xx_HAL_Driver/Src/stm32f4xx_hal_pwr_ex.o
LOAD ./Drivers/STM32F4xx_HAL_Driver/Src/stm32f4xx_hal_rcc.o
LOAD ./Drivers/STM32F4xx_HAL_Driver/Src/stm32f4xx_hal_rcc_ex.o
LOAD ./Drivers/STM32F4xx_HAL_Driver/Src/stm32f4xx_hal_tim.o
LOAD ./Drivers/STM32F4xx_HAL_Driver/Src/stm32f4xx_hal_tim_ex.o
LOAD ./Drivers/STM32F4xx_HAL_Driver/Src/stm32f4xx_hal_uart.o
START GROUP
LOAD c:/st/stm32cubeide_1.6.1/stm32cubeide/plugins/com.st.stm32cube.ide.mcu.externaltools.gnu-tools-for-stm32.10.3-2021.10.win32_1.0.0.202111181127/tools/bin/../lib/gcc/arm-none-eabi/10.3.1/../../../../arm-none-eabi/lib/thumb/v7e-m+fp/hard\libc_nano.a
LOAD c:/st/stm32cubeide_1.6.1/stm32cubeide/plugins/com.st.stm32cube.ide.mcu.externaltools.gnu-tools-for-stm32.10.3-2021.10.win32_1.0.0.202111181127/tools/bin/../lib/gcc/arm-none-eabi/10.3.1/../../../../arm-none-eabi/lib/thumb/v7e-m+fp/hard\libm.a
END GROUP
START GROUP
LOAD c:/st/stm32cubeide_1.6.1/stm32cubeide/plugins/com.st.stm32cube.ide.mcu.externaltools.gnu-tools-for-stm32.10.3-2021.10.win32_1.0.0.202111181127/tools/bin/../lib/gcc/arm-none-eabi/10.3.1/thumb/v7e-m+fp/hard\libgcc.a
LOAD c:/st/stm32cubeide_1.6.1/stm32cubeide/plugins/com.st.stm32cube.ide.mcu.externaltools.gnu-tools-for-stm32.10.3-2021.10.win32_1.0.0.202111181127/tools/bin/../lib/gcc/arm-none-eabi/10.3.1/../../../../arm-none-eabi/lib/thumb/v7e-m+fp/hard\libc_nano.a
END GROUP
START GROUP
LOAD c:/st/stm32cubeide_1.6.1/stm32cubeide/plugins/com.st.stm32cube.ide.mcu.externaltools.gnu-tools-for-stm32.10.3-2021.10.win32_1.0.0.202111181127/tools/bin/../lib/gcc/arm-none-eabi/10.3.1/thumb/v7e-m+fp/hard\libgcc.a
LOAD c:/st/stm32cubeide_1.6.1/stm32cubeide/plugins/com.st.stm32cube.ide.mcu.externaltools.gnu-tools-for-stm32.10.3-2021.10.win32_1.0.0.202111181127/tools/bin/../lib/gcc/arm-none-eabi/10.3.1/../../../../arm-none-eabi/lib/thumb/v7e-m+fp/hard\libc_nano.a
LOAD c:/st/stm32cubeide_1.6.1/stm32cubeide/plugins/com.st.stm32cube.ide.mcu.externaltools.gnu-tools-for-stm32.10.3-2021.10.win32_1.0.0.202111181127/tools/bin/../lib/gcc/arm-none-eabi/10.3.1/../../../../arm-none-eabi/lib/thumb/v7e-m+fp/hard\libnosys.a
END GROUP
START GROUP
LOAD c:/st/stm32cubeide_1.6.1/stm32cubeide/plugins/com.st.stm32cube.ide.mcu.externaltools.gnu-tools-for-stm32.10.3-2021.10.win32_1.0.0.202111181127/tools/bin/../lib/gcc/arm-none-eabi/10.3.1/thumb/v7e-m+fp/hard\libgcc.a
LOAD c:/st/stm32cubeide_1.6.1/stm32cubeide/plugins/com.st.stm32cube.ide.mcu.externaltools.gnu-tools-for-stm32.10.3-2021.10.win32_1.0.0.202111181127/tools/bin/../lib/gcc/arm-none-eabi/10.3.1/../../../../arm-none-eabi/lib/thumb/v7e-m+fp/hard\libc_nano.a
LOAD c:/st/stm32cubeide_1.6.1/stm32cubeide/plugins/com.st.stm32cube.ide.mcu.externaltools.gnu-tools-for-stm32.10.3-2021.10.win32_1.0.0.202111181127/tools/bin/../lib/gcc/arm-none-eabi/10.3.1/../../../../arm-none-eabi/lib/thumb/v7e-m+fp/hard\libnosys.a
END GROUP
LOAD c:/st/stm32cubeide_1.6.1/stm32cubeide/plugins/com.st.stm32cube.ide.mcu.externaltools.gnu-tools-for-stm32.10.3-2021.10.win32_1.0.0.202111181127/tools/bin/../lib/gcc/arm-none-eabi/10.3.1/thumb/v7e-m+fp/hard/crtend.o
LOAD c:/st/stm32cubeide_1.6.1/stm32cubeide/plugins/com.st.stm32cube.ide.mcu.externaltools.gnu-tools-for-stm32.10.3-2021.10.win32_1.0.0.202111181127/tools/bin/../lib/gcc/arm-none-eabi/10.3.1/thumb/v7e-m+fp/hard/crtn.o
                0x0000000020020000                _estack = (ORIGIN (RAM) + LENGTH (RAM))
                0x0000000000000200                _Min_Heap_Size = 0x200
                0x0000000000000400                _Min_Stack_Size = 0x400

.isr_vector     0x0000000008000000      0x188
                0x0000000008000000                . = ALIGN (0x4)
 *(.isr_vector)
 .isr_vector    0x0000000008000000      0x188 ./Core/Startup/startup_stm32f407vgtx.o
                0x0000000008000000                g_pfnVectors
                0x0000000008000188                . = ALIGN (0x4)

.text           0x0000000008000190     0x6570
                0x0000000008000190                . = ALIGN (0x4)
 *(.text)
 .text          0x0000000008000190       0x40 c:/st/stm32cubeide_1.6.1/stm32cubeide/plugins/com.st.stm32cube.ide.mcu.externaltools.gnu-tools-for-stm32.10.3-2021.10.win32_1.0.0.202111181127/tools/bin/../lib/gcc/arm-none-eabi/10.3.1/thumb/v7e-m+fp/hard/crtbegin.o
 .text          0x00000000080001d0       0x14 c:/st/stm32cubeide_1.6.1/stm32cubeide/plugins/com.st.stm32cube.ide.mcu.externaltools.gnu-tools-for-stm32.10.3-2021.10.win32_1.0.0.202111181127/tools/bin/../lib/gcc/arm-none-eabi/10.3.1/../../../../arm-none-eabi/lib/thumb/v7e-m+fp/hard\libc_nano.a(lib_a-strcmp.o)
                0x00000000080001d0                strcmp
 .text          0x00000000080001e4       0x10 c:/st/stm32cubeide_1.6.1/stm32cubeide/plugins/com.st.stm32cube.ide.mcu.externaltools.gnu-tools-for-stm32.10.3-2021.10.win32_1.0.0.202111181127/tools/bin/../lib/gcc/arm-none-eabi/10.3.1/../../../../arm-none-eabi/lib/thumb/v7e-m+fp/hard\libc_nano.a(lib_a-strlen.o)
                0x00000000080001e4                strlen
 *fill*         0x00000000080001f4        0xc 
 .text          0x0000000008000200       0xa0 c:/st/stm32cubeide_1.6.1/stm32cubeide/plugins/com.st.stm32cube.ide.mcu.externaltools.gnu-tools-for-stm32.10.3-2021.10.win32_1.0.0.202111181127/tools/bin/../lib/gcc/arm-none-eabi/10.3.1/../../../../arm-none-eabi/lib/thumb/v7e-m+fp/hard\libc_nano.a(lib_a-memchr.o)
                0x0000000008000200                memchr
 .text          0x00000000080002a0       0x30 c:/st/stm32cubeide_1.6.1/stm32cubeide/plugins/com.st.stm32cube.ide.mcu.externaltools.gnu-tools-for-stm32.10.3-2021.10.win32_1.0.0.202111181127/tools/bin/../lib/gcc/arm-none-eabi/10.3.1/thumb/v7e-m+fp/hard\libgcc.a(_aeabi_uldivmod.o)
                0x00000000080002a0                __aeabi_uldivmod
 .text          0x00000000080002d0      0x2d0 c:/st/stm32cubeide_1.6.1/stm32cubeide/plugins/com.st.stm32cube.ide.mcu.externaltools.gnu-tools-for-stm32.10.3-2021.10.win32_1.0.0.202111181127/tools/bin/../lib/gcc/arm-none-eabi/10.3.1/thumb/v7e-m+fp/hard\libgcc.a(_udivmoddi4.o)
                0x00000000080002d0                __udivmoddi4
 .text          0x00000000080005a0        0x4 c:/st/stm32cubeide_1.6.1/stm32cubeide/plugins/com.st.stm32cube.ide.mcu.externaltools.gnu-tools-for-stm32.10.3-2021.10.win32_1.0.0.202111181127/tools/bin/../lib/gcc/arm-none-eabi/10.3.1/thumb/v7e-m+fp/hard\libgcc.a(_dvmd_tls.o)
                0x00000000080005a0                __aeabi_idiv0
                0x00000000080005a0                __aeabi_ldiv0
 *(.text*)
 .text.API_Getcommand
                0x00000000080005a4       0xa4 ./Core/Src/FL_API_G2.o
                0x00000000080005a4                API_Getcommand
 .text.API_Command_Data
                0x0000000008000648       0x76 ./Core/Src/FL_API_G2.o
                0x0000000008000648                API_Command_Data
 .text.plotLine
                0x00000000080006be       0xcc ./Core/Src/IO_API_G2.o
                0x00000000080006be                plotLine
 .text.plotRect
                0x000000000800078a       0x9e ./Core/Src/IO_API_G2.o
                0x000000000800078a                plotRect
 .text.plotCircle
                0x0000000008000828       0xea ./Core/Src/IO_API_G2.o
                0x0000000008000828                plotCircle
 *fill*         0x0000000008000912        0x2 
 .text.API_bitmap
                0x0000000008000914       0x6c ./Core/Src/IO_API_G2.o
                0x0000000008000914                API_bitmap
 .text.API_text
                0x0000000008000980      0x100 ./Core/Src/IO_API_G2.o
                0x0000000008000980                API_text
 .text.API_In_DrawLine
                0x0000000008000a80       0x70 ./Core/Src/LL_API_G2.o
                0x0000000008000a80                API_In_DrawLine
 .text.API_In_DrawRectangle
                0x0000000008000af0       0x32 ./Core/Src/LL_API_G2.o
                0x0000000008000af0                API_In_DrawRectangle
 .text.API_In_DrawCirckel
                0x0000000008000b22       0x28 ./Core/Src/LL_API_G2.o
                0x0000000008000b22                API_In_DrawCirckel
 .text.API_In_DrawText
                0x0000000008000b4a       0x2a ./Core/Src/LL_API_G2.o
                0x0000000008000b4a                API_In_DrawText
 .text.API_In_Bitmap
                0x0000000008000b74       0x26 ./Core/Src/LL_API_G2.o
                0x0000000008000b74                API_In_Bitmap
 *fill*         0x0000000008000b9a        0x2 
 .text.show_errno
                0x0000000008000b9c       0x6c ./Core/Src/LL_API_G2.o
                0x0000000008000b9c                show_errno
 .text.API_ReLi_Sep
                0x0000000008000c08       0x70 ./Core/Src/LL_API_G2.o
                0x0000000008000c08                API_ReLi_Sep
 .text.Seperate_line
                0x0000000008000c78       0xd4 ./Core/Src/LL_API_G2.o
                0x0000000008000c78                Seperate_line
 .text.Seperate_Rectangle
                0x0000000008000d4c       0xd4 ./Core/Src/LL_API_G2.o
                0x0000000008000d4c                Seperate_Rectangle
 .text.Seperate_Circkel
                0x0000000008000e20       0xd4 ./Core/Src/LL_API_G2.o
                0x0000000008000e20                Seperate_Circkel
 .text.Seperate_Text
                0x0000000008000ef4       0xb8 ./Core/Src/LL_API_G2.o
                0x0000000008000ef4                Seperate_Text
 .text.Seperate_Bitmap
                0x0000000008000fac       0x80 ./Core/Src/LL_API_G2.o
                0x0000000008000fac                Seperate_Bitmap
 .text.Seperate_Clearscreen
                0x000000000800102c       0xd0 ./Core/Src/LL_API_G2.o
                0x000000000800102c                Seperate_Clearscreen
 .text.MX_DMA_Init
                0x00000000080010fc       0x40 ./Core/Src/dma.o
                0x00000000080010fc                MX_DMA_Init
 .text.MX_GPIO_Init
                0x000000000800113c       0xf0 ./Core/Src/gpio.o
                0x000000000800113c                MX_GPIO_Init
 .text.main     0x000000000800122c       0x6c ./Core/Src/main.o
                0x000000000800122c                main
 .text.SystemClock_Config
                0x0000000008001298       0xd4 ./Core/Src/main.o
                0x0000000008001298                SystemClock_Config
 .text.__io_putchar
                0x000000000800136c       0x24 ./Core/Src/main.o
                0x000000000800136c                __io_putchar
 .text.Error_Handler
                0x0000000008001390        0xe ./Core/Src/main.o
                0x0000000008001390                Error_Handler
 *fill*         0x000000000800139e        0x2 
 .text.HAL_MspInit
                0x00000000080013a0       0x50 ./Core/Src/stm32f4xx_hal_msp.o
                0x00000000080013a0                HAL_MspInit
 .text.NMI_Handler
                0x00000000080013f0        0xe ./Core/Src/stm32f4xx_it.o
                0x00000000080013f0                NMI_Handler
 .text.HardFault_Handler
                0x00000000080013fe        0x6 ./Core/Src/stm32f4xx_it.o
                0x00000000080013fe                HardFault_Handler
 .text.MemManage_Handler
                0x0000000008001404        0x6 ./Core/Src/stm32f4xx_it.o
                0x0000000008001404                MemManage_Handler
 .text.BusFault_Handler
                0x000000000800140a        0x6 ./Core/Src/stm32f4xx_it.o
                0x000000000800140a                BusFault_Handler
 .text.UsageFault_Handler
                0x0000000008001410        0x6 ./Core/Src/stm32f4xx_it.o
                0x0000000008001410                UsageFault_Handler
 .text.SVC_Handler
                0x0000000008001416        0xe ./Core/Src/stm32f4xx_it.o
                0x0000000008001416                SVC_Handler
 .text.DebugMon_Handler
                0x0000000008001424        0xe ./Core/Src/stm32f4xx_it.o
                0x0000000008001424                DebugMon_Handler
 .text.PendSV_Handler
                0x0000000008001432        0xe ./Core/Src/stm32f4xx_it.o
                0x0000000008001432                PendSV_Handler
 .text.SysTick_Handler
                0x0000000008001440        0xc ./Core/Src/stm32f4xx_it.o
                0x0000000008001440                SysTick_Handler
 .text.TIM2_IRQHandler
                0x000000000800144c       0xc4 ./Core/Src/stm32f4xx_it.o
                0x000000000800144c                TIM2_IRQHandler
 .text.USART2_IRQHandler
                0x0000000008001510       0x84 ./Core/Src/stm32f4xx_it.o
                0x0000000008001510                USART2_IRQHandler
 .text.DMA2_Stream5_IRQHandler
                0x0000000008001594       0x54 ./Core/Src/stm32f4xx_it.o
                0x0000000008001594                DMA2_Stream5_IRQHandler
 .text._getpid  0x00000000080015e8       0x10 ./Core/Src/syscalls.o
                0x00000000080015e8                _getpid
 .text._kill    0x00000000080015f8       0x20 ./Core/Src/syscalls.o
                0x00000000080015f8                _kill
 .text._exit    0x0000000008001618       0x14 ./Core/Src/syscalls.o
                0x0000000008001618                _exit
 .text._read    0x000000000800162c       0x3a ./Core/Src/syscalls.o
                0x000000000800162c                _read
 .text._write   0x0000000008001666       0x38 ./Core/Src/syscalls.o
                0x0000000008001666                _write
 .text._close   0x000000000800169e       0x18 ./Core/Src/syscalls.o
                0x000000000800169e                _close
 .text._fstat   0x00000000080016b6       0x20 ./Core/Src/syscalls.o
                0x00000000080016b6                _fstat
 .text._isatty  0x00000000080016d6       0x16 ./Core/Src/syscalls.o
                0x00000000080016d6                _isatty
 .text._lseek   0x00000000080016ec       0x1a ./Core/Src/syscalls.o
                0x00000000080016ec                _lseek
 *fill*         0x0000000008001706        0x2 
 .text._sbrk    0x0000000008001708       0x58 ./Core/Src/sysmem.o
                0x0000000008001708                _sbrk
 .text.SystemInit
                0x0000000008001760       0x2c ./Core/Src/system_stm32f4xx.o
                0x0000000008001760                SystemInit
 .text.MX_TIM1_Init
                0x000000000800178c       0xa0 ./Core/Src/tim.o
                0x000000000800178c                MX_TIM1_Init
 .text.MX_TIM2_Init
                0x000000000800182c       0xd0 ./Core/Src/tim.o
                0x000000000800182c                MX_TIM2_Init
 .text.HAL_TIM_Base_MspInit
                0x00000000080018fc       0xa4 ./Core/Src/tim.o
                0x00000000080018fc                HAL_TIM_Base_MspInit
 .text.HAL_TIM_PWM_MspInit
                0x00000000080019a0       0x4c ./Core/Src/tim.o
                0x00000000080019a0                HAL_TIM_PWM_MspInit
 .text.HAL_TIM_MspPostInit
                0x00000000080019ec       0x70 ./Core/Src/tim.o
                0x00000000080019ec                HAL_TIM_MspPostInit
 .text.MX_USART2_UART_Init
                0x0000000008001a5c       0x54 ./Core/Src/usart.o
                0x0000000008001a5c                MX_USART2_UART_Init
 .text.HAL_UART_MspInit
                0x0000000008001ab0       0xa0 ./Core/Src/usart.o
                0x0000000008001ab0                HAL_UART_MspInit
 .text.Reset_Handler
                0x0000000008001b50       0x50 ./Core/Startup/startup_stm32f407vgtx.o
                0x0000000008001b50                Reset_Handler
 .text.Default_Handler
                0x0000000008001ba0        0x2 ./Core/Startup/startup_stm32f407vgtx.o
                0x0000000008001ba0                RTC_Alarm_IRQHandler
                0x0000000008001ba0                HASH_RNG_IRQHandler
                0x0000000008001ba0                EXTI2_IRQHandler
                0x0000000008001ba0                TIM8_CC_IRQHandler
                0x0000000008001ba0                TIM1_CC_IRQHandler
                0x0000000008001ba0                DMA1_Stream5_IRQHandler
                0x0000000008001ba0                PVD_IRQHandler
                0x0000000008001ba0                SDIO_IRQHandler
                0x0000000008001ba0                TAMP_STAMP_IRQHandler
                0x0000000008001ba0                CAN2_RX1_IRQHandler
                0x0000000008001ba0                EXTI3_IRQHandler
                0x0000000008001ba0                TIM8_TRG_COM_TIM14_IRQHandler
                0x0000000008001ba0                TIM1_UP_TIM10_IRQHandler
                0x0000000008001ba0                TIM8_UP_TIM13_IRQHandler
                0x0000000008001ba0                I2C3_ER_IRQHandler
                0x0000000008001ba0                EXTI0_IRQHandler
                0x0000000008001ba0                I2C2_EV_IRQHandler
                0x0000000008001ba0                DMA1_Stream2_IRQHandler
                0x0000000008001ba0                CAN1_RX0_IRQHandler
                0x0000000008001ba0                FPU_IRQHandler
                0x0000000008001ba0                OTG_HS_WKUP_IRQHandler
                0x0000000008001ba0                CAN2_SCE_IRQHandler
                0x0000000008001ba0                DMA2_Stream2_IRQHandler
                0x0000000008001ba0                SPI1_IRQHandler
                0x0000000008001ba0                TIM6_DAC_IRQHandler
                0x0000000008001ba0                TIM1_BRK_TIM9_IRQHandler
                0x0000000008001ba0                DCMI_IRQHandler
                0x0000000008001ba0                CAN2_RX0_IRQHandler
                0x0000000008001ba0                DMA2_Stream3_IRQHandler
                0x0000000008001ba0                USART6_IRQHandler
                0x0000000008001ba0                USART3_IRQHandler
                0x0000000008001ba0                CAN1_RX1_IRQHandler
                0x0000000008001ba0                UART5_IRQHandler
                0x0000000008001ba0                DMA2_Stream0_IRQHandler
                0x0000000008001ba0                TIM4_IRQHandler
                0x0000000008001ba0                I2C1_EV_IRQHandler
                0x0000000008001ba0                DMA1_Stream6_IRQHandler
                0x0000000008001ba0                DMA1_Stream1_IRQHandler
                0x0000000008001ba0                UART4_IRQHandler
                0x0000000008001ba0                TIM3_IRQHandler
                0x0000000008001ba0                RCC_IRQHandler
                0x0000000008001ba0                TIM8_BRK_TIM12_IRQHandler
                0x0000000008001ba0                Default_Handler
                0x0000000008001ba0                EXTI15_10_IRQHandler
                0x0000000008001ba0                ADC_IRQHandler
                0x0000000008001ba0                DMA1_Stream7_IRQHandler
                0x0000000008001ba0                TIM7_IRQHandler
                0x0000000008001ba0                CAN2_TX_IRQHandler
                0x0000000008001ba0                TIM5_IRQHandler
                0x0000000008001ba0                DMA2_Stream7_IRQHandler
                0x0000000008001ba0                I2C3_EV_IRQHandler
                0x0000000008001ba0                EXTI9_5_IRQHandler
                0x0000000008001ba0                RTC_WKUP_IRQHandler
                0x0000000008001ba0                ETH_WKUP_IRQHandler
                0x0000000008001ba0                SPI2_IRQHandler
                0x0000000008001ba0                OTG_HS_EP1_IN_IRQHandler
                0x0000000008001ba0                DMA1_Stream0_IRQHandler
                0x0000000008001ba0                CAN1_TX_IRQHandler
                0x0000000008001ba0                EXTI4_IRQHandler
                0x0000000008001ba0                FSMC_IRQHandler
                0x0000000008001ba0                ETH_IRQHandler
                0x0000000008001ba0                OTG_HS_EP1_OUT_IRQHandler
                0x0000000008001ba0                WWDG_IRQHandler
                0x0000000008001ba0                OTG_FS_WKUP_IRQHandler
                0x0000000008001ba0                TIM1_TRG_COM_TIM11_IRQHandler
                0x0000000008001ba0                OTG_HS_IRQHandler
                0x0000000008001ba0                EXTI1_IRQHandler
                0x0000000008001ba0                I2C2_ER_IRQHandler
                0x0000000008001ba0                DMA2_Stream1_IRQHandler
                0x0000000008001ba0                CAN1_SCE_IRQHandler
                0x0000000008001ba0                FLASH_IRQHandler
                0x0000000008001ba0                DMA2_Stream4_IRQHandler
                0x0000000008001ba0                USART1_IRQHandler
                0x0000000008001ba0                OTG_FS_IRQHandler
                0x0000000008001ba0                SPI3_IRQHandler
                0x0000000008001ba0                DMA1_Stream4_IRQHandler
                0x0000000008001ba0                I2C1_ER_IRQHandler
                0x0000000008001ba0                DMA2_Stream6_IRQHandler
                0x0000000008001ba0                DMA1_Stream3_IRQHandler
 *fill*         0x0000000008001ba2        0x2 
 .text.UB_VGA_Screen_Init
                0x0000000008001ba4       0xa4 ./Core/ub_lib/stm32_ub_vga_screen.o
                0x0000000008001ba4                UB_VGA_Screen_Init
 .text.UB_VGA_FillScreen
                0x0000000008001c48       0x46 ./Core/ub_lib/stm32_ub_vga_screen.o
                0x0000000008001c48                UB_VGA_FillScreen
 *fill*         0x0000000008001c8e        0x2 
 .text.UB_VGA_SetPixel
                0x0000000008001c90       0x50 ./Core/ub_lib/stm32_ub_vga_screen.o
                0x0000000008001c90                UB_VGA_SetPixel
 .text.HAL_Init
                0x0000000008001ce0       0x44 ./Drivers/STM32F4xx_HAL_Driver/Src/stm32f4xx_hal.o
                0x0000000008001ce0                HAL_Init
 .text.HAL_InitTick
                0x0000000008001d24       0x60 ./Drivers/STM32F4xx_HAL_Driver/Src/stm32f4xx_hal.o
                0x0000000008001d24                HAL_InitTick
 .text.HAL_IncTick
                0x0000000008001d84       0x28 ./Drivers/STM32F4xx_HAL_Driver/Src/stm32f4xx_hal.o
                0x0000000008001d84                HAL_IncTick
 .text.HAL_GetTick
                0x0000000008001dac       0x18 ./Drivers/STM32F4xx_HAL_Driver/Src/stm32f4xx_hal.o
                0x0000000008001dac                HAL_GetTick
 .text.__NVIC_SetPriorityGrouping
                0x0000000008001dc4       0x48 ./Drivers/STM32F4xx_HAL_Driver/Src/stm32f4xx_hal_cortex.o
 .text.__NVIC_GetPriorityGrouping
                0x0000000008001e0c       0x1c ./Drivers/STM32F4xx_HAL_Driver/Src/stm32f4xx_hal_cortex.o
 .text.__NVIC_EnableIRQ
                0x0000000008001e28       0x3c ./Drivers/STM32F4xx_HAL_Driver/Src/stm32f4xx_hal_cortex.o
 .text.__NVIC_SetPriority
                0x0000000008001e64       0x54 ./Drivers/STM32F4xx_HAL_Driver/Src/stm32f4xx_hal_cortex.o
 .text.NVIC_EncodePriority
                0x0000000008001eb8       0x66 ./Drivers/STM32F4xx_HAL_Driver/Src/stm32f4xx_hal_cortex.o
 *fill*         0x0000000008001f1e        0x2 
 .text.SysTick_Config
                0x0000000008001f20       0x44 ./Drivers/STM32F4xx_HAL_Driver/Src/stm32f4xx_hal_cortex.o
 .text.HAL_NVIC_SetPriorityGrouping
                0x0000000008001f64       0x16 ./Drivers/STM32F4xx_HAL_Driver/Src/stm32f4xx_hal_cortex.o
                0x0000000008001f64                HAL_NVIC_SetPriorityGrouping
 .text.HAL_NVIC_SetPriority
                0x0000000008001f7a       0x38 ./Drivers/STM32F4xx_HAL_Driver/Src/stm32f4xx_hal_cortex.o
                0x0000000008001f7a                HAL_NVIC_SetPriority
 .text.HAL_NVIC_EnableIRQ
                0x0000000008001fb2       0x1c ./Drivers/STM32F4xx_HAL_Driver/Src/stm32f4xx_hal_cortex.o
                0x0000000008001fb2                HAL_NVIC_EnableIRQ
 .text.HAL_SYSTICK_Config
                0x0000000008001fce       0x18 ./Drivers/STM32F4xx_HAL_Driver/Src/stm32f4xx_hal_cortex.o
                0x0000000008001fce                HAL_SYSTICK_Config
 *fill*         0x0000000008001fe6        0x2 
 .text.HAL_DMA_Init
                0x0000000008001fe8      0x15c ./Drivers/STM32F4xx_HAL_Driver/Src/stm32f4xx_hal_dma.o
                0x0000000008001fe8                HAL_DMA_Init
 .text.HAL_DMA_Start_IT
                0x0000000008002144       0xb0 ./Drivers/STM32F4xx_HAL_Driver/Src/stm32f4xx_hal_dma.o
                0x0000000008002144                HAL_DMA_Start_IT
 .text.HAL_DMA_Abort_IT
                0x00000000080021f4       0x44 ./Drivers/STM32F4xx_HAL_Driver/Src/stm32f4xx_hal_dma.o
                0x00000000080021f4                HAL_DMA_Abort_IT
 .text.HAL_DMA_IRQHandler
                0x0000000008002238      0x314 ./Drivers/STM32F4xx_HAL_Driver/Src/stm32f4xx_hal_dma.o
                0x0000000008002238                HAL_DMA_IRQHandler
 .text.DMA_SetConfig
                0x000000000800254c       0x5c ./Drivers/STM32F4xx_HAL_Driver/Src/stm32f4xx_hal_dma.o
 .text.DMA_CalcBaseAndBitshift
                0x00000000080025a8       0x6c ./Drivers/STM32F4xx_HAL_Driver/Src/stm32f4xx_hal_dma.o
 .text.DMA_CheckFifoParam
                0x0000000008002614       0xf8 ./Drivers/STM32F4xx_HAL_Driver/Src/stm32f4xx_hal_dma.o
 .text.HAL_GPIO_Init
                0x000000000800270c      0x338 ./Drivers/STM32F4xx_HAL_Driver/Src/stm32f4xx_hal_gpio.o
                0x000000000800270c                HAL_GPIO_Init
 .text.HAL_GPIO_WritePin
                0x0000000008002a44       0x32 ./Drivers/STM32F4xx_HAL_Driver/Src/stm32f4xx_hal_gpio.o
                0x0000000008002a44                HAL_GPIO_WritePin
 *fill*         0x0000000008002a76        0x2 
 .text.HAL_RCC_OscConfig
                0x0000000008002a78      0x4dc ./Drivers/STM32F4xx_HAL_Driver/Src/stm32f4xx_hal_rcc.o
                0x0000000008002a78                HAL_RCC_OscConfig
 .text.HAL_RCC_ClockConfig
                0x0000000008002f54      0x1cc ./Drivers/STM32F4xx_HAL_Driver/Src/stm32f4xx_hal_rcc.o
                0x0000000008002f54                HAL_RCC_ClockConfig
 .text.HAL_RCC_GetSysClockFreq
                0x0000000008003120      0x20c ./Drivers/STM32F4xx_HAL_Driver/Src/stm32f4xx_hal_rcc.o
                0x0000000008003120                HAL_RCC_GetSysClockFreq
 .text.HAL_RCC_GetHCLKFreq
                0x000000000800332c       0x18 ./Drivers/STM32F4xx_HAL_Driver/Src/stm32f4xx_hal_rcc.o
                0x000000000800332c                HAL_RCC_GetHCLKFreq
 .text.HAL_RCC_GetPCLK1Freq
                0x0000000008003344       0x28 ./Drivers/STM32F4xx_HAL_Driver/Src/stm32f4xx_hal_rcc.o
                0x0000000008003344                HAL_RCC_GetPCLK1Freq
 .text.HAL_RCC_GetPCLK2Freq
                0x000000000800336c       0x28 ./Drivers/STM32F4xx_HAL_Driver/Src/stm32f4xx_hal_rcc.o
                0x000000000800336c                HAL_RCC_GetPCLK2Freq
 .text.HAL_TIM_Base_Init
                0x0000000008003394       0x56 ./Drivers/STM32F4xx_HAL_Driver/Src/stm32f4xx_hal_tim.o
                0x0000000008003394                HAL_TIM_Base_Init
 .text.HAL_TIM_Base_Start
                0x00000000080033ea       0x48 ./Drivers/STM32F4xx_HAL_Driver/Src/stm32f4xx_hal_tim.o
                0x00000000080033ea                HAL_TIM_Base_Start
 .text.HAL_TIM_PWM_Init
                0x0000000008003432       0x56 ./Drivers/STM32F4xx_HAL_Driver/Src/stm32f4xx_hal_tim.o
                0x0000000008003432                HAL_TIM_PWM_Init
 .text.HAL_TIM_PWM_Start
                0x0000000008003488       0x7c ./Drivers/STM32F4xx_HAL_Driver/Src/stm32f4xx_hal_tim.o
                0x0000000008003488                HAL_TIM_PWM_Start
 .text.HAL_TIM_PWM_Start_IT
                0x0000000008003504      0x108 ./Drivers/STM32F4xx_HAL_Driver/Src/stm32f4xx_hal_tim.o
                0x0000000008003504                HAL_TIM_PWM_Start_IT
 .text.HAL_TIM_IRQHandler
                0x000000000800360c      0x210 ./Drivers/STM32F4xx_HAL_Driver/Src/stm32f4xx_hal_tim.o
                0x000000000800360c                HAL_TIM_IRQHandler
 .text.HAL_TIM_PWM_ConfigChannel
                0x000000000800381c      0x18c ./Drivers/STM32F4xx_HAL_Driver/Src/stm32f4xx_hal_tim.o
                0x000000000800381c                HAL_TIM_PWM_ConfigChannel
 .text.HAL_TIM_ConfigClockSource
                0x00000000080039a8      0x188 ./Drivers/STM32F4xx_HAL_Driver/Src/stm32f4xx_hal_tim.o
                0x00000000080039a8                HAL_TIM_ConfigClockSource
 .text.HAL_TIM_PeriodElapsedCallback
                0x0000000008003b30       0x14 ./Drivers/STM32F4xx_HAL_Driver/Src/stm32f4xx_hal_tim.o
                0x0000000008003b30                HAL_TIM_PeriodElapsedCallback
 .text.HAL_TIM_OC_DelayElapsedCallback
                0x0000000008003b44       0x14 ./Drivers/STM32F4xx_HAL_Driver/Src/stm32f4xx_hal_tim.o
                0x0000000008003b44                HAL_TIM_OC_DelayElapsedCallback
 .text.HAL_TIM_IC_CaptureCallback
                0x0000000008003b58       0x14 ./Drivers/STM32F4xx_HAL_Driver/Src/stm32f4xx_hal_tim.o
                0x0000000008003b58                HAL_TIM_IC_CaptureCallback
 .text.HAL_TIM_PWM_PulseFinishedCallback
                0x0000000008003b6c       0x14 ./Drivers/STM32F4xx_HAL_Driver/Src/stm32f4xx_hal_tim.o
                0x0000000008003b6c                HAL_TIM_PWM_PulseFinishedCallback
 .text.HAL_TIM_TriggerCallback
                0x0000000008003b80       0x14 ./Drivers/STM32F4xx_HAL_Driver/Src/stm32f4xx_hal_tim.o
                0x0000000008003b80                HAL_TIM_TriggerCallback
 .text.TIM_Base_SetConfig
                0x0000000008003b94      0x140 ./Drivers/STM32F4xx_HAL_Driver/Src/stm32f4xx_hal_tim.o
                0x0000000008003b94                TIM_Base_SetConfig
 .text.TIM_OC1_SetConfig
                0x0000000008003cd4       0xe0 ./Drivers/STM32F4xx_HAL_Driver/Src/stm32f4xx_hal_tim.o
 .text.TIM_OC2_SetConfig
                0x0000000008003db4       0xec ./Drivers/STM32F4xx_HAL_Driver/Src/stm32f4xx_hal_tim.o
                0x0000000008003db4                TIM_OC2_SetConfig
 .text.TIM_OC3_SetConfig
                0x0000000008003ea0       0xe8 ./Drivers/STM32F4xx_HAL_Driver/Src/stm32f4xx_hal_tim.o
 .text.TIM_OC4_SetConfig
                0x0000000008003f88       0xac ./Drivers/STM32F4xx_HAL_Driver/Src/stm32f4xx_hal_tim.o
 .text.TIM_TI1_ConfigInputStage
                0x0000000008004034       0x5e ./Drivers/STM32F4xx_HAL_Driver/Src/stm32f4xx_hal_tim.o
 .text.TIM_TI2_ConfigInputStage
                0x0000000008004092       0x60 ./Drivers/STM32F4xx_HAL_Driver/Src/stm32f4xx_hal_tim.o
 .text.TIM_ITRx_SetConfig
                0x00000000080040f2       0x36 ./Drivers/STM32F4xx_HAL_Driver/Src/stm32f4xx_hal_tim.o
 .text.TIM_ETR_SetConfig
                0x0000000008004128       0x40 ./Drivers/STM32F4xx_HAL_Driver/Src/stm32f4xx_hal_tim.o
                0x0000000008004128                TIM_ETR_SetConfig
 .text.TIM_CCxChannelCmd
                0x0000000008004168       0x4a ./Drivers/STM32F4xx_HAL_Driver/Src/stm32f4xx_hal_tim.o
                0x0000000008004168                TIM_CCxChannelCmd
 *fill*         0x00000000080041b2        0x2 
 .text.HAL_TIMEx_MasterConfigSynchronization
                0x00000000080041b4       0xf8 ./Drivers/STM32F4xx_HAL_Driver/Src/stm32f4xx_hal_tim_ex.o
                0x00000000080041b4                HAL_TIMEx_MasterConfigSynchronization
 .text.HAL_TIMEx_CommutCallback
                0x00000000080042ac       0x14 ./Drivers/STM32F4xx_HAL_Driver/Src/stm32f4xx_hal_tim_ex.o
                0x00000000080042ac                HAL_TIMEx_CommutCallback
 .text.HAL_TIMEx_BreakCallback
                0x00000000080042c0       0x14 ./Drivers/STM32F4xx_HAL_Driver/Src/stm32f4xx_hal_tim_ex.o
                0x00000000080042c0                HAL_TIMEx_BreakCallback
 .text.HAL_UART_Init
                0x00000000080042d4       0x9a ./Drivers/STM32F4xx_HAL_Driver/Src/stm32f4xx_hal_uart.o
                0x00000000080042d4                HAL_UART_Init
 .text.HAL_UART_Transmit
                0x000000000800436e      0x132 ./Drivers/STM32F4xx_HAL_Driver/Src/stm32f4xx_hal_uart.o
                0x000000000800436e                HAL_UART_Transmit
 .text.HAL_UART_Receive_IT
                0x00000000080044a0       0xaa ./Drivers/STM32F4xx_HAL_Driver/Src/stm32f4xx_hal_uart.o
                0x00000000080044a0                HAL_UART_Receive_IT
 *fill*         0x000000000800454a        0x2 
 .text.HAL_UART_IRQHandler
                0x000000000800454c      0x200 ./Drivers/STM32F4xx_HAL_Driver/Src/stm32f4xx_hal_uart.o
                0x000000000800454c                HAL_UART_IRQHandler
 .text.HAL_UART_TxCpltCallback
                0x000000000800474c       0x14 ./Drivers/STM32F4xx_HAL_Driver/Src/stm32f4xx_hal_uart.o
                0x000000000800474c                HAL_UART_TxCpltCallback
 .text.HAL_UART_RxCpltCallback
                0x0000000008004760       0x14 ./Drivers/STM32F4xx_HAL_Driver/Src/stm32f4xx_hal_uart.o
                0x0000000008004760                HAL_UART_RxCpltCallback
 .text.HAL_UART_ErrorCallback
                0x0000000008004774       0x14 ./Drivers/STM32F4xx_HAL_Driver/Src/stm32f4xx_hal_uart.o
                0x0000000008004774                HAL_UART_ErrorCallback
 .text.UART_WaitOnFlagUntilTimeout
                0x0000000008004788       0x94 ./Drivers/STM32F4xx_HAL_Driver/Src/stm32f4xx_hal_uart.o
 .text.UART_EndRxTransfer
                0x000000000800481c       0x3c ./Drivers/STM32F4xx_HAL_Driver/Src/stm32f4xx_hal_uart.o
 .text.UART_DMAAbortOnError
                0x0000000008004858       0x28 ./Drivers/STM32F4xx_HAL_Driver/Src/stm32f4xx_hal_uart.o
 .text.UART_Transmit_IT
                0x0000000008004880       0xac ./Drivers/STM32F4xx_HAL_Driver/Src/stm32f4xx_hal_uart.o
 .text.UART_EndTransmit_IT
                0x000000000800492c       0x30 ./Drivers/STM32F4xx_HAL_Driver/Src/stm32f4xx_hal_uart.o
 .text.UART_Receive_IT
                0x000000000800495c      0x102 ./Drivers/STM32F4xx_HAL_Driver/Src/stm32f4xx_hal_uart.o
 *fill*         0x0000000008004a5e        0x2 
 .text.UART_SetConfig
                0x0000000008004a60      0x99c ./Drivers/STM32F4xx_HAL_Driver/Src/stm32f4xx_hal_uart.o
 .text.atoi     0x00000000080053fc        0x8 c:/st/stm32cubeide_1.6.1/stm32cubeide/plugins/com.st.stm32cube.ide.mcu.externaltools.gnu-tools-for-stm32.10.3-2021.10.win32_1.0.0.202111181127/tools/bin/../lib/gcc/arm-none-eabi/10.3.1/../../../../arm-none-eabi/lib/thumb/v7e-m+fp/hard\libc_nano.a(lib_a-atoi.o)
                0x00000000080053fc                atoi
 .text.__errno  0x0000000008005404        0xc c:/st/stm32cubeide_1.6.1/stm32cubeide/plugins/com.st.stm32cube.ide.mcu.externaltools.gnu-tools-for-stm32.10.3-2021.10.win32_1.0.0.202111181127/tools/bin/../lib/gcc/arm-none-eabi/10.3.1/../../../../arm-none-eabi/lib/thumb/v7e-m+fp/hard\libc_nano.a(lib_a-errno.o)
                0x0000000008005404                __errno
 .text.__sflush_r
                0x0000000008005410      0x10c c:/st/stm32cubeide_1.6.1/stm32cubeide/plugins/com.st.stm32cube.ide.mcu.externaltools.gnu-tools-for-stm32.10.3-2021.10.win32_1.0.0.202111181127/tools/bin/../lib/gcc/arm-none-eabi/10.3.1/../../../../arm-none-eabi/lib/thumb/v7e-m+fp/hard\libc_nano.a(lib_a-fflush.o)
                0x0000000008005410                __sflush_r
 .text._fflush_r
                0x000000000800551c       0x78 c:/st/stm32cubeide_1.6.1/stm32cubeide/plugins/com.st.stm32cube.ide.mcu.externaltools.gnu-tools-for-stm32.10.3-2021.10.win32_1.0.0.202111181127/tools/bin/../lib/gcc/arm-none-eabi/10.3.1/../../../../arm-none-eabi/lib/thumb/v7e-m+fp/hard\libc_nano.a(lib_a-fflush.o)
                0x000000000800551c                _fflush_r
 .text.fflush   0x0000000008005594       0x24 c:/st/stm32cubeide_1.6.1/stm32cubeide/plugins/com.st.stm32cube.ide.mcu.externaltools.gnu-tools-for-stm32.10.3-2021.10.win32_1.0.0.202111181127/tools/bin/../lib/gcc/arm-none-eabi/10.3.1/../../../../arm-none-eabi/lib/thumb/v7e-m+fp/hard\libc_nano.a(lib_a-fflush.o)
                0x0000000008005594                fflush
 .text.std      0x00000000080055b8       0x48 c:/st/stm32cubeide_1.6.1/stm32cubeide/plugins/com.st.stm32cube.ide.mcu.externaltools.gnu-tools-for-stm32.10.3-2021.10.win32_1.0.0.202111181127/tools/bin/../lib/gcc/arm-none-eabi/10.3.1/../../../../arm-none-eabi/lib/thumb/v7e-m+fp/hard\libc_nano.a(lib_a-findfp.o)
 .text._cleanup_r
                0x0000000008005600        0xc c:/st/stm32cubeide_1.6.1/stm32cubeide/plugins/com.st.stm32cube.ide.mcu.externaltools.gnu-tools-for-stm32.10.3-2021.10.win32_1.0.0.202111181127/tools/bin/../lib/gcc/arm-none-eabi/10.3.1/../../../../arm-none-eabi/lib/thumb/v7e-m+fp/hard\libc_nano.a(lib_a-findfp.o)
                0x0000000008005600                _cleanup_r
 .text.__sfmoreglue
                0x000000000800560c       0x2c c:/st/stm32cubeide_1.6.1/stm32cubeide/plugins/com.st.stm32cube.ide.mcu.externaltools.gnu-tools-for-stm32.10.3-2021.10.win32_1.0.0.202111181127/tools/bin/../lib/gcc/arm-none-eabi/10.3.1/../../../../arm-none-eabi/lib/thumb/v7e-m+fp/hard\libc_nano.a(lib_a-findfp.o)
                0x000000000800560c                __sfmoreglue
 .text.__sfp_lock_acquire
                0x0000000008005638        0xc c:/st/stm32cubeide_1.6.1/stm32cubeide/plugins/com.st.stm32cube.ide.mcu.externaltools.gnu-tools-for-stm32.10.3-2021.10.win32_1.0.0.202111181127/tools/bin/../lib/gcc/arm-none-eabi/10.3.1/../../../../arm-none-eabi/lib/thumb/v7e-m+fp/hard\libc_nano.a(lib_a-findfp.o)
                0x0000000008005638                __sfp_lock_acquire
 .text.__sfp_lock_release
                0x0000000008005644        0xc c:/st/stm32cubeide_1.6.1/stm32cubeide/plugins/com.st.stm32cube.ide.mcu.externaltools.gnu-tools-for-stm32.10.3-2021.10.win32_1.0.0.202111181127/tools/bin/../lib/gcc/arm-none-eabi/10.3.1/../../../../arm-none-eabi/lib/thumb/v7e-m+fp/hard\libc_nano.a(lib_a-findfp.o)
                0x0000000008005644                __sfp_lock_release
 .text.__sinit_lock_acquire
                0x0000000008005650        0xc c:/st/stm32cubeide_1.6.1/stm32cubeide/plugins/com.st.stm32cube.ide.mcu.externaltools.gnu-tools-for-stm32.10.3-2021.10.win32_1.0.0.202111181127/tools/bin/../lib/gcc/arm-none-eabi/10.3.1/../../../../arm-none-eabi/lib/thumb/v7e-m+fp/hard\libc_nano.a(lib_a-findfp.o)
                0x0000000008005650                __sinit_lock_acquire
 .text.__sinit_lock_release
                0x000000000800565c        0xc c:/st/stm32cubeide_1.6.1/stm32cubeide/plugins/com.st.stm32cube.ide.mcu.externaltools.gnu-tools-for-stm32.10.3-2021.10.win32_1.0.0.202111181127/tools/bin/../lib/gcc/arm-none-eabi/10.3.1/../../../../arm-none-eabi/lib/thumb/v7e-m+fp/hard\libc_nano.a(lib_a-findfp.o)
                0x000000000800565c                __sinit_lock_release
 .text.__sinit  0x0000000008005668       0x70 c:/st/stm32cubeide_1.6.1/stm32cubeide/plugins/com.st.stm32cube.ide.mcu.externaltools.gnu-tools-for-stm32.10.3-2021.10.win32_1.0.0.202111181127/tools/bin/../lib/gcc/arm-none-eabi/10.3.1/../../../../arm-none-eabi/lib/thumb/v7e-m+fp/hard\libc_nano.a(lib_a-findfp.o)
                0x0000000008005668                __sinit
 .text.__sfp    0x00000000080056d8       0x8c c:/st/stm32cubeide_1.6.1/stm32cubeide/plugins/com.st.stm32cube.ide.mcu.externaltools.gnu-tools-for-stm32.10.3-2021.10.win32_1.0.0.202111181127/tools/bin/../lib/gcc/arm-none-eabi/10.3.1/../../../../arm-none-eabi/lib/thumb/v7e-m+fp/hard\libc_nano.a(lib_a-findfp.o)
                0x00000000080056d8                __sfp
 .text._fwalk_reent
                0x0000000008005764       0x3e c:/st/stm32cubeide_1.6.1/stm32cubeide/plugins/com.st.stm32cube.ide.mcu.externaltools.gnu-tools-for-stm32.10.3-2021.10.win32_1.0.0.202111181127/tools/bin/../lib/gcc/arm-none-eabi/10.3.1/../../../../arm-none-eabi/lib/thumb/v7e-m+fp/hard\libc_nano.a(lib_a-fwalk.o)
                0x0000000008005764                _fwalk_reent
 *fill*         0x00000000080057a2        0x2 
 .text.__libc_init_array
                0x00000000080057a4       0x48 c:/st/stm32cubeide_1.6.1/stm32cubeide/plugins/com.st.stm32cube.ide.mcu.externaltools.gnu-tools-for-stm32.10.3-2021.10.win32_1.0.0.202111181127/tools/bin/../lib/gcc/arm-none-eabi/10.3.1/../../../../arm-none-eabi/lib/thumb/v7e-m+fp/hard\libc_nano.a(lib_a-init.o)
                0x00000000080057a4                __libc_init_array
 .text.__retarget_lock_init_recursive
                0x00000000080057ec        0x2 c:/st/stm32cubeide_1.6.1/stm32cubeide/plugins/com.st.stm32cube.ide.mcu.externaltools.gnu-tools-for-stm32.10.3-2021.10.win32_1.0.0.202111181127/tools/bin/../lib/gcc/arm-none-eabi/10.3.1/../../../../arm-none-eabi/lib/thumb/v7e-m+fp/hard\libc_nano.a(lib_a-lock.o)
                0x00000000080057ec                __retarget_lock_init_recursive
 .text.__retarget_lock_acquire_recursive
                0x00000000080057ee        0x2 c:/st/stm32cubeide_1.6.1/stm32cubeide/plugins/com.st.stm32cube.ide.mcu.externaltools.gnu-tools-for-stm32.10.3-2021.10.win32_1.0.0.202111181127/tools/bin/../lib/gcc/arm-none-eabi/10.3.1/../../../../arm-none-eabi/lib/thumb/v7e-m+fp/hard\libc_nano.a(lib_a-lock.o)
                0x00000000080057ee                __retarget_lock_acquire_recursive
 .text.__retarget_lock_release_recursive
                0x00000000080057f0        0x2 c:/st/stm32cubeide_1.6.1/stm32cubeide/plugins/com.st.stm32cube.ide.mcu.externaltools.gnu-tools-for-stm32.10.3-2021.10.win32_1.0.0.202111181127/tools/bin/../lib/gcc/arm-none-eabi/10.3.1/../../../../arm-none-eabi/lib/thumb/v7e-m+fp/hard\libc_nano.a(lib_a-lock.o)
                0x00000000080057f0                __retarget_lock_release_recursive
 .text.memcpy   0x00000000080057f2       0x1c c:/st/stm32cubeide_1.6.1/stm32cubeide/plugins/com.st.stm32cube.ide.mcu.externaltools.gnu-tools-for-stm32.10.3-2021.10.win32_1.0.0.202111181127/tools/bin/../lib/gcc/arm-none-eabi/10.3.1/../../../../arm-none-eabi/lib/thumb/v7e-m+fp/hard\libc_nano.a(lib_a-memcpy-stub.o)
                0x00000000080057f2                memcpy
 .text.memset   0x000000000800580e       0x10 c:/st/stm32cubeide_1.6.1/stm32cubeide/plugins/com.st.stm32cube.ide.mcu.externaltools.gnu-tools-for-stm32.10.3-2021.10.win32_1.0.0.202111181127/tools/bin/../lib/gcc/arm-none-eabi/10.3.1/../../../../arm-none-eabi/lib/thumb/v7e-m+fp/hard\libc_nano.a(lib_a-memset.o)
                0x000000000800580e                memset
 *fill*         0x000000000800581e        0x2 
 .text._free_r  0x0000000008005820       0x98 c:/st/stm32cubeide_1.6.1/stm32cubeide/plugins/com.st.stm32cube.ide.mcu.externaltools.gnu-tools-for-stm32.10.3-2021.10.win32_1.0.0.202111181127/tools/bin/../lib/gcc/arm-none-eabi/10.3.1/../../../../arm-none-eabi/lib/thumb/v7e-m+fp/hard\libc_nano.a(lib_a-nano-freer.o)
                0x0000000008005820                _free_r
 .text.sbrk_aligned
                0x00000000080058b8       0x40 c:/st/stm32cubeide_1.6.1/stm32cubeide/plugins/com.st.stm32cube.ide.mcu.externaltools.gnu-tools-for-stm32.10.3-2021.10.win32_1.0.0.202111181127/tools/bin/../lib/gcc/arm-none-eabi/10.3.1/../../../../arm-none-eabi/lib/thumb/v7e-m+fp/hard\libc_nano.a(lib_a-nano-mallocr.o)
 .text._malloc_r
                0x00000000080058f8       0xe8 c:/st/stm32cubeide_1.6.1/stm32cubeide/plugins/com.st.stm32cube.ide.mcu.externaltools.gnu-tools-for-stm32.10.3-2021.10.win32_1.0.0.202111181127/tools/bin/../lib/gcc/arm-none-eabi/10.3.1/../../../../arm-none-eabi/lib/thumb/v7e-m+fp/hard\libc_nano.a(lib_a-nano-mallocr.o)
                0x00000000080058f8                _malloc_r
 .text.printf   0x00000000080059e0       0x30 c:/st/stm32cubeide_1.6.1/stm32cubeide/plugins/com.st.stm32cube.ide.mcu.externaltools.gnu-tools-for-stm32.10.3-2021.10.win32_1.0.0.202111181127/tools/bin/../lib/gcc/arm-none-eabi/10.3.1/../../../../arm-none-eabi/lib/thumb/v7e-m+fp/hard\libc_nano.a(lib_a-printf.o)
                0x00000000080059e0                iprintf
                0x00000000080059e0                printf
 .text._sbrk_r  0x0000000008005a10       0x20 c:/st/stm32cubeide_1.6.1/stm32cubeide/plugins/com.st.stm32cube.ide.mcu.externaltools.gnu-tools-for-stm32.10.3-2021.10.win32_1.0.0.202111181127/tools/bin/../lib/gcc/arm-none-eabi/10.3.1/../../../../arm-none-eabi/lib/thumb/v7e-m+fp/hard\libc_nano.a(lib_a-sbrkr.o)
                0x0000000008005a10                _sbrk_r
 .text.__sread  0x0000000008005a30       0x22 c:/st/stm32cubeide_1.6.1/stm32cubeide/plugins/com.st.stm32cube.ide.mcu.externaltools.gnu-tools-for-stm32.10.3-2021.10.win32_1.0.0.202111181127/tools/bin/../lib/gcc/arm-none-eabi/10.3.1/../../../../arm-none-eabi/lib/thumb/v7e-m+fp/hard\libc_nano.a(lib_a-stdio.o)
                0x0000000008005a30                __sread
 .text.__swrite
                0x0000000008005a52       0x38 c:/st/stm32cubeide_1.6.1/stm32cubeide/plugins/com.st.stm32cube.ide.mcu.externaltools.gnu-tools-for-stm32.10.3-2021.10.win32_1.0.0.202111181127/tools/bin/../lib/gcc/arm-none-eabi/10.3.1/../../../../arm-none-eabi/lib/thumb/v7e-m+fp/hard\libc_nano.a(lib_a-stdio.o)
                0x0000000008005a52                __swrite
 .text.__sseek  0x0000000008005a8a       0x24 c:/st/stm32cubeide_1.6.1/stm32cubeide/plugins/com.st.stm32cube.ide.mcu.externaltools.gnu-tools-for-stm32.10.3-2021.10.win32_1.0.0.202111181127/tools/bin/../lib/gcc/arm-none-eabi/10.3.1/../../../../arm-none-eabi/lib/thumb/v7e-m+fp/hard\libc_nano.a(lib_a-stdio.o)
                0x0000000008005a8a                __sseek
 .text.__sclose
                0x0000000008005aae        0x8 c:/st/stm32cubeide_1.6.1/stm32cubeide/plugins/com.st.stm32cube.ide.mcu.externaltools.gnu-tools-for-stm32.10.3-2021.10.win32_1.0.0.202111181127/tools/bin/../lib/gcc/arm-none-eabi/10.3.1/../../../../arm-none-eabi/lib/thumb/v7e-m+fp/hard\libc_nano.a(lib_a-stdio.o)
                0x0000000008005aae                __sclose
 .text.strncmp  0x0000000008005ab6       0x28 c:/st/stm32cubeide_1.6.1/stm32cubeide/plugins/com.st.stm32cube.ide.mcu.externaltools.gnu-tools-for-stm32.10.3-2021.10.win32_1.0.0.202111181127/tools/bin/../lib/gcc/arm-none-eabi/10.3.1/../../../../arm-none-eabi/lib/thumb/v7e-m+fp/hard\libc_nano.a(lib_a-strncmp.o)
                0x0000000008005ab6                strncmp
 .text.strncpy  0x0000000008005ade       0x26 c:/st/stm32cubeide_1.6.1/stm32cubeide/plugins/com.st.stm32cube.ide.mcu.externaltools.gnu-tools-for-stm32.10.3-2021.10.win32_1.0.0.202111181127/tools/bin/../lib/gcc/arm-none-eabi/10.3.1/../../../../arm-none-eabi/lib/thumb/v7e-m+fp/hard\libc_nano.a(lib_a-strncpy.o)
                0x0000000008005ade                strncpy
 .text.strtok   0x0000000008005b04       0x68 c:/st/stm32cubeide_1.6.1/stm32cubeide/plugins/com.st.stm32cube.ide.mcu.externaltools.gnu-tools-for-stm32.10.3-2021.10.win32_1.0.0.202111181127/tools/bin/../lib/gcc/arm-none-eabi/10.3.1/../../../../arm-none-eabi/lib/thumb/v7e-m+fp/hard\libc_nano.a(lib_a-strtok.o)
                0x0000000008005b04                strtok
 .text.__strtok_r
                0x0000000008005b6c       0x50 c:/st/stm32cubeide_1.6.1/stm32cubeide/plugins/com.st.stm32cube.ide.mcu.externaltools.gnu-tools-for-stm32.10.3-2021.10.win32_1.0.0.202111181127/tools/bin/../lib/gcc/arm-none-eabi/10.3.1/../../../../arm-none-eabi/lib/thumb/v7e-m+fp/hard\libc_nano.a(lib_a-strtok_r.o)
                0x0000000008005b6c                __strtok_r
 .text._strtol_l.constprop.0
                0x0000000008005bbc      0x104 c:/st/stm32cubeide_1.6.1/stm32cubeide/plugins/com.st.stm32cube.ide.mcu.externaltools.gnu-tools-for-stm32.10.3-2021.10.win32_1.0.0.202111181127/tools/bin/../lib/gcc/arm-none-eabi/10.3.1/../../../../arm-none-eabi/lib/thumb/v7e-m+fp/hard\libc_nano.a(lib_a-strtol.o)
 .text.strtol   0x0000000008005cc0       0x14 c:/st/stm32cubeide_1.6.1/stm32cubeide/plugins/com.st.stm32cube.ide.mcu.externaltools.gnu-tools-for-stm32.10.3-2021.10.win32_1.0.0.202111181127/tools/bin/../lib/gcc/arm-none-eabi/10.3.1/../../../../arm-none-eabi/lib/thumb/v7e-m+fp/hard\libc_nano.a(lib_a-strtol.o)
                0x0000000008005cc0                strtol
 .text._write_r
                0x0000000008005cd4       0x24 c:/st/stm32cubeide_1.6.1/stm32cubeide/plugins/com.st.stm32cube.ide.mcu.externaltools.gnu-tools-for-stm32.10.3-2021.10.win32_1.0.0.202111181127/tools/bin/../lib/gcc/arm-none-eabi/10.3.1/../../../../arm-none-eabi/lib/thumb/v7e-m+fp/hard\libc_nano.a(lib_a-writer.o)
                0x0000000008005cd4                _write_r
 .text.__assert_func
                0x0000000008005cf8       0x3c c:/st/stm32cubeide_1.6.1/stm32cubeide/plugins/com.st.stm32cube.ide.mcu.externaltools.gnu-tools-for-stm32.10.3-2021.10.win32_1.0.0.202111181127/tools/bin/../lib/gcc/arm-none-eabi/10.3.1/../../../../arm-none-eabi/lib/thumb/v7e-m+fp/hard\libc_nano.a(lib_a-assert.o)
                0x0000000008005cf8                __assert_func
 .text._close_r
                0x0000000008005d34       0x20 c:/st/stm32cubeide_1.6.1/stm32cubeide/plugins/com.st.stm32cube.ide.mcu.externaltools.gnu-tools-for-stm32.10.3-2021.10.win32_1.0.0.202111181127/tools/bin/../lib/gcc/arm-none-eabi/10.3.1/../../../../arm-none-eabi/lib/thumb/v7e-m+fp/hard\libc_nano.a(lib_a-closer.o)
                0x0000000008005d34                _close_r
 .text.fprintf  0x0000000008005d54       0x24 c:/st/stm32cubeide_1.6.1/stm32cubeide/plugins/com.st.stm32cube.ide.mcu.externaltools.gnu-tools-for-stm32.10.3-2021.10.win32_1.0.0.202111181127/tools/bin/../lib/gcc/arm-none-eabi/10.3.1/../../../../arm-none-eabi/lib/thumb/v7e-m+fp/hard\libc_nano.a(lib_a-fprintf.o)
                0x0000000008005d54                fiprintf
                0x0000000008005d54                fprintf
 .text._lseek_r
                0x0000000008005d78       0x24 c:/st/stm32cubeide_1.6.1/stm32cubeide/plugins/com.st.stm32cube.ide.mcu.externaltools.gnu-tools-for-stm32.10.3-2021.10.win32_1.0.0.202111181127/tools/bin/../lib/gcc/arm-none-eabi/10.3.1/../../../../arm-none-eabi/lib/thumb/v7e-m+fp/hard\libc_nano.a(lib_a-lseekr.o)
                0x0000000008005d78                _lseek_r
 .text.malloc   0x0000000008005d9c       0x10 c:/st/stm32cubeide_1.6.1/stm32cubeide/plugins/com.st.stm32cube.ide.mcu.externaltools.gnu-tools-for-stm32.10.3-2021.10.win32_1.0.0.202111181127/tools/bin/../lib/gcc/arm-none-eabi/10.3.1/../../../../arm-none-eabi/lib/thumb/v7e-m+fp/hard\libc_nano.a(lib_a-malloc.o)
                0x0000000008005d9c                malloc
 .text.__malloc_lock
                0x0000000008005dac        0xc c:/st/stm32cubeide_1.6.1/stm32cubeide/plugins/com.st.stm32cube.ide.mcu.externaltools.gnu-tools-for-stm32.10.3-2021.10.win32_1.0.0.202111181127/tools/bin/../lib/gcc/arm-none-eabi/10.3.1/../../../../arm-none-eabi/lib/thumb/v7e-m+fp/hard\libc_nano.a(lib_a-mlock.o)
                0x0000000008005dac                __malloc_lock
 .text.__malloc_unlock
                0x0000000008005db8        0xc c:/st/stm32cubeide_1.6.1/stm32cubeide/plugins/com.st.stm32cube.ide.mcu.externaltools.gnu-tools-for-stm32.10.3-2021.10.win32_1.0.0.202111181127/tools/bin/../lib/gcc/arm-none-eabi/10.3.1/../../../../arm-none-eabi/lib/thumb/v7e-m+fp/hard\libc_nano.a(lib_a-mlock.o)
                0x0000000008005db8                __malloc_unlock
 .text.__sfputc_r
                0x0000000008005dc4       0x2e c:/st/stm32cubeide_1.6.1/stm32cubeide/plugins/com.st.stm32cube.ide.mcu.externaltools.gnu-tools-for-stm32.10.3-2021.10.win32_1.0.0.202111181127/tools/bin/../lib/gcc/arm-none-eabi/10.3.1/../../../../arm-none-eabi/lib/thumb/v7e-m+fp/hard\libc_nano.a(lib_a-nano-vfprintf.o)
 .text.__sfputs_r
                0x0000000008005df2       0x24 c:/st/stm32cubeide_1.6.1/stm32cubeide/plugins/com.st.stm32cube.ide.mcu.externaltools.gnu-tools-for-stm32.10.3-2021.10.win32_1.0.0.202111181127/tools/bin/../lib/gcc/arm-none-eabi/10.3.1/../../../../arm-none-eabi/lib/thumb/v7e-m+fp/hard\libc_nano.a(lib_a-nano-vfprintf.o)
                0x0000000008005df2                __sfputs_r
 *fill*         0x0000000008005e16        0x2 
 .text._vfprintf_r
                0x0000000008005e18      0x260 c:/st/stm32cubeide_1.6.1/stm32cubeide/plugins/com.st.stm32cube.ide.mcu.externaltools.gnu-tools-for-stm32.10.3-2021.10.win32_1.0.0.202111181127/tools/bin/../lib/gcc/arm-none-eabi/10.3.1/../../../../arm-none-eabi/lib/thumb/v7e-m+fp/hard\libc_nano.a(lib_a-nano-vfprintf.o)
                0x0000000008005e18                _vfprintf_r
                0x0000000008005e18                _vfiprintf_r
 .text._printf_common
                0x0000000008006078       0xda c:/st/stm32cubeide_1.6.1/stm32cubeide/plugins/com.st.stm32cube.ide.mcu.externaltools.gnu-tools-for-stm32.10.3-2021.10.win32_1.0.0.202111181127/tools/bin/../lib/gcc/arm-none-eabi/10.3.1/../../../../arm-none-eabi/lib/thumb/v7e-m+fp/hard\libc_nano.a(lib_a-nano-vfprintf_i.o)
                0x0000000008006078                _printf_common
 *fill*         0x0000000008006152        0x2 
 .text._printf_i
                0x0000000008006154      0x24c c:/st/stm32cubeide_1.6.1/stm32cubeide/plugins/com.st.stm32cube.ide.mcu.externaltools.gnu-tools-for-stm32.10.3-2021.10.win32_1.0.0.202111181127/tools/bin/../lib/gcc/arm-none-eabi/10.3.1/../../../../arm-none-eabi/lib/thumb/v7e-m+fp/hard\libc_nano.a(lib_a-nano-vfprintf_i.o)
                0x0000000008006154                _printf_i
 .text._read_r  0x00000000080063a0       0x24 c:/st/stm32cubeide_1.6.1/stm32cubeide/plugins/com.st.stm32cube.ide.mcu.externaltools.gnu-tools-for-stm32.10.3-2021.10.win32_1.0.0.202111181127/tools/bin/../lib/gcc/arm-none-eabi/10.3.1/../../../../arm-none-eabi/lib/thumb/v7e-m+fp/hard\libc_nano.a(lib_a-readr.o)
                0x00000000080063a0                _read_r
 .text.__swbuf_r
                0x00000000080063c4       0xa4 c:/st/stm32cubeide_1.6.1/stm32cubeide/plugins/com.st.stm32cube.ide.mcu.externaltools.gnu-tools-for-stm32.10.3-2021.10.win32_1.0.0.202111181127/tools/bin/../lib/gcc/arm-none-eabi/10.3.1/../../../../arm-none-eabi/lib/thumb/v7e-m+fp/hard\libc_nano.a(lib_a-wbuf.o)
                0x00000000080063c4                __swbuf_r
 .text.__swsetup_r
                0x0000000008006468       0xdc c:/st/stm32cubeide_1.6.1/stm32cubeide/plugins/com.st.stm32cube.ide.mcu.externaltools.gnu-tools-for-stm32.10.3-2021.10.win32_1.0.0.202111181127/tools/bin/../lib/gcc/arm-none-eabi/10.3.1/../../../../arm-none-eabi/lib/thumb/v7e-m+fp/hard\libc_nano.a(lib_a-wsetup.o)
                0x0000000008006468                __swsetup_r
 .text.abort    0x0000000008006544        0xe c:/st/stm32cubeide_1.6.1/stm32cubeide/plugins/com.st.stm32cube.ide.mcu.externaltools.gnu-tools-for-stm32.10.3-2021.10.win32_1.0.0.202111181127/tools/bin/../lib/gcc/arm-none-eabi/10.3.1/../../../../arm-none-eabi/lib/thumb/v7e-m+fp/hard\libc_nano.a(lib_a-abort.o)
                0x0000000008006544                abort
 .text.__swhatbuf_r
                0x0000000008006552       0x4a c:/st/stm32cubeide_1.6.1/stm32cubeide/plugins/com.st.stm32cube.ide.mcu.externaltools.gnu-tools-for-stm32.10.3-2021.10.win32_1.0.0.202111181127/tools/bin/../lib/gcc/arm-none-eabi/10.3.1/../../../../arm-none-eabi/lib/thumb/v7e-m+fp/hard\libc_nano.a(lib_a-makebuf.o)
                0x0000000008006552                __swhatbuf_r
 .text.__smakebuf_r
                0x000000000800659c       0x80 c:/st/stm32cubeide_1.6.1/stm32cubeide/plugins/com.st.stm32cube.ide.mcu.externaltools.gnu-tools-for-stm32.10.3-2021.10.win32_1.0.0.202111181127/tools/bin/../lib/gcc/arm-none-eabi/10.3.1/../../../../arm-none-eabi/lib/thumb/v7e-m+fp/hard\libc_nano.a(lib_a-makebuf.o)
                0x000000000800659c                __smakebuf_r
 .text._raise_r
                0x000000000800661c       0x50 c:/st/stm32cubeide_1.6.1/stm32cubeide/plugins/com.st.stm32cube.ide.mcu.externaltools.gnu-tools-for-stm32.10.3-2021.10.win32_1.0.0.202111181127/tools/bin/../lib/gcc/arm-none-eabi/10.3.1/../../../../arm-none-eabi/lib/thumb/v7e-m+fp/hard\libc_nano.a(lib_a-signal.o)
                0x000000000800661c                _raise_r
 .text.raise    0x000000000800666c       0x10 c:/st/stm32cubeide_1.6.1/stm32cubeide/plugins/com.st.stm32cube.ide.mcu.externaltools.gnu-tools-for-stm32.10.3-2021.10.win32_1.0.0.202111181127/tools/bin/../lib/gcc/arm-none-eabi/10.3.1/../../../../arm-none-eabi/lib/thumb/v7e-m+fp/hard\libc_nano.a(lib_a-signal.o)
                0x000000000800666c                raise
 .text._kill_r  0x000000000800667c       0x24 c:/st/stm32cubeide_1.6.1/stm32cubeide/plugins/com.st.stm32cube.ide.mcu.externaltools.gnu-tools-for-stm32.10.3-2021.10.win32_1.0.0.202111181127/tools/bin/../lib/gcc/arm-none-eabi/10.3.1/../../../../arm-none-eabi/lib/thumb/v7e-m+fp/hard\libc_nano.a(lib_a-signalr.o)
                0x000000000800667c                _kill_r
 .text._getpid_r
                0x00000000080066a0        0x4 c:/st/stm32cubeide_1.6.1/stm32cubeide/plugins/com.st.stm32cube.ide.mcu.externaltools.gnu-tools-for-stm32.10.3-2021.10.win32_1.0.0.202111181127/tools/bin/../lib/gcc/arm-none-eabi/10.3.1/../../../../arm-none-eabi/lib/thumb/v7e-m+fp/hard\libc_nano.a(lib_a-signalr.o)
                0x00000000080066a0                _getpid_r
 .text._fstat_r
                0x00000000080066a4       0x24 c:/st/stm32cubeide_1.6.1/stm32cubeide/plugins/com.st.stm32cube.ide.mcu.externaltools.gnu-tools-for-stm32.10.3-2021.10.win32_1.0.0.202111181127/tools/bin/../lib/gcc/arm-none-eabi/10.3.1/../../../../arm-none-eabi/lib/thumb/v7e-m+fp/hard\libc_nano.a(lib_a-fstatr.o)
                0x00000000080066a4                _fstat_r
 .text._isatty_r
                0x00000000080066c8       0x20 c:/st/stm32cubeide_1.6.1/stm32cubeide/plugins/com.st.stm32cube.ide.mcu.externaltools.gnu-tools-for-stm32.10.3-2021.10.win32_1.0.0.202111181127/tools/bin/../lib/gcc/arm-none-eabi/10.3.1/../../../../arm-none-eabi/lib/thumb/v7e-m+fp/hard\libc_nano.a(lib_a-isattyr.o)
                0x00000000080066c8                _isatty_r
 *(.glue_7)
 .glue_7        0x00000000080066e8        0x0 linker stubs
 *(.glue_7t)
 .glue_7t       0x00000000080066e8        0x0 linker stubs
 *(.eh_frame)
 .eh_frame      0x00000000080066e8        0x0 c:/st/stm32cubeide_1.6.1/stm32cubeide/plugins/com.st.stm32cube.ide.mcu.externaltools.gnu-tools-for-stm32.10.3-2021.10.win32_1.0.0.202111181127/tools/bin/../lib/gcc/arm-none-eabi/10.3.1/thumb/v7e-m+fp/hard/crtbegin.o
 *(.init)
 .init          0x00000000080066e8        0x4 c:/st/stm32cubeide_1.6.1/stm32cubeide/plugins/com.st.stm32cube.ide.mcu.externaltools.gnu-tools-for-stm32.10.3-2021.10.win32_1.0.0.202111181127/tools/bin/../lib/gcc/arm-none-eabi/10.3.1/thumb/v7e-m+fp/hard/crti.o
                0x00000000080066e8                _init
 .init          0x00000000080066ec        0x8 c:/st/stm32cubeide_1.6.1/stm32cubeide/plugins/com.st.stm32cube.ide.mcu.externaltools.gnu-tools-for-stm32.10.3-2021.10.win32_1.0.0.202111181127/tools/bin/../lib/gcc/arm-none-eabi/10.3.1/thumb/v7e-m+fp/hard/crtn.o
 *(.fini)
 .fini          0x00000000080066f4        0x4 c:/st/stm32cubeide_1.6.1/stm32cubeide/plugins/com.st.stm32cube.ide.mcu.externaltools.gnu-tools-for-stm32.10.3-2021.10.win32_1.0.0.202111181127/tools/bin/../lib/gcc/arm-none-eabi/10.3.1/thumb/v7e-m+fp/hard/crti.o
                0x00000000080066f4                _fini
 .fini          0x00000000080066f8        0x8 c:/st/stm32cubeide_1.6.1/stm32cubeide/plugins/com.st.stm32cube.ide.mcu.externaltools.gnu-tools-for-stm32.10.3-2021.10.win32_1.0.0.202111181127/tools/bin/../lib/gcc/arm-none-eabi/10.3.1/thumb/v7e-m+fp/hard/crtn.o
                0x0000000008006700                . = ALIGN (0x4)
                0x0000000008006700                _etext = .

.vfp11_veneer   0x0000000008006700        0x0
 .vfp11_veneer  0x0000000008006700        0x0 linker stubs

.v4_bx          0x0000000008006700        0x0
 .v4_bx         0x0000000008006700        0x0 linker stubs

.iplt           0x0000000008006700        0x0
 .iplt          0x0000000008006700        0x0 c:/st/stm32cubeide_1.6.1/stm32cubeide/plugins/com.st.stm32cube.ide.mcu.externaltools.gnu-tools-for-stm32.10.3-2021.10.win32_1.0.0.202111181127/tools/bin/../lib/gcc/arm-none-eabi/10.3.1/thumb/v7e-m+fp/hard/crtbegin.o

.rodata         0x0000000008006700     0x1a0c
                0x0000000008006700                . = ALIGN (0x4)
 *(.rodata)
 .rodata        0x0000000008006700       0x90 ./Core/Src/LL_API_G2.o
 *(.rodata*)
 .rodata.Arial_32_32
                0x0000000008006790       0x80 ./Core/Src/IO_API_G2.o
                0x0000000008006790                Arial_32_32
 .rodata.Arial_32_33
                0x0000000008006810        0xc ./Core/Src/IO_API_G2.o
                0x0000000008006810                Arial_32_33
 .rodata.Arial_32_34
                0x000000000800681c       0x24 ./Core/Src/IO_API_G2.o
                0x000000000800681c                Arial_32_34
 .rodata.Arial_32_35
                0x0000000008006840       0x44 ./Core/Src/IO_API_G2.o
                0x0000000008006840                Arial_32_35
 .rodata.Arial_32_36
                0x0000000008006884       0x40 ./Core/Src/IO_API_G2.o
                0x0000000008006884                Arial_32_36
 .rodata.Arial_32_37
                0x00000000080068c4       0x6c ./Core/Src/IO_API_G2.o
                0x00000000080068c4                Arial_32_37
 .rodata.Arial_32_38
                0x0000000008006930       0x50 ./Core/Src/IO_API_G2.o
                0x0000000008006930                Arial_32_38
 .rodata.Arial_32_39
                0x0000000008006980        0xc ./Core/Src/IO_API_G2.o
                0x0000000008006980                Arial_32_39
 .rodata.Arial_32_40
                0x000000000800698c       0x20 ./Core/Src/IO_API_G2.o
                0x000000000800698c                Arial_32_40
 .rodata.Arial_32_41
                0x00000000080069ac       0x20 ./Core/Src/IO_API_G2.o
                0x00000000080069ac                Arial_32_41
 .rodata.Arial_32_42
                0x00000000080069cc       0x34 ./Core/Src/IO_API_G2.o
                0x00000000080069cc                Arial_32_42
 .rodata.Arial_32_43
                0x0000000008006a00       0x44 ./Core/Src/IO_API_G2.o
                0x0000000008006a00                Arial_32_43
 .rodata.Arial_32_44
                0x0000000008006a44        0xc ./Core/Src/IO_API_G2.o
                0x0000000008006a44                Arial_32_44
 .rodata.Arial_32_45
                0x0000000008006a50       0x28 ./Core/Src/IO_API_G2.o
                0x0000000008006a50                Arial_32_45
 .rodata.Arial_32_46
                0x0000000008006a78        0xc ./Core/Src/IO_API_G2.o
                0x0000000008006a78                Arial_32_46
 .rodata.Arial_32_47
                0x0000000008006a84       0x28 ./Core/Src/IO_API_G2.o
                0x0000000008006a84                Arial_32_47
 .rodata.Arial_32_48
                0x0000000008006aac       0x44 ./Core/Src/IO_API_G2.o
                0x0000000008006aac                Arial_32_48
 .rodata.Arial_32_49
                0x0000000008006af0       0x24 ./Core/Src/IO_API_G2.o
                0x0000000008006af0                Arial_32_49
 .rodata.Arial_32_50
                0x0000000008006b14       0x44 ./Core/Src/IO_API_G2.o
                0x0000000008006b14                Arial_32_50
 .rodata.Arial_32_51
                0x0000000008006b58       0x44 ./Core/Src/IO_API_G2.o
                0x0000000008006b58                Arial_32_51
 .rodata.Arial_32_52
                0x0000000008006b9c       0x44 ./Core/Src/IO_API_G2.o
                0x0000000008006b9c                Arial_32_52
 .rodata.Arial_32_53
                0x0000000008006be0       0x44 ./Core/Src/IO_API_G2.o
                0x0000000008006be0                Arial_32_53
 .rodata.Arial_32_54
                0x0000000008006c24       0x44 ./Core/Src/IO_API_G2.o
                0x0000000008006c24                Arial_32_54
 .rodata.Arial_32_55
                0x0000000008006c68       0x44 ./Core/Src/IO_API_G2.o
                0x0000000008006c68                Arial_32_55
 .rodata.Arial_32_56
                0x0000000008006cac       0x44 ./Core/Src/IO_API_G2.o
                0x0000000008006cac                Arial_32_56
 .rodata.Arial_32_57
                0x0000000008006cf0       0x44 ./Core/Src/IO_API_G2.o
                0x0000000008006cf0                Arial_32_57
 .rodata.Arial_32_58
                0x0000000008006d34        0xc ./Core/Src/IO_API_G2.o
                0x0000000008006d34                Arial_32_58
 .rodata.Arial_32_59
                0x0000000008006d40        0xc ./Core/Src/IO_API_G2.o
                0x0000000008006d40                Arial_32_59
 .rodata.Arial_32_60
                0x0000000008006d4c       0x40 ./Core/Src/IO_API_G2.o
                0x0000000008006d4c                Arial_32_60
 .rodata.Arial_32_61
                0x0000000008006d8c       0x40 ./Core/Src/IO_API_G2.o
                0x0000000008006d8c                Arial_32_61
 .rodata.Arial_32_62
                0x0000000008006dcc       0x40 ./Core/Src/IO_API_G2.o
                0x0000000008006dcc                Arial_32_62
 .rodata.Arial_32_63
                0x0000000008006e0c       0x3c ./Core/Src/IO_API_G2.o
                0x0000000008006e0c                Arial_32_63
 .rodata.Arial_32_64
                0x0000000008006e48       0x78 ./Core/Src/IO_API_G2.o
                0x0000000008006e48                Arial_32_64
 .rodata.Arial_32_65
                0x0000000008006ec0       0x58 ./Core/Src/IO_API_G2.o
                0x0000000008006ec0                Arial_32_65
 .rodata.Arial_32_66
                0x0000000008006f18       0x48 ./Core/Src/IO_API_G2.o
                0x0000000008006f18                Arial_32_66
 .rodata.Arial_32_67
                0x0000000008006f60       0x54 ./Core/Src/IO_API_G2.o
                0x0000000008006f60                Arial_32_67
 .rodata.Arial_32_68
                0x0000000008006fb4       0x50 ./Core/Src/IO_API_G2.o
                0x0000000008006fb4                Arial_32_68
 .rodata.Arial_32_69
                0x0000000008007004       0x48 ./Core/Src/IO_API_G2.o
                0x0000000008007004                Arial_32_69
 .rodata.Arial_32_70
                0x000000000800704c       0x40 ./Core/Src/IO_API_G2.o
                0x000000000800704c                Arial_32_70
 .rodata.Arial_32_71
                0x000000000800708c       0x5c ./Core/Src/IO_API_G2.o
                0x000000000800708c                Arial_32_71
 .rodata.Arial_32_72
                0x00000000080070e8       0x4c ./Core/Src/IO_API_G2.o
                0x00000000080070e8                Arial_32_72
 .rodata.Arial_32_73
                0x0000000008007134        0xc ./Core/Src/IO_API_G2.o
                0x0000000008007134                Arial_32_73
 .rodata.Arial_32_74
                0x0000000008007140       0x38 ./Core/Src/IO_API_G2.o
                0x0000000008007140                Arial_32_74
 .rodata.Arial_32_75
                0x0000000008007178       0x54 ./Core/Src/IO_API_G2.o
                0x0000000008007178                Arial_32_75
 .rodata.Arial_32_76
                0x00000000080071cc       0x3c ./Core/Src/IO_API_G2.o
                0x00000000080071cc                Arial_32_76
 .rodata.Arial_32_77
                0x0000000008007208       0x5c ./Core/Src/IO_API_G2.o
                0x0000000008007208                Arial_32_77
 .rodata.Arial_32_78
                0x0000000008007264       0x4c ./Core/Src/IO_API_G2.o
                0x0000000008007264                Arial_32_78
 .rodata.Arial_32_79
                0x00000000080072b0       0x5c ./Core/Src/IO_API_G2.o
                0x00000000080072b0                Arial_32_79
 .rodata.Arial_32_80
                0x000000000800730c       0x48 ./Core/Src/IO_API_G2.o
                0x000000000800730c                Arial_32_80
 .rodata.Arial_32_81
                0x0000000008007354       0x5c ./Core/Src/IO_API_G2.o
                0x0000000008007354                Arial_32_81
 .rodata.Arial_32_82
                0x00000000080073b0       0x50 ./Core/Src/IO_API_G2.o
                0x00000000080073b0                Arial_32_82
 .rodata.Arial_32_83
                0x0000000008007400       0x4c ./Core/Src/IO_API_G2.o
                0x0000000008007400                Arial_32_83
 .rodata.Arial_32_84
                0x000000000800744c       0x4c ./Core/Src/IO_API_G2.o
                0x000000000800744c                Arial_32_84
 .rodata.Arial_32_85
                0x0000000008007498       0x4c ./Core/Src/IO_API_G2.o
                0x0000000008007498                Arial_32_85
 .rodata.Arial_32_86
                0x00000000080074e4       0x58 ./Core/Src/IO_API_G2.o
                0x00000000080074e4                Arial_32_86
 .rodata.Arial_32_87
                0x000000000800753c       0x80 ./Core/Src/IO_API_G2.o
                0x000000000800753c                Arial_32_87
 .rodata.Arial_32_88
                0x00000000080075bc       0x5c ./Core/Src/IO_API_G2.o
                0x00000000080075bc                Arial_32_88
 .rodata.Arial_32_89
                0x0000000008007618       0x5c ./Core/Src/IO_API_G2.o
                0x0000000008007618                Arial_32_89
 .rodata.Arial_32_90
                0x0000000008007674       0x4c ./Core/Src/IO_API_G2.o
                0x0000000008007674                Arial_32_90
 .rodata.Arial_32_91
                0x00000000080076c0       0x1c ./Core/Src/IO_API_G2.o
                0x00000000080076c0                Arial_32_91
 .rodata.Arial_32_92
                0x00000000080076dc       0x24 ./Core/Src/IO_API_G2.o
                0x00000000080076dc                Arial_32_92
 .rodata.Arial_32_93
                0x0000000008007700       0x1c ./Core/Src/IO_API_G2.o
                0x0000000008007700                Arial_32_93
 .rodata.Arial_32_94
                0x000000000800771c       0x3c ./Core/Src/IO_API_G2.o
                0x000000000800771c                Arial_32_94
 .rodata.Arial_32_95
                0x0000000008007758       0x4c ./Core/Src/IO_API_G2.o
                0x0000000008007758                Arial_32_95
 .rodata.Arial_32_96
                0x00000000080077a4       0x18 ./Core/Src/IO_API_G2.o
                0x00000000080077a4                Arial_32_96
 .rodata.Arial_32_97
                0x00000000080077bc       0x40 ./Core/Src/IO_API_G2.o
                0x00000000080077bc                Arial_32_97
 .rodata.Arial_32_98
                0x00000000080077fc       0x40 ./Core/Src/IO_API_G2.o
                0x00000000080077fc                Arial_32_98
 .rodata.Arial_32_99
                0x000000000800783c       0x40 ./Core/Src/IO_API_G2.o
                0x000000000800783c                Arial_32_99
 .rodata.Arial_32_100
                0x000000000800787c       0x40 ./Core/Src/IO_API_G2.o
                0x000000000800787c                Arial_32_100
 .rodata.Arial_32_101
                0x00000000080078bc       0x40 ./Core/Src/IO_API_G2.o
                0x00000000080078bc                Arial_32_101
 .rodata.Arial_32_102
                0x00000000080078fc       0x2c ./Core/Src/IO_API_G2.o
                0x00000000080078fc                Arial_32_102
 .rodata.Arial_32_103
                0x0000000008007928       0x40 ./Core/Src/IO_API_G2.o
                0x0000000008007928                Arial_32_103
 .rodata.Arial_32_104
                0x0000000008007968       0x3c ./Core/Src/IO_API_G2.o
                0x0000000008007968                Arial_32_104
 .rodata.Arial_32_105
                0x00000000080079a4        0xc ./Core/Src/IO_API_G2.o
                0x00000000080079a4                Arial_32_105
 .rodata.Arial_32_106
                0x00000000080079b0       0x18 ./Core/Src/IO_API_G2.o
                0x00000000080079b0                Arial_32_106
 .rodata.Arial_32_107
                0x00000000080079c8       0x3c ./Core/Src/IO_API_G2.o
                0x00000000080079c8                Arial_32_107
 .rodata.Arial_32_108
                0x0000000008007a04        0xc ./Core/Src/IO_API_G2.o
                0x0000000008007a04                Arial_32_108
 .rodata.Arial_32_109
                0x0000000008007a10       0x64 ./Core/Src/IO_API_G2.o
                0x0000000008007a10                Arial_32_109
 .rodata.Arial_32_110
                0x0000000008007a74       0x3c ./Core/Src/IO_API_G2.o
                0x0000000008007a74                Arial_32_110
 .rodata.Arial_32_111
                0x0000000008007ab0       0x40 ./Core/Src/IO_API_G2.o
                0x0000000008007ab0                Arial_32_111
 .rodata.Arial_32_112
                0x0000000008007af0       0x40 ./Core/Src/IO_API_G2.o
                0x0000000008007af0                Arial_32_112
 .rodata.Arial_32_113
                0x0000000008007b30       0x40 ./Core/Src/IO_API_G2.o
                0x0000000008007b30                Arial_32_113
 .rodata.Arial_32_114
                0x0000000008007b70       0x28 ./Core/Src/IO_API_G2.o
                0x0000000008007b70                Arial_32_114
 .rodata.Arial_32_115
                0x0000000008007b98       0x40 ./Core/Src/IO_API_G2.o
                0x0000000008007b98                Arial_32_115
 .rodata.Arial_32_116
                0x0000000008007bd8       0x28 ./Core/Src/IO_API_G2.o
                0x0000000008007bd8                Arial_32_116
 .rodata.Arial_32_117
                0x0000000008007c00       0x3c ./Core/Src/IO_API_G2.o
                0x0000000008007c00                Arial_32_117
 .rodata.Arial_32_118
                0x0000000008007c3c       0x44 ./Core/Src/IO_API_G2.o
                0x0000000008007c3c                Arial_32_118
 .rodata.Arial_32_119
                0x0000000008007c80       0x64 ./Core/Src/IO_API_G2.o
                0x0000000008007c80                Arial_32_119
 .rodata.Arial_32_120
                0x0000000008007ce4       0x40 ./Core/Src/IO_API_G2.o
                0x0000000008007ce4                Arial_32_120
 .rodata.Arial_32_121
                0x0000000008007d24       0x3c ./Core/Src/IO_API_G2.o
                0x0000000008007d24                Arial_32_121
 .rodata.Arial_32_122
                0x0000000008007d60       0x3c ./Core/Src/IO_API_G2.o
                0x0000000008007d60                Arial_32_122
 .rodata.Arial_32_123
                0x0000000008007d9c       0x2c ./Core/Src/IO_API_G2.o
                0x0000000008007d9c                Arial_32_123
 .rodata.Arial_32_124
                0x0000000008007dc8        0xc ./Core/Src/IO_API_G2.o
                0x0000000008007dc8                Arial_32_124
 .rodata.Arial_32_125
                0x0000000008007dd4       0x2c ./Core/Src/IO_API_G2.o
                0x0000000008007dd4                Arial_32_125
 .rodata.Arial_32_126
                0x0000000008007e00       0x44 ./Core/Src/IO_API_G2.o
                0x0000000008007e00                Arial_32_126
 .rodata.Arial_32_width
                0x0000000008007e44       0x5f ./Core/Src/IO_API_G2.o
                0x0000000008007e44                Arial_32_width
 *fill*         0x0000000008007ea3        0x1 
 .rodata.AHBPrescTable
                0x0000000008007ea4       0x10 ./Core/Src/system_stm32f4xx.o
                0x0000000008007ea4                AHBPrescTable
 .rodata.APBPrescTable
                0x0000000008007eb4        0x8 ./Core/Src/system_stm32f4xx.o
                0x0000000008007eb4                APBPrescTable
 .rodata.flagBitshiftOffset.0
                0x0000000008007ebc        0x8 ./Drivers/STM32F4xx_HAL_Driver/Src/stm32f4xx_hal_dma.o
 .rodata.__sf_fake_stderr
                0x0000000008007ec4       0x20 c:/st/stm32cubeide_1.6.1/stm32cubeide/plugins/com.st.stm32cube.ide.mcu.externaltools.gnu-tools-for-stm32.10.3-2021.10.win32_1.0.0.202111181127/tools/bin/../lib/gcc/arm-none-eabi/10.3.1/../../../../arm-none-eabi/lib/thumb/v7e-m+fp/hard\libc_nano.a(lib_a-findfp.o)
                0x0000000008007ec4                __sf_fake_stderr
 .rodata.__sf_fake_stdin
                0x0000000008007ee4       0x20 c:/st/stm32cubeide_1.6.1/stm32cubeide/plugins/com.st.stm32cube.ide.mcu.externaltools.gnu-tools-for-stm32.10.3-2021.10.win32_1.0.0.202111181127/tools/bin/../lib/gcc/arm-none-eabi/10.3.1/../../../../arm-none-eabi/lib/thumb/v7e-m+fp/hard\libc_nano.a(lib_a-findfp.o)
                0x0000000008007ee4                __sf_fake_stdin
 .rodata.__sf_fake_stdout
                0x0000000008007f04       0x20 c:/st/stm32cubeide_1.6.1/stm32cubeide/plugins/com.st.stm32cube.ide.mcu.externaltools.gnu-tools-for-stm32.10.3-2021.10.win32_1.0.0.202111181127/tools/bin/../lib/gcc/arm-none-eabi/10.3.1/../../../../arm-none-eabi/lib/thumb/v7e-m+fp/hard\libc_nano.a(lib_a-findfp.o)
                0x0000000008007f04                __sf_fake_stdout
 .rodata._global_impure_ptr
                0x0000000008007f24        0x4 c:/st/stm32cubeide_1.6.1/stm32cubeide/plugins/com.st.stm32cube.ide.mcu.externaltools.gnu-tools-for-stm32.10.3-2021.10.win32_1.0.0.202111181127/tools/bin/../lib/gcc/arm-none-eabi/10.3.1/../../../../arm-none-eabi/lib/thumb/v7e-m+fp/hard\libc_nano.a(lib_a-impure.o)
                0x0000000008007f24                _global_impure_ptr
 .rodata.strtok.str1.1
                0x0000000008007f28       0x74 c:/st/stm32cubeide_1.6.1/stm32cubeide/plugins/com.st.stm32cube.ide.mcu.externaltools.gnu-tools-for-stm32.10.3-2021.10.win32_1.0.0.202111181127/tools/bin/../lib/gcc/arm-none-eabi/10.3.1/../../../../arm-none-eabi/lib/thumb/v7e-m+fp/hard\libc_nano.a(lib_a-strtok.o)
 .rodata.__assert_func.str1.1
                0x0000000008007f9c       0x3c c:/st/stm32cubeide_1.6.1/stm32cubeide/plugins/com.st.stm32cube.ide.mcu.externaltools.gnu-tools-for-stm32.10.3-2021.10.win32_1.0.0.202111181127/tools/bin/../lib/gcc/arm-none-eabi/10.3.1/../../../../arm-none-eabi/lib/thumb/v7e-m+fp/hard\libc_nano.a(lib_a-assert.o)
                                         0x3d (size before relaxing)
 .rodata._ctype_
                0x0000000008007fd8      0x101 c:/st/stm32cubeide_1.6.1/stm32cubeide/plugins/com.st.stm32cube.ide.mcu.externaltools.gnu-tools-for-stm32.10.3-2021.10.win32_1.0.0.202111181127/tools/bin/../lib/gcc/arm-none-eabi/10.3.1/../../../../arm-none-eabi/lib/thumb/v7e-m+fp/hard\libc_nano.a(lib_a-ctype_.o)
                0x0000000008007fd8                _ctype_
 .rodata._vfprintf_r.str1.1
                0x00000000080080d9       0x11 c:/st/stm32cubeide_1.6.1/stm32cubeide/plugins/com.st.stm32cube.ide.mcu.externaltools.gnu-tools-for-stm32.10.3-2021.10.win32_1.0.0.202111181127/tools/bin/../lib/gcc/arm-none-eabi/10.3.1/../../../../arm-none-eabi/lib/thumb/v7e-m+fp/hard\libc_nano.a(lib_a-nano-vfprintf.o)
 .rodata._printf_i.str1.1
                0x00000000080080ea       0x22 c:/st/stm32cubeide_1.6.1/stm32cubeide/plugins/com.st.stm32cube.ide.mcu.externaltools.gnu-tools-for-stm32.10.3-2021.10.win32_1.0.0.202111181127/tools/bin/../lib/gcc/arm-none-eabi/10.3.1/../../../../arm-none-eabi/lib/thumb/v7e-m+fp/hard\libc_nano.a(lib_a-nano-vfprintf_i.o)
                0x000000000800810c                . = ALIGN (0x4)

.ARM.extab      0x000000000800810c        0x0
                0x000000000800810c                . = ALIGN (0x4)
 *(.ARM.extab* .gnu.linkonce.armextab.*)
                0x000000000800810c                . = ALIGN (0x4)

.ARM            0x000000000800810c        0x8
                0x000000000800810c                . = ALIGN (0x4)
                0x000000000800810c                __exidx_start = .
 *(.ARM.exidx*)
 .ARM.exidx     0x000000000800810c        0x8 c:/st/stm32cubeide_1.6.1/stm32cubeide/plugins/com.st.stm32cube.ide.mcu.externaltools.gnu-tools-for-stm32.10.3-2021.10.win32_1.0.0.202111181127/tools/bin/../lib/gcc/arm-none-eabi/10.3.1/thumb/v7e-m+fp/hard\libgcc.a(_udivmoddi4.o)
                0x0000000008008114                __exidx_end = .
                0x0000000008008114                . = ALIGN (0x4)

.rel.dyn        0x0000000008008114        0x0
 .rel.iplt      0x0000000008008114        0x0 c:/st/stm32cubeide_1.6.1/stm32cubeide/plugins/com.st.stm32cube.ide.mcu.externaltools.gnu-tools-for-stm32.10.3-2021.10.win32_1.0.0.202111181127/tools/bin/../lib/gcc/arm-none-eabi/10.3.1/thumb/v7e-m+fp/hard/crtbegin.o

.preinit_array  0x0000000008008114        0x0
                0x0000000008008114                . = ALIGN (0x4)
                0x0000000008008114                PROVIDE (__preinit_array_start = .)
 *(.preinit_array*)
                0x0000000008008114                PROVIDE (__preinit_array_end = .)
                0x0000000008008114                . = ALIGN (0x4)

.init_array     0x0000000008008114        0x4
                0x0000000008008114                . = ALIGN (0x4)
                0x0000000008008114                PROVIDE (__init_array_start = .)
 *(SORT_BY_NAME(.init_array.*))
 *(.init_array*)
 .init_array    0x0000000008008114        0x4 c:/st/stm32cubeide_1.6.1/stm32cubeide/plugins/com.st.stm32cube.ide.mcu.externaltools.gnu-tools-for-stm32.10.3-2021.10.win32_1.0.0.202111181127/tools/bin/../lib/gcc/arm-none-eabi/10.3.1/thumb/v7e-m+fp/hard/crtbegin.o
                0x0000000008008118                PROVIDE (__init_array_end = .)
                0x0000000008008118                . = ALIGN (0x4)

.fini_array     0x0000000008008118        0x4
                0x0000000008008118                . = ALIGN (0x4)
                [!provide]                        PROVIDE (__fini_array_start = .)
 *(SORT_BY_NAME(.fini_array.*))
 *(.fini_array*)
 .fini_array    0x0000000008008118        0x4 c:/st/stm32cubeide_1.6.1/stm32cubeide/plugins/com.st.stm32cube.ide.mcu.externaltools.gnu-tools-for-stm32.10.3-2021.10.win32_1.0.0.202111181127/tools/bin/../lib/gcc/arm-none-eabi/10.3.1/thumb/v7e-m+fp/hard/crtbegin.o
                [!provide]                        PROVIDE (__fini_array_end = .)
                0x000000000800811c                . = ALIGN (0x4)
                0x000000000800811c                _sidata = LOADADDR (.data)

.data           0x0000000020000000      0x8f4 load address 0x000000000800811c
                0x0000000020000000                . = ALIGN (0x4)
                0x0000000020000000                _sdata = .
 *(.data)
 *(.data*)
 .data.HU_Utrecht_logo
                0x0000000020000000      0x708 ./Core/Src/IO_API_G2.o
                0x0000000020000000                HU_Utrecht_logo
 .data.Arial_32_addr
                0x0000000020000708      0x17c ./Core/Src/IO_API_G2.o
                0x0000000020000708                Arial_32_addr
 .data.SystemCoreClock
                0x0000000020000884        0x4 ./Core/Src/system_stm32f4xx.o
                0x0000000020000884                SystemCoreClock
 .data.uwTickPrio
                0x0000000020000888        0x4 ./Drivers/STM32F4xx_HAL_Driver/Src/stm32f4xx_hal.o
                0x0000000020000888                uwTickPrio
 .data.uwTickFreq
                0x000000002000088c        0x1 ./Drivers/STM32F4xx_HAL_Driver/Src/stm32f4xx_hal.o
                0x000000002000088c                uwTickFreq
 *fill*         0x000000002000088d        0x3 
 .data._impure_ptr
                0x0000000020000890        0x4 c:/st/stm32cubeide_1.6.1/stm32cubeide/plugins/com.st.stm32cube.ide.mcu.externaltools.gnu-tools-for-stm32.10.3-2021.10.win32_1.0.0.202111181127/tools/bin/../lib/gcc/arm-none-eabi/10.3.1/../../../../arm-none-eabi/lib/thumb/v7e-m+fp/hard\libc_nano.a(lib_a-impure.o)
                0x0000000020000890                _impure_ptr
 .data.impure_data
                0x0000000020000894       0x60 c:/st/stm32cubeide_1.6.1/stm32cubeide/plugins/com.st.stm32cube.ide.mcu.externaltools.gnu-tools-for-stm32.10.3-2021.10.win32_1.0.0.202111181127/tools/bin/../lib/gcc/arm-none-eabi/10.3.1/../../../../arm-none-eabi/lib/thumb/v7e-m+fp/hard\libc_nano.a(lib_a-impure.o)
                0x00000000200008f4                . = ALIGN (0x4)
                0x00000000200008f4                _edata = .

.igot.plt       0x00000000200008f4        0x0 load address 0x0000000008008a10
 .igot.plt      0x00000000200008f4        0x0 c:/st/stm32cubeide_1.6.1/stm32cubeide/plugins/com.st.stm32cube.ide.mcu.externaltools.gnu-tools-for-stm32.10.3-2021.10.win32_1.0.0.202111181127/tools/bin/../lib/gcc/arm-none-eabi/10.3.1/thumb/v7e-m+fp/hard/crtbegin.o
                0x00000000200008f4                . = ALIGN (0x4)

.bss            0x00000000200008f4    0x132fc load address 0x0000000008008a10
                0x00000000200008f4                _sbss = .
                0x00000000200008f4                __bss_start__ = _sbss
 *(.bss)
 .bss           0x00000000200008f4       0x1c c:/st/stm32cubeide_1.6.1/stm32cubeide/plugins/com.st.stm32cube.ide.mcu.externaltools.gnu-tools-for-stm32.10.3-2021.10.win32_1.0.0.202111181127/tools/bin/../lib/gcc/arm-none-eabi/10.3.1/thumb/v7e-m+fp/hard/crtbegin.o
 *(.bss*)
 .bss.commando  0x0000000020000910       0x98 ./Core/Src/FL_API_G2.o
                0x0000000020000910                commando
 .bss.errnum    0x00000000200009a8        0x4 ./Core/Src/LL_API_G2.o
                0x00000000200009a8                errnum
 .bss.input     0x00000000200009ac      0x410 ./Core/Src/main.o
                0x00000000200009ac                input
 .bss.heap_end.0
                0x0000000020000dbc        0x4 ./Core/Src/sysmem.o
 .bss.htim1     0x0000000020000dc0       0x40 ./Core/Src/tim.o
                0x0000000020000dc0                htim1
 .bss.htim2     0x0000000020000e00       0x40 ./Core/Src/tim.o
                0x0000000020000e00                htim2
 .bss.hdma_tim1_up
                0x0000000020000e40       0x60 ./Core/Src/tim.o
                0x0000000020000e40                hdma_tim1_up
 .bss.huart2    0x0000000020000ea0       0x40 ./Core/Src/usart.o
                0x0000000020000ea0                huart2
 .bss.VGA_RAM1  0x0000000020000ee0    0x12cf0 ./Core/ub_lib/stm32_ub_vga_screen.o
                0x0000000020000ee0                VGA_RAM1
 .bss.VGA       0x0000000020013bd0        0xc ./Core/ub_lib/stm32_ub_vga_screen.o
                0x0000000020013bd0                VGA
 .bss.uwTick    0x0000000020013bdc        0x4 ./Drivers/STM32F4xx_HAL_Driver/Src/stm32f4xx_hal.o
                0x0000000020013bdc                uwTick
 .bss.__lock___malloc_recursive_mutex
                0x0000000020013be0        0x1 c:/st/stm32cubeide_1.6.1/stm32cubeide/plugins/com.st.stm32cube.ide.mcu.externaltools.gnu-tools-for-stm32.10.3-2021.10.win32_1.0.0.202111181127/tools/bin/../lib/gcc/arm-none-eabi/10.3.1/../../../../arm-none-eabi/lib/thumb/v7e-m+fp/hard\libc_nano.a(lib_a-lock.o)
                0x0000000020013be0                __lock___malloc_recursive_mutex
 .bss.__lock___sfp_recursive_mutex
                0x0000000020013be1        0x1 c:/st/stm32cubeide_1.6.1/stm32cubeide/plugins/com.st.stm32cube.ide.mcu.externaltools.gnu-tools-for-stm32.10.3-2021.10.win32_1.0.0.202111181127/tools/bin/../lib/gcc/arm-none-eabi/10.3.1/../../../../arm-none-eabi/lib/thumb/v7e-m+fp/hard\libc_nano.a(lib_a-lock.o)
                0x0000000020013be1                __lock___sfp_recursive_mutex
 .bss.__lock___sinit_recursive_mutex
                0x0000000020013be2        0x1 c:/st/stm32cubeide_1.6.1/stm32cubeide/plugins/com.st.stm32cube.ide.mcu.externaltools.gnu-tools-for-stm32.10.3-2021.10.win32_1.0.0.202111181127/tools/bin/../lib/gcc/arm-none-eabi/10.3.1/../../../../arm-none-eabi/lib/thumb/v7e-m+fp/hard\libc_nano.a(lib_a-lock.o)
                0x0000000020013be2                __lock___sinit_recursive_mutex
 *fill*         0x0000000020013be3        0x1 
 .bss.__malloc_free_list
                0x0000000020013be4        0x4 c:/st/stm32cubeide_1.6.1/stm32cubeide/plugins/com.st.stm32cube.ide.mcu.externaltools.gnu-tools-for-stm32.10.3-2021.10.win32_1.0.0.202111181127/tools/bin/../lib/gcc/arm-none-eabi/10.3.1/../../../../arm-none-eabi/lib/thumb/v7e-m+fp/hard\libc_nano.a(lib_a-nano-mallocr.o)
                0x0000000020013be4                __malloc_free_list
 .bss.__malloc_sbrk_start
                0x0000000020013be8        0x4 c:/st/stm32cubeide_1.6.1/stm32cubeide/plugins/com.st.stm32cube.ide.mcu.externaltools.gnu-tools-for-stm32.10.3-2021.10.win32_1.0.0.202111181127/tools/bin/../lib/gcc/arm-none-eabi/10.3.1/../../../../arm-none-eabi/lib/thumb/v7e-m+fp/hard\libc_nano.a(lib_a-nano-mallocr.o)
                0x0000000020013be8                __malloc_sbrk_start
 .bss.errno     0x0000000020013bec        0x4 c:/st/stm32cubeide_1.6.1/stm32cubeide/plugins/com.st.stm32cube.ide.mcu.externaltools.gnu-tools-for-stm32.10.3-2021.10.win32_1.0.0.202111181127/tools/bin/../lib/gcc/arm-none-eabi/10.3.1/../../../../arm-none-eabi/lib/thumb/v7e-m+fp/hard\libc_nano.a(lib_a-reent.o)
                0x0000000020013bec                errno
 *(COMMON)
                0x0000000020013bf0                . = ALIGN (0x4)
                0x0000000020013bf0                _ebss = .
                0x0000000020013bf0                __bss_end__ = _ebss

._user_heap_stack
                0x0000000020013bf0      0x600 load address 0x0000000008008a10
                0x0000000020013bf0                . = ALIGN (0x8)
                0x0000000020013bf0                PROVIDE (end = .)
                [!provide]                        PROVIDE (_end = .)
                0x0000000020013df0                . = (. + _Min_Heap_Size)
 *fill*         0x0000000020013bf0      0x200 
                0x00000000200141f0                . = (. + _Min_Stack_Size)
 *fill*         0x0000000020013df0      0x400 
                0x00000000200141f0                . = ALIGN (0x8)

/DISCARD/
 libc.a(*)
 libm.a(*)
 libgcc.a(*)

.ARM.attributes
                0x0000000000000000       0x30
 *(.ARM.attributes)
 .ARM.attributes
                0x0000000000000000       0x1e c:/st/stm32cubeide_1.6.1/stm32cubeide/plugins/com.st.stm32cube.ide.mcu.externaltools.gnu-tools-for-stm32.10.3-2021.10.win32_1.0.0.202111181127/tools/bin/../lib/gcc/arm-none-eabi/10.3.1/thumb/v7e-m+fp/hard/crti.o
 .ARM.attributes
                0x000000000000001e       0x34 c:/st/stm32cubeide_1.6.1/stm32cubeide/plugins/com.st.stm32cube.ide.mcu.externaltools.gnu-tools-for-stm32.10.3-2021.10.win32_1.0.0.202111181127/tools/bin/../lib/gcc/arm-none-eabi/10.3.1/thumb/v7e-m+fp/hard/crtbegin.o
 .ARM.attributes
                0x0000000000000052       0x34 ./Core/Src/FL_API_G2.o
 .ARM.attributes
                0x0000000000000086       0x34 ./Core/Src/IO_API_G2.o
 .ARM.attributes
                0x00000000000000ba       0x34 ./Core/Src/LL_API_G2.o
 .ARM.attributes
                0x00000000000000ee       0x34 ./Core/Src/dma.o
 .ARM.attributes
                0x0000000000000122       0x34 ./Core/Src/gpio.o
 .ARM.attributes
                0x0000000000000156       0x34 ./Core/Src/main.o
 .ARM.attributes
                0x000000000000018a       0x34 ./Core/Src/stm32f4xx_hal_msp.o
 .ARM.attributes
                0x00000000000001be       0x34 ./Core/Src/stm32f4xx_it.o
 .ARM.attributes
                0x00000000000001f2       0x34 ./Core/Src/syscalls.o
 .ARM.attributes
                0x0000000000000226       0x34 ./Core/Src/sysmem.o
 .ARM.attributes
                0x000000000000025a       0x34 ./Core/Src/system_stm32f4xx.o
 .ARM.attributes
                0x000000000000028e       0x34 ./Core/Src/tim.o
 .ARM.attributes
                0x00000000000002c2       0x34 ./Core/Src/usart.o
 .ARM.attributes
                0x00000000000002f6       0x21 ./Core/Startup/startup_stm32f407vgtx.o
 .ARM.attributes
                0x0000000000000317       0x34 ./Core/ub_lib/stm32_ub_vga_screen.o
 .ARM.attributes
                0x000000000000034b       0x34 ./Drivers/STM32F4xx_HAL_Driver/Src/stm32f4xx_hal.o
 .ARM.attributes
                0x000000000000037f       0x34 ./Drivers/STM32F4xx_HAL_Driver/Src/stm32f4xx_hal_cortex.o
 .ARM.attributes
                0x00000000000003b3       0x34 ./Drivers/STM32F4xx_HAL_Driver/Src/stm32f4xx_hal_dma.o
 .ARM.attributes
                0x00000000000003e7       0x34 ./Drivers/STM32F4xx_HAL_Driver/Src/stm32f4xx_hal_gpio.o
 .ARM.attributes
                0x000000000000041b       0x34 ./Drivers/STM32F4xx_HAL_Driver/Src/stm32f4xx_hal_rcc.o
 .ARM.attributes
                0x000000000000044f       0x34 ./Drivers/STM32F4xx_HAL_Driver/Src/stm32f4xx_hal_tim.o
 .ARM.attributes
                0x0000000000000483       0x34 ./Drivers/STM32F4xx_HAL_Driver/Src/stm32f4xx_hal_tim_ex.o
 .ARM.attributes
                0x00000000000004b7       0x34 ./Drivers/STM32F4xx_HAL_Driver/Src/stm32f4xx_hal_uart.o
 .ARM.attributes
                0x00000000000004eb       0x34 c:/st/stm32cubeide_1.6.1/stm32cubeide/plugins/com.st.stm32cube.ide.mcu.externaltools.gnu-tools-for-stm32.10.3-2021.10.win32_1.0.0.202111181127/tools/bin/../lib/gcc/arm-none-eabi/10.3.1/../../../../arm-none-eabi/lib/thumb/v7e-m+fp/hard\libc_nano.a(lib_a-atoi.o)
 .ARM.attributes