Archive member included to satisfy reference by file (symbol)

c:/st/stm32cubeide_1.6.1/stm32cubeide/plugins/com.st.stm32cube.ide.mcu.externaltools.gnu-tools-for-stm32.10.3-2021.10.win32_1.0.0.202111181127/tools/bin/../lib/gcc/arm-none-eabi/10.3.1/../../../../arm-none-eabi/lib/thumb/v7e-m+fp/hard\libc_nano.a(lib_a-atoi.o)
                              ./Core/Src/LL_API_G2.o (atoi)
c:/st/stm32cubeide_1.6.1/stm32cubeide/plugins/com.st.stm32cube.ide.mcu.externaltools.gnu-tools-for-stm32.10.3-2021.10.win32_1.0.0.202111181127/tools/bin/../lib/gcc/arm-none-eabi/10.3.1/../../../../arm-none-eabi/lib/thumb/v7e-m+fp/hard\libc_nano.a(lib_a-errno.o)
                              ./Core/Src/LL_API_G2.o (__errno)
c:/st/stm32cubeide_1.6.1/stm32cubeide/plugins/com.st.stm32cube.ide.mcu.externaltools.gnu-tools-for-stm32.10.3-2021.10.win32_1.0.0.202111181127/tools/bin/../lib/gcc/arm-none-eabi/10.3.1/../../../../arm-none-eabi/lib/thumb/v7e-m+fp/hard\libc_nano.a(lib_a-exit.o)
                              c:/st/stm32cubeide_1.6.1/stm32cubeide/plugins/com.st.stm32cube.ide.mcu.externaltools.gnu-tools-for-stm32.10.3-2021.10.win32_1.0.0.202111181127/tools/bin/../lib/gcc/arm-none-eabi/10.3.1/../../../../arm-none-eabi/lib/thumb/v7e-m+fp/hard/crt0.o (exit)
c:/st/stm32cubeide_1.6.1/stm32cubeide/plugins/com.st.stm32cube.ide.mcu.externaltools.gnu-tools-for-stm32.10.3-2021.10.win32_1.0.0.202111181127/tools/bin/../lib/gcc/arm-none-eabi/10.3.1/../../../../arm-none-eabi/lib/thumb/v7e-m+fp/hard\libc_nano.a(lib_a-fflush.o)
                              ./Core/Src/FL_API_G2.o (fflush)
c:/st/stm32cubeide_1.6.1/stm32cubeide/plugins/com.st.stm32cube.ide.mcu.externaltools.gnu-tools-for-stm32.10.3-2021.10.win32_1.0.0.202111181127/tools/bin/../lib/gcc/arm-none-eabi/10.3.1/../../../../arm-none-eabi/lib/thumb/v7e-m+fp/hard\libc_nano.a(lib_a-findfp.o)
                              c:/st/stm32cubeide_1.6.1/stm32cubeide/plugins/com.st.stm32cube.ide.mcu.externaltools.gnu-tools-for-stm32.10.3-2021.10.win32_1.0.0.202111181127/tools/bin/../lib/gcc/arm-none-eabi/10.3.1/../../../../arm-none-eabi/lib/thumb/v7e-m+fp/hard\libc_nano.a(lib_a-fflush.o) (__sinit)
c:/st/stm32cubeide_1.6.1/stm32cubeide/plugins/com.st.stm32cube.ide.mcu.externaltools.gnu-tools-for-stm32.10.3-2021.10.win32_1.0.0.202111181127/tools/bin/../lib/gcc/arm-none-eabi/10.3.1/../../../../arm-none-eabi/lib/thumb/v7e-m+fp/hard\libc_nano.a(lib_a-fwalk.o)
                              c:/st/stm32cubeide_1.6.1/stm32cubeide/plugins/com.st.stm32cube.ide.mcu.externaltools.gnu-tools-for-stm32.10.3-2021.10.win32_1.0.0.202111181127/tools/bin/../lib/gcc/arm-none-eabi/10.3.1/../../../../arm-none-eabi/lib/thumb/v7e-m+fp/hard\libc_nano.a(lib_a-findfp.o) (_fwalk)
c:/st/stm32cubeide_1.6.1/stm32cubeide/plugins/com.st.stm32cube.ide.mcu.externaltools.gnu-tools-for-stm32.10.3-2021.10.win32_1.0.0.202111181127/tools/bin/../lib/gcc/arm-none-eabi/10.3.1/../../../../arm-none-eabi/lib/thumb/v7e-m+fp/hard\libc_nano.a(lib_a-impure.o)
                              c:/st/stm32cubeide_1.6.1/stm32cubeide/plugins/com.st.stm32cube.ide.mcu.externaltools.gnu-tools-for-stm32.10.3-2021.10.win32_1.0.0.202111181127/tools/bin/../lib/gcc/arm-none-eabi/10.3.1/../../../../arm-none-eabi/lib/thumb/v7e-m+fp/hard\libc_nano.a(lib_a-exit.o) (_global_impure_ptr)
c:/st/stm32cubeide_1.6.1/stm32cubeide/plugins/com.st.stm32cube.ide.mcu.externaltools.gnu-tools-for-stm32.10.3-2021.10.win32_1.0.0.202111181127/tools/bin/../lib/gcc/arm-none-eabi/10.3.1/../../../../arm-none-eabi/lib/thumb/v7e-m+fp/hard\libc_nano.a(lib_a-init.o)
                              c:/st/stm32cubeide_1.6.1/stm32cubeide/plugins/com.st.stm32cube.ide.mcu.externaltools.gnu-tools-for-stm32.10.3-2021.10.win32_1.0.0.202111181127/tools/bin/../lib/gcc/arm-none-eabi/10.3.1/../../../../arm-none-eabi/lib/thumb/v7e-m+fp/hard/crt0.o (__libc_init_array)
c:/st/stm32cubeide_1.6.1/stm32cubeide/plugins/com.st.stm32cube.ide.mcu.externaltools.gnu-tools-for-stm32.10.3-2021.10.win32_1.0.0.202111181127/tools/bin/../lib/gcc/arm-none-eabi/10.3.1/../../../../arm-none-eabi/lib/thumb/v7e-m+fp/hard\libc_nano.a(lib_a-lock.o)
                              c:/st/stm32cubeide_1.6.1/stm32cubeide/plugins/com.st.stm32cube.ide.mcu.externaltools.gnu-tools-for-stm32.10.3-2021.10.win32_1.0.0.202111181127/tools/bin/../lib/gcc/arm-none-eabi/10.3.1/../../../../arm-none-eabi/lib/thumb/v7e-m+fp/hard\libc_nano.a(lib_a-findfp.o) (__retarget_lock_init_recursive)
c:/st/stm32cubeide_1.6.1/stm32cubeide/plugins/com.st.stm32cube.ide.mcu.externaltools.gnu-tools-for-stm32.10.3-2021.10.win32_1.0.0.202111181127/tools/bin/../lib/gcc/arm-none-eabi/10.3.1/../../../../arm-none-eabi/lib/thumb/v7e-m+fp/hard\libc_nano.a(lib_a-memcpy-stub.o)
                              ./Core/Src/FL_API_G2.o (memcpy)
[...]
Memory Configuration

Name             Origin             Length             Attributes
CCMRAM           0x0000000010000000 0x0000000000010000 xrw
RAM              0x0000000020000000 0x0000000000020000 xrw
FLASH            0x0000000008000000 0x0000000000100000 xr
*default*        0x0000000000000000 0xffffffffffffffff

Linker script and memory map

LOAD c:/st/stm32cubeide_1.6.1/stm32cubeide/plugins/com.st.stm32cube.ide.mcu.externaltools.gnu-tools-for-stm32.10.3-2021.10.win32_1.0.0.202111181127/tools/bin/../lib/gcc/arm-none-eabi/10.3.1/thumb/v7e-m+fp/hard/crti.o
LOAD c:/st/stm32cubeide_1.6.1/stm32cubeide/plugins/com.st.stm32cube.ide.mcu.externaltools.gnu-tools-for-stm32.10.3-2021.10.win32_1.0.0.202111181127/tools/bin/../lib/gcc/arm-none-eabi/10.3.1/thumb/v7e-m+fp/hard/crtbegin.o
LOAD c:/st/stm32cubeide_1.6.1/stm32cubeide/plugins/com.st.stm32cube.ide.mcu.externaltools.gnu-tools-for-stm32.10.3-2021.10.win32_1.0.0.202111181127/tools/bin/../lib/gcc/arm-none-eabi/10.3.1/../../../../arm-none-eabi/lib/thumb/v7e-m+fp/hard/crt0.o
LOAD ./Core/Src/FL_API_G2.o
LOAD ./Core/Src/IO_API_G2.o
LOAD ./Core/Src/LL_API_G2.o
LOAD ./Core/Src/dma.o
LOAD ./Core/Src/gpio.o
LOAD ./Core/Src/imglib.o
LOAD ./Core/Src/main.o
LOAD ./Core/Src/stm32f4xx_hal_msp.o
LOAD ./Core/Src/stm32f4xx_it.o
LOAD ./Core/Src/syscalls.o
LOAD ./Core/Src/sysmem.o
LOAD ./Core/Src/system_stm32f4xx.o
LOAD ./Core/Src/tim.o
LOAD ./Core/Src/usart.o
LOAD ./Core/Startup/startup_stm32f407vgtx.o
LOAD ./Core/ub_lib/stm32_ub_vga_screen.o
LOAD ./Drivers/STM32F4xx_HAL_Driver/Src/stm32f4xx_hal.o
LOAD ./Drivers/STM32F4xx_HAL_Driver/Src/stm32f4xx_hal_cortex.o
LOAD ./Drivers/STM32F4xx_HAL_Driver/Src/stm32f4xx_hal_dma.o
LOAD ./Drivers/STM32F4xx_HAL_Driver/Src/stm32f4xx_hal_dma_ex.o
LOAD ./Drivers/STM32F4xx_HAL_Driver/Src/stm32f4xx_hal_exti.o
LOAD ./Drivers/STM32F4xx_HAL_Driver/Src/stm32f4xx_hal_flash.o
LOAD ./Drivers/STM32F4xx_HAL_Driver/Src/stm32f4xx_hal_flash_ex.o
LOAD ./Drivers/STM32F4xx_HAL_Driver/Src/stm32f4xx_hal_flash_ramfunc.o
LOAD ./Drivers/STM32F4xx_HAL_Driver/Src/stm32f4xx_hal_gpio.o
LOAD ./Drivers/STM32F4xx_HAL_Driver/Src/stm32f4xx_hal_pwr.o
LOAD ./Drivers/STM32F4xx_HAL_Driver/Src/stm32f4xx_hal_pwr_ex.o
LOAD ./Drivers/STM32F4xx_HAL_Driver/Src/stm32f4xx_hal_rcc.o
LOAD ./Drivers/STM32F4xx_HAL_Driver/Src/stm32f4xx_hal_rcc_ex.o
LOAD ./Drivers/STM32F4xx_HAL_Driver/Src/stm32f4xx_hal_tim.o
LOAD ./Drivers/STM32F4xx_HAL_Driver/Src/stm32f4xx_hal_tim_ex.o
LOAD ./Drivers/STM32F4xx_HAL_Driver/Src/stm32f4xx_hal_uart.o
START GROUP
LOAD c:/st/stm32cubeide_1.6.1/stm32cubeide/plugins/com.st.stm32cube.ide.mcu.externaltools.gnu-tools-for-stm32.10.3-2021.10.win32_1.0.0.202111181127/tools/bin/../lib/gcc/arm-none-eabi/10.3.1/../../../../arm-none-eabi/lib/thumb/v7e-m+fp/hard\libc_nano.a
LOAD c:/st/stm32cubeide_1.6.1/stm32cubeide/plugins/com.st.stm32cube.ide.mcu.externaltools.gnu-tools-for-stm32.10.3-2021.10.win32_1.0.0.202111181127/tools/bin/../lib/gcc/arm-none-eabi/10.3.1/../../../../arm-none-eabi/lib/thumb/v7e-m+fp/hard\libm.a
END GROUP
START GROUP
LOAD c:/st/stm32cubeide_1.6.1/stm32cubeide/plugins/com.st.stm32cube.ide.mcu.externaltools.gnu-tools-for-stm32.10.3-2021.10.win32_1.0.0.202111181127/tools/bin/../lib/gcc/arm-none-eabi/10.3.1/thumb/v7e-m+fp/hard\libgcc.a
LOAD c:/st/stm32cubeide_1.6.1/stm32cubeide/plugins/com.st.stm32cube.ide.mcu.externaltools.gnu-tools-for-stm32.10.3-2021.10.win32_1.0.0.202111181127/tools/bin/../lib/gcc/arm-none-eabi/10.3.1/../../../../arm-none-eabi/lib/thumb/v7e-m+fp/hard\libc_nano.a
END GROUP
START GROUP
LOAD c:/st/stm32cubeide_1.6.1/stm32cubeide/plugins/com.st.stm32cube.ide.mcu.externaltools.gnu-tools-for-stm32.10.3-2021.10.win32_1.0.0.202111181127/tools/bin/../lib/gcc/arm-none-eabi/10.3.1/thumb/v7e-m+fp/hard\libgcc.a
LOAD c:/st/stm32cubeide_1.6.1/stm32cubeide/plugins/com.st.stm32cube.ide.mcu.externaltools.gnu-tools-for-stm32.10.3-2021.10.win32_1.0.0.202111181127/tools/bin/../lib/gcc/arm-none-eabi/10.3.1/../../../../arm-none-eabi/lib/thumb/v7e-m+fp/hard\libc_nano.a
LOAD c:/st/stm32cubeide_1.6.1/stm32cubeide/plugins/com.st.stm32cube.ide.mcu.externaltools.gnu-tools-for-stm32.10.3-2021.10.win32_1.0.0.202111181127/tools/bin/../lib/gcc/arm-none-eabi/10.3.1/../../../../arm-none-eabi/lib/thumb/v7e-m+fp/hard\libnosys.a
END GROUP
START GROUP
LOAD c:/st/stm32cubeide_1.6.1/stm32cubeide/plugins/com.st.stm32cube.ide.mcu.externaltools.gnu-tools-for-stm32.10.3-2021.10.win32_1.0.0.202111181127/tools/bin/../lib/gcc/arm-none-eabi/10.3.1/thumb/v7e-m+fp/hard\libgcc.a
LOAD c:/st/stm32cubeide_1.6.1/stm32cubeide/plugins/com.st.stm32cube.ide.mcu.externaltools.gnu-tools-for-stm32.10.3-2021.10.win32_1.0.0.202111181127/tools/bin/../lib/gcc/arm-none-eabi/10.3.1/../../../../arm-none-eabi/lib/thumb/v7e-m+fp/hard\libc_nano.a
LOAD c:/st/stm32cubeide_1.6.1/stm32cubeide/plugins/com.st.stm32cube.ide.mcu.externaltools.gnu-tools-for-stm32.10.3-2021.10.win32_1.0.0.202111181127/tools/bin/../lib/gcc/arm-none-eabi/10.3.1/../../../../arm-none-eabi/lib/thumb/v7e-m+fp/hard\libnosys.a
END GROUP
LOAD c:/st/stm32cubeide_1.6.1/stm32cubeide/plugins/com.st.stm32cube.ide.mcu.externaltools.gnu-tools-for-stm32.10.3-2021.10.win32_1.0.0.202111181127/tools/bin/../lib/gcc/arm-none-eabi/10.3.1/thumb/v7e-m+fp/hard/crtend.o
LOAD c:/st/stm32cubeide_1.6.1/stm32cubeide/plugins/com.st.stm32cube.ide.mcu.externaltools.gnu-tools-for-stm32.10.3-2021.10.win32_1.0.0.202111181127/tools/bin/../lib/gcc/arm-none-eabi/10.3.1/thumb/v7e-m+fp/hard/crtn.o
                0x0000000020020000                _estack = (ORIGIN (RAM) + LENGTH (RAM))
                0x0000000000000200                _Min_Heap_Size = 0x200
                0x0000000000000400                _Min_Stack_Size = 0x400

.isr_vector     0x0000000008000000      0x188
                0x0000000008000000                . = ALIGN (0x4)
 *(.isr_vector)
 .isr_vector    0x0000000008000000      0x188 ./Core/Startup/startup_stm32f407vgtx.o
                0x0000000008000000                g_pfnVectors
                0x0000000008000188                . = ALIGN (0x4)

.text           0x0000000008000190     0x64b0
                0x0000000008000190                . = ALIGN (0x4)
 *(.text)
 .text          0x0000000008000190       0x40 c:/st/stm32cubeide_1.6.1/stm32cubeide/plugins/com.st.stm32cube.ide.mcu.externaltools.gnu-tools-for-stm32.10.3-2021.10.win32_1.0.0.202111181127/tools/bin/../lib/gcc/arm-none-eabi/10.3.1/thumb/v7e-m+fp/hard/crtbegin.o
 .text          0x00000000080001d0       0x14 c:/st/stm32cubeide_1.6.1/stm32cubeide/plugins/com.st.stm32cube.ide.mcu.externaltools.gnu-tools-for-stm32.10.3-2021.10.win32_1.0.0.202111181127/tools/bin/../lib/gcc/arm-none-eabi/10.3.1/../../../../arm-none-eabi/lib/thumb/v7e-m+fp/hard\libc_nano.a(lib_a-strcmp.o)
                0x00000000080001d0                strcmp
 .text          0x00000000080001e4       0x10 c:/st/stm32cubeide_1.6.1/stm32cubeide/plugins/com.st.stm32cube.ide.mcu.externaltools.gnu-tools-for-stm32.10.3-2021.10.win32_1.0.0.202111181127/tools/bin/../lib/gcc/arm-none-eabi/10.3.1/../../../../arm-none-eabi/lib/thumb/v7e-m+fp/hard\libc_nano.a(lib_a-strlen.o)
                0x00000000080001e4                strlen
 *fill*         0x00000000080001f4        0xc 
 .text          0x0000000008000200       0xa0 c:/st/stm32cubeide_1.6.1/stm32cubeide/plugins/com.st.stm32cube.ide.mcu.externaltools.gnu-tools-for-stm32.10.3-2021.10.win32_1.0.0.202111181127/tools/bin/../lib/gcc/arm-none-eabi/10.3.1/../../../../arm-none-eabi/lib/thumb/v7e-m+fp/hard\libc_nano.a(lib_a-memchr.o)
                0x0000000008000200                memchr
 .text          0x00000000080002a0       0x30 c:/st/stm32cubeide_1.6.1/stm32cubeide/plugins/com.st.stm32cube.ide.mcu.externaltools.gnu-tools-for-stm32.10.3-2021.10.win32_1.0.0.202111181127/tools/bin/../lib/gcc/arm-none-eabi/10.3.1/thumb/v7e-m+fp/hard\libgcc.a(_aeabi_uldivmod.o)
                0x00000000080002a0                __aeabi_uldivmod
 .text          0x00000000080002d0      0x2d0 c:/st/stm32cubeide_1.6.1/stm32cubeide/plugins/com.st.stm32cube.ide.mcu.externaltools.gnu-tools-for-stm32.10.3-2021.10.win32_1.0.0.202111181127/tools/bin/../lib/gcc/arm-none-eabi/10.3.1/thumb/v7e-m+fp/hard\libgcc.a(_udivmoddi4.o)
                0x00000000080002d0                __udivmoddi4
 .text          0x00000000080005a0        0x4 c:/st/stm32cubeide_1.6.1/stm32cubeide/plugins/com.st.stm32cube.ide.mcu.externaltools.gnu-tools-for-stm32.10.3-2021.10.win32_1.0.0.202111181127/tools/bin/../lib/gcc/arm-none-eabi/10.3.1/thumb/v7e-m+fp/hard\libgcc.a(_dvmd_tls.o)
                0x00000000080005a0                __aeabi_idiv0
                0x00000000080005a0                __aeabi_ldiv0
 *(.text*)
 .text.API_Getcommand
                0x00000000080005a4       0xa4 ./Core/Src/FL_API_G2.o
                0x00000000080005a4                API_Getcommand
 .text.API_Command_Data
                0x0000000008000648       0x76 ./Core/Src/FL_API_G2.o
                0x0000000008000648                API_Command_Data
 .text.plotLine
                0x00000000080006be       0xcc ./Core/Src/IO_API_G2.o
                0x00000000080006be                plotLine
 .text.plotRect
                0x000000000800078a       0x9e ./Core/Src/IO_API_G2.o
                0x000000000800078a                plotRect
 .text.plotCircle
                0x0000000008000828       0xea ./Core/Src/IO_API_G2.o
                0x0000000008000828                plotCircle
 *fill*         0x0000000008000912        0x2 
 .text.API_text
                0x0000000008000914      0x100 ./Core/Src/IO_API_G2.o
                0x0000000008000914                API_text
 .text.API_In_DrawLine
                0x0000000008000a14       0x70 ./Core/Src/LL_API_G2.o
                0x0000000008000a14                API_In_DrawLine
 .text.API_In_DrawRectangle
                0x0000000008000a84       0x32 ./Core/Src/LL_API_G2.o
                0x0000000008000a84                API_In_DrawRectangle
 .text.API_In_DrawCirckel
                0x0000000008000ab6       0x28 ./Core/Src/LL_API_G2.o
                0x0000000008000ab6                API_In_DrawCirckel
 .text.API_In_DrawText
                0x0000000008000ade       0x2a ./Core/Src/LL_API_G2.o
                0x0000000008000ade                API_In_DrawText
 .text.show_errno
                0x0000000008000b08       0x6c ./Core/Src/LL_API_G2.o
                0x0000000008000b08                show_errno
 .text.API_ReLi_Sep
                0x0000000008000b74       0x70 ./Core/Src/LL_API_G2.o
                0x0000000008000b74                API_ReLi_Sep
 .text.Seperate_line
                0x0000000008000be4       0xd4 ./Core/Src/LL_API_G2.o
                0x0000000008000be4                Seperate_line
 .text.Seperate_Rectangle
                0x0000000008000cb8       0xd4 ./Core/Src/LL_API_G2.o
                0x0000000008000cb8                Seperate_Rectangle
 .text.Seperate_Circkel
                0x0000000008000d8c       0xd4 ./Core/Src/LL_API_G2.o
                0x0000000008000d8c                Seperate_Circkel
 .text.Seperate_Text
                0x0000000008000e60       0xb8 ./Core/Src/LL_API_G2.o
                0x0000000008000e60                Seperate_Text
 .text.Seperate_Bitmap
                0x0000000008000f18       0x6c ./Core/Src/LL_API_G2.o
                0x0000000008000f18                Seperate_Bitmap
 .text.Seperate_Clearscreen
                0x0000000008000f84       0xd0 ./Core/Src/LL_API_G2.o
                0x0000000008000f84                Seperate_Clearscreen
 .text.MX_DMA_Init
                0x0000000008001054       0x40 ./Core/Src/dma.o
                0x0000000008001054                MX_DMA_Init
 .text.MX_GPIO_Init
                0x0000000008001094       0xf0 ./Core/Src/gpio.o
                0x0000000008001094                MX_GPIO_Init
 .text.main     0x0000000008001184       0x54 ./Core/Src/main.o
                0x0000000008001184                main
 .text.SystemClock_Config
                0x00000000080011d8       0xd4 ./Core/Src/main.o
                0x00000000080011d8                SystemClock_Config
 .text.__io_putchar
                0x00000000080012ac       0x24 ./Core/Src/main.o
                0x00000000080012ac                __io_putchar
 .text.Error_Handler
                0x00000000080012d0        0xe ./Core/Src/main.o
                0x00000000080012d0                Error_Handler
 *fill*         0x00000000080012de        0x2 
 .text.HAL_MspInit
                0x00000000080012e0       0x50 ./Core/Src/stm32f4xx_hal_msp.o
                0x00000000080012e0                HAL_MspInit
 .text.NMI_Handler
                0x0000000008001330        0xe ./Core/Src/stm32f4xx_it.o
                0x0000000008001330                NMI_Handler
 .text.HardFault_Handler
                0x000000000800133e        0x6 ./Core/Src/stm32f4xx_it.o
                0x000000000800133e                HardFault_Handler
 .text.MemManage_Handler
                0x0000000008001344        0x6 ./Core/Src/stm32f4xx_it.o
                0x0000000008001344                MemManage_Handler
 .text.BusFault_Handler
                0x000000000800134a        0x6 ./Core/Src/stm32f4xx_it.o
                0x000000000800134a                BusFault_Handler
 .text.UsageFault_Handler
                0x0000000008001350        0x6 ./Core/Src/stm32f4xx_it.o
                0x0000000008001350                UsageFault_Handler
 .text.SVC_Handler
                0x0000000008001356        0xe ./Core/Src/stm32f4xx_it.o
                0x0000000008001356                SVC_Handler
 .text.DebugMon_Handler
                0x0000000008001364        0xe ./Core/Src/stm32f4xx_it.o
                0x0000000008001364                DebugMon_Handler
 .text.PendSV_Handler
                0x0000000008001372        0xe ./Core/Src/stm32f4xx_it.o
                0x0000000008001372                PendSV_Handler
 .text.SysTick_Handler
                0x0000000008001380        0xc ./Core/Src/stm32f4xx_it.o
                0x0000000008001380                SysTick_Handler
 .text.TIM2_IRQHandler
                0x000000000800138c       0xc4 ./Core/Src/stm32f4xx_it.o
                0x000000000800138c                TIM2_IRQHandler
 .text.USART2_IRQHandler
                0x0000000008001450       0x84 ./Core/Src/stm32f4xx_it.o
                0x0000000008001450                USART2_IRQHandler
 .text.DMA2_Stream5_IRQHandler
                0x00000000080014d4       0x54 ./Core/Src/stm32f4xx_it.o
                0x00000000080014d4                DMA2_Stream5_IRQHandler
 .text._getpid  0x0000000008001528       0x10 ./Core/Src/syscalls.o
                0x0000000008001528                _getpid
 .text._kill    0x0000000008001538       0x20 ./Core/Src/syscalls.o
                0x0000000008001538                _kill
 .text._exit    0x0000000008001558       0x14 ./Core/Src/syscalls.o
                0x0000000008001558                _exit
 .text._read    0x000000000800156c       0x3a ./Core/Src/syscalls.o
                0x000000000800156c                _read
 .text._write   0x00000000080015a6       0x38 ./Core/Src/syscalls.o
                0x00000000080015a6                _write
 .text._close   0x00000000080015de       0x18 ./Core/Src/syscalls.o
                0x00000000080015de                _close
 .text._fstat   0x00000000080015f6       0x20 ./Core/Src/syscalls.o
                0x00000000080015f6                _fstat
 .text._isatty  0x0000000008001616       0x16 ./Core/Src/syscalls.o
                0x0000000008001616                _isatty
 .text._lseek   0x000000000800162c       0x1a ./Core/Src/syscalls.o
                0x000000000800162c                _lseek
 *fill*         0x0000000008001646        0x2 
 .text._sbrk    0x0000000008001648       0x58 ./Core/Src/sysmem.o
                0x0000000008001648                _sbrk
 .text.SystemInit
                0x00000000080016a0       0x2c ./Core/Src/system_stm32f4xx.o
                0x00000000080016a0                SystemInit
 .text.MX_TIM1_Init
                0x00000000080016cc       0xa0 ./Core/Src/tim.o
                0x00000000080016cc                MX_TIM1_Init
 .text.MX_TIM2_Init
                0x000000000800176c       0xd0 ./Core/Src/tim.o
                0x000000000800176c                MX_TIM2_Init
 .text.HAL_TIM_Base_MspInit
                0x000000000800183c       0xa4 ./Core/Src/tim.o
                0x000000000800183c                HAL_TIM_Base_MspInit
 .text.HAL_TIM_PWM_MspInit
                0x00000000080018e0       0x4c ./Core/Src/tim.o
                0x00000000080018e0                HAL_TIM_PWM_MspInit
 .text.HAL_TIM_MspPostInit
                0x000000000800192c       0x70 ./Core/Src/tim.o
                0x000000000800192c                HAL_TIM_MspPostInit
 .text.MX_USART2_UART_Init
                0x000000000800199c       0x54 ./Core/Src/usart.o
                0x000000000800199c                MX_USART2_UART_Init
 .text.HAL_UART_MspInit
                0x00000000080019f0       0xa0 ./Core/Src/usart.o
                0x00000000080019f0                HAL_UART_MspInit
 .text.Reset_Handler
                0x0000000008001a90       0x50 ./Core/Startup/startup_stm32f407vgtx.o
                0x0000000008001a90                Reset_Handler
 .text.Default_Handler
                0x0000000008001ae0        0x2 ./Core/Startup/startup_stm32f407vgtx.o
                0x0000000008001ae0                RTC_Alarm_IRQHandler
                0x0000000008001ae0                HASH_RNG_IRQHandler
                0x0000000008001ae0                EXTI2_IRQHandler
                0x0000000008001ae0                TIM8_CC_IRQHandler
                0x0000000008001ae0                TIM1_CC_IRQHandler
                0x0000000008001ae0                DMA1_Stream5_IRQHandler
                0x0000000008001ae0                PVD_IRQHandler
                0x0000000008001ae0                SDIO_IRQHandler
                0x0000000008001ae0                TAMP_STAMP_IRQHandler
                0x0000000008001ae0                CAN2_RX1_IRQHandler
                0x0000000008001ae0                EXTI3_IRQHandler
                0x0000000008001ae0                TIM8_TRG_COM_TIM14_IRQHandler
                0x0000000008001ae0                TIM1_UP_TIM10_IRQHandler
                0x0000000008001ae0                TIM8_UP_TIM13_IRQHandler
                0x0000000008001ae0                I2C3_ER_IRQHandler
                0x0000000008001ae0                EXTI0_IRQHandler
                0x0000000008001ae0                I2C2_EV_IRQHandler
                0x0000000008001ae0                DMA1_Stream2_IRQHandler
                0x0000000008001ae0                CAN1_RX0_IRQHandler
                0x0000000008001ae0                FPU_IRQHandler
                0x0000000008001ae0                OTG_HS_WKUP_IRQHandler
                0x0000000008001ae0                CAN2_SCE_IRQHandler
                0x0000000008001ae0                DMA2_Stream2_IRQHandler
                0x0000000008001ae0                SPI1_IRQHandler
                0x0000000008001ae0                TIM6_DAC_IRQHandler
                0x0000000008001ae0                TIM1_BRK_TIM9_IRQHandler
                0x0000000008001ae0                DCMI_IRQHandler
                0x0000000008001ae0                CAN2_RX0_IRQHandler
                0x0000000008001ae0                DMA2_Stream3_IRQHandler
                0x0000000008001ae0                USART6_IRQHandler
                0x0000000008001ae0                USART3_IRQHandler
                0x0000000008001ae0                CAN1_RX1_IRQHandler
                0x0000000008001ae0                UART5_IRQHandler
                0x0000000008001ae0                DMA2_Stream0_IRQHandler
                0x0000000008001ae0                TIM4_IRQHandler
                0x0000000008001ae0                I2C1_EV_IRQHandler
                0x0000000008001ae0                DMA1_Stream6_IRQHandler
                0x0000000008001ae0                DMA1_Stream1_IRQHandler
                0x0000000008001ae0                UART4_IRQHandler
                0x0000000008001ae0                TIM3_IRQHandler
                0x0000000008001ae0                RCC_IRQHandler
                0x0000000008001ae0                TIM8_BRK_TIM12_IRQHandler
                0x0000000008001ae0                Default_Handler
                0x0000000008001ae0                EXTI15_10_IRQHandler
                0x0000000008001ae0                ADC_IRQHandler
                0x0000000008001ae0                DMA1_Stream7_IRQHandler
                0x0000000008001ae0                TIM7_IRQHandler
                0x0000000008001ae0                CAN2_TX_IRQHandler
                0x0000000008001ae0                TIM5_IRQHandler
                0x0000000008001ae0                DMA2_Stream7_IRQHandler
                0x0000000008001ae0                I2C3_EV_IRQHandler
                0x0000000008001ae0                EXTI9_5_IRQHandler
                0x0000000008001ae0                RTC_WKUP_IRQHandler
                0x0000000008001ae0                ETH_WKUP_IRQHandler
                0x0000000008001ae0                SPI2_IRQHandler
                0x0000000008001ae0                OTG_HS_EP1_IN_IRQHandler
                0x0000000008001ae0                DMA1_Stream0_IRQHandler
                0x0000000008001ae0                CAN1_TX_IRQHandler
                0x0000000008001ae0                EXTI4_IRQHandler
                0x0000000008001ae0                FSMC_IRQHandler
                0x0000000008001ae0                ETH_IRQHandler
                0x0000000008001ae0                OTG_HS_EP1_OUT_IRQHandler
                0x0000000008001ae0                WWDG_IRQHandler
                0x0000000008001ae0                OTG_FS_WKUP_IRQHandler
                0x0000000008001ae0                TIM1_TRG_COM_TIM11_IRQHandler
                0x0000000008001ae0                OTG_HS_IRQHandler
                0x0000000008001ae0                EXTI1_IRQHandler
                0x0000000008001ae0                I2C2_ER_IRQHandler
                0x0000000008001ae0                DMA2_Stream1_IRQHandler
                0x0000000008001ae0                CAN1_SCE_IRQHandler
                0x0000000008001ae0                FLASH_IRQHandler
                0x0000000008001ae0                DMA2_Stream4_IRQHandler
                0x0000000008001ae0                USART1_IRQHandler
                0x0000000008001ae0                OTG_FS_IRQHandler
                0x0000000008001ae0                SPI3_IRQHandler
                0x0000000008001ae0                DMA1_Stream4_IRQHandler
                0x0000000008001ae0                I2C1_ER_IRQHandler
                0x0000000008001ae0                DMA2_Stream6_IRQHandler
                0x0000000008001ae0                DMA1_Stream3_IRQHandler
 *fill*         0x0000000008001ae2        0x2 
 .text.UB_VGA_Screen_Init
                0x0000000008001ae4       0xa4 ./Core/ub_lib/stm32_ub_vga_screen.o
                0x0000000008001ae4                UB_VGA_Screen_Init
 .text.UB_VGA_FillScreen
                0x0000000008001b88       0x46 ./Core/ub_lib/stm32_ub_vga_screen.o
                0x0000000008001b88                UB_VGA_FillScreen
 *fill*         0x0000000008001bce        0x2 
 .text.UB_VGA_SetPixel
                0x0000000008001bd0       0x50 ./Core/ub_lib/stm32_ub_vga_screen.o
                0x0000000008001bd0                UB_VGA_SetPixel
 .text.HAL_Init
                0x0000000008001c20       0x44 ./Drivers/STM32F4xx_HAL_Driver/Src/stm32f4xx_hal.o
                0x0000000008001c20                HAL_Init
 .text.HAL_InitTick
                0x0000000008001c64       0x60 ./Drivers/STM32F4xx_HAL_Driver/Src/stm32f4xx_hal.o
                0x0000000008001c64                HAL_InitTick
 .text.HAL_IncTick
                0x0000000008001cc4       0x28 ./Drivers/STM32F4xx_HAL_Driver/Src/stm32f4xx_hal.o
                0x0000000008001cc4                HAL_IncTick
 .text.HAL_GetTick
                0x0000000008001cec       0x18 ./Drivers/STM32F4xx_HAL_Driver/Src/stm32f4xx_hal.o
                0x0000000008001cec                HAL_GetTick
 .text.__NVIC_SetPriorityGrouping
                0x0000000008001d04       0x48 ./Drivers/STM32F4xx_HAL_Driver/Src/stm32f4xx_hal_cortex.o
 .text.__NVIC_GetPriorityGrouping
                0x0000000008001d4c       0x1c ./Drivers/STM32F4xx_HAL_Driver/Src/stm32f4xx_hal_cortex.o
 .text.__NVIC_EnableIRQ
                0x0000000008001d68       0x3c ./Drivers/STM32F4xx_HAL_Driver/Src/stm32f4xx_hal_cortex.o
 .text.__NVIC_SetPriority
                0x0000000008001da4       0x54 ./Drivers/STM32F4xx_HAL_Driver/Src/stm32f4xx_hal_cortex.o
 .text.NVIC_EncodePriority
                0x0000000008001df8       0x66 ./Drivers/STM32F4xx_HAL_Driver/Src/stm32f4xx_hal_cortex.o
 *fill*         0x0000000008001e5e        0x2 
 .text.SysTick_Config
                0x0000000008001e60       0x44 ./Drivers/STM32F4xx_HAL_Driver/Src/stm32f4xx_hal_cortex.o
 .text.HAL_NVIC_SetPriorityGrouping
                0x0000000008001ea4       0x16 ./Drivers/STM32F4xx_HAL_Driver/Src/stm32f4xx_hal_cortex.o
                0x0000000008001ea4                HAL_NVIC_SetPriorityGrouping
 .text.HAL_NVIC_SetPriority
                0x0000000008001eba       0x38 ./Drivers/STM32F4xx_HAL_Driver/Src/stm32f4xx_hal_cortex.o
                0x0000000008001eba                HAL_NVIC_SetPriority
 .text.HAL_NVIC_EnableIRQ
                0x0000000008001ef2       0x1c ./Drivers/STM32F4xx_HAL_Driver/Src/stm32f4xx_hal_cortex.o
                0x0000000008001ef2                HAL_NVIC_EnableIRQ
 .text.HAL_SYSTICK_Config
                0x0000000008001f0e       0x18 ./Drivers/STM32F4xx_HAL_Driver/Src/stm32f4xx_hal_cortex.o
                0x0000000008001f0e                HAL_SYSTICK_Config
 *fill*         0x0000000008001f26        0x2 
 .text.HAL_DMA_Init
                0x0000000008001f28      0x15c ./Drivers/STM32F4xx_HAL_Driver/Src/stm32f4xx_hal_dma.o
                0x0000000008001f28                HAL_DMA_Init
 .text.HAL_DMA_Start_IT
                0x0000000008002084       0xb0 ./Drivers/STM32F4xx_HAL_Driver/Src/stm32f4xx_hal_dma.o
                0x0000000008002084                HAL_DMA_Start_IT
 .text.HAL_DMA_Abort_IT
                0x0000000008002134       0x44 ./Drivers/STM32F4xx_HAL_Driver/Src/stm32f4xx_hal_dma.o
                0x0000000008002134                HAL_DMA_Abort_IT
 .text.HAL_DMA_IRQHandler
                0x0000000008002178      0x314 ./Drivers/STM32F4xx_HAL_Driver/Src/stm32f4xx_hal_dma.o
                0x0000000008002178                HAL_DMA_IRQHandler
 .text.DMA_SetConfig
                0x000000000800248c       0x5c ./Drivers/STM32F4xx_HAL_Driver/Src/stm32f4xx_hal_dma.o
 .text.DMA_CalcBaseAndBitshift
                0x00000000080024e8       0x6c ./Drivers/STM32F4xx_HAL_Driver/Src/stm32f4xx_hal_dma.o
 .text.DMA_CheckFifoParam
                0x0000000008002554       0xf8 ./Drivers/STM32F4xx_HAL_Driver/Src/stm32f4xx_hal_dma.o
 .text.HAL_GPIO_Init
                0x000000000800264c      0x338 ./Drivers/STM32F4xx_HAL_Driver/Src/stm32f4xx_hal_gpio.o
                0x000000000800264c                HAL_GPIO_Init
 .text.HAL_GPIO_WritePin
                0x0000000008002984       0x32 ./Drivers/STM32F4xx_HAL_Driver/Src/stm32f4xx_hal_gpio.o
                0x0000000008002984                HAL_GPIO_WritePin
 *fill*         0x00000000080029b6        0x2 
 .text.HAL_RCC_OscConfig
                0x00000000080029b8      0x4dc ./Drivers/STM32F4xx_HAL_Driver/Src/stm32f4xx_hal_rcc.o
                0x00000000080029b8                HAL_RCC_OscConfig
 .text.HAL_RCC_ClockConfig
                0x0000000008002e94      0x1cc ./Drivers/STM32F4xx_HAL_Driver/Src/stm32f4xx_hal_rcc.o
                0x0000000008002e94                HAL_RCC_ClockConfig
 .text.HAL_RCC_GetSysClockFreq
                0x0000000008003060      0x20c ./Drivers/STM32F4xx_HAL_Driver/Src/stm32f4xx_hal_rcc.o
                0x0000000008003060                HAL_RCC_GetSysClockFreq
 .text.HAL_RCC_GetHCLKFreq
                0x000000000800326c       0x18 ./Drivers/STM32F4xx_HAL_Driver/Src/stm32f4xx_hal_rcc.o
                0x000000000800326c                HAL_RCC_GetHCLKFreq
 .text.HAL_RCC_GetPCLK1Freq
                0x0000000008003284       0x28 ./Drivers/STM32F4xx_HAL_Driver/Src/stm32f4xx_hal_rcc.o
                0x0000000008003284                HAL_RCC_GetPCLK1Freq
 .text.HAL_RCC_GetPCLK2Freq
                0x00000000080032ac       0x28 ./Drivers/STM32F4xx_HAL_Driver/Src/stm32f4xx_hal_rcc.o
                0x00000000080032ac                HAL_RCC_GetPCLK2Freq
 .text.HAL_TIM_Base_Init
                0x00000000080032d4       0x56 ./Drivers/STM32F4xx_HAL_Driver/Src/stm32f4xx_hal_tim.o
                0x00000000080032d4                HAL_TIM_Base_Init
 .text.HAL_TIM_Base_Start
                0x000000000800332a       0x48 ./Drivers/STM32F4xx_HAL_Driver/Src/stm32f4xx_hal_tim.o
                0x000000000800332a                HAL_TIM_Base_Start
 .text.HAL_TIM_PWM_Init
                0x0000000008003372       0x56 ./Drivers/STM32F4xx_HAL_Driver/Src/stm32f4xx_hal_tim.o
                0x0000000008003372                HAL_TIM_PWM_Init
 .text.HAL_TIM_PWM_Start
                0x00000000080033c8       0x7c ./Drivers/STM32F4xx_HAL_Driver/Src/stm32f4xx_hal_tim.o
                0x00000000080033c8                HAL_TIM_PWM_Start
 .text.HAL_TIM_PWM_Start_IT
                0x0000000008003444      0x108 ./Drivers/STM32F4xx_HAL_Driver/Src/stm32f4xx_hal_tim.o
                0x0000000008003444                HAL_TIM_PWM_Start_IT
 .text.HAL_TIM_IRQHandler
                0x000000000800354c      0x210 ./Drivers/STM32F4xx_HAL_Driver/Src/stm32f4xx_hal_tim.o
                0x000000000800354c                HAL_TIM_IRQHandler
 .text.HAL_TIM_PWM_ConfigChannel
                0x000000000800375c      0x18c ./Drivers/STM32F4xx_HAL_Driver/Src/stm32f4xx_hal_tim.o
                0x000000000800375c                HAL_TIM_PWM_ConfigChannel
 .text.HAL_TIM_ConfigClockSource
                0x00000000080038e8      0x188 ./Drivers/STM32F4xx_HAL_Driver/Src/stm32f4xx_hal_tim.o
                0x00000000080038e8                HAL_TIM_ConfigClockSource
 .text.HAL_TIM_PeriodElapsedCallback
                0x0000000008003a70       0x14 ./Drivers/STM32F4xx_HAL_Driver/Src/stm32f4xx_hal_tim.o
                0x0000000008003a70                HAL_TIM_PeriodElapsedCallback
 .text.HAL_TIM_OC_DelayElapsedCallback
                0x0000000008003a84       0x14 ./Drivers/STM32F4xx_HAL_Driver/Src/stm32f4xx_hal_tim.o
                0x0000000008003a84                HAL_TIM_OC_DelayElapsedCallback
 .text.HAL_TIM_IC_CaptureCallback
                0x0000000008003a98       0x14 ./Drivers/STM32F4xx_HAL_Driver/Src/stm32f4xx_hal_tim.o
                0x0000000008003a98                HAL_TIM_IC_CaptureCallback
 .text.HAL_TIM_PWM_PulseFinishedCallback
                0x0000000008003aac       0x14 ./Drivers/STM32F4xx_HAL_Driver/Src/stm32f4xx_hal_tim.o
                0x0000000008003aac                HAL_TIM_PWM_PulseFinishedCallback
 .text.HAL_TIM_TriggerCallback
                0x0000000008003ac0       0x14 ./Drivers/STM32F4xx_HAL_Driver/Src/stm32f4xx_hal_tim.o
                0x0000000008003ac0                HAL_TIM_TriggerCallback
 .text.TIM_Base_SetConfig
                0x0000000008003ad4      0x140 ./Drivers/STM32F4xx_HAL_Driver/Src/stm32f4xx_hal_tim.o
                0x0000000008003ad4                TIM_Base_SetConfig
 .text.TIM_OC1_SetConfig
                0x0000000008003c14       0xe0 ./Drivers/STM32F4xx_HAL_Driver/Src/stm32f4xx_hal_tim.o
 .text.TIM_OC2_SetConfig
                0x0000000008003cf4       0xec ./Drivers/STM32F4xx_HAL_Driver/Src/stm32f4xx_hal_tim.o
                0x0000000008003cf4                TIM_OC2_SetConfig
 .text.TIM_OC3_SetConfig
                0x0000000008003de0       0xe8 ./Drivers/STM32F4xx_HAL_Driver/Src/stm32f4xx_hal_tim.o
 .text.TIM_OC4_SetConfig
                0x0000000008003ec8       0xac ./Drivers/STM32F4xx_HAL_Driver/Src/stm32f4xx_hal_tim.o
 .text.TIM_TI1_ConfigInputStage
                0x0000000008003f74       0x5e ./Drivers/STM32F4xx_HAL_Driver/Src/stm32f4xx_hal_tim.o
 .text.TIM_TI2_ConfigInputStage
                0x0000000008003fd2       0x60 ./Drivers/STM32F4xx_HAL_Driver/Src/stm32f4xx_hal_tim.o
 .text.TIM_ITRx_SetConfig
                0x0000000008004032       0x36 ./Drivers/STM32F4xx_HAL_Driver/Src/stm32f4xx_hal_tim.o
 .text.TIM_ETR_SetConfig
                0x0000000008004068       0x40 ./Drivers/STM32F4xx_HAL_Driver/Src/stm32f4xx_hal_tim.o
                0x0000000008004068                TIM_ETR_SetConfig
 .text.TIM_CCxChannelCmd
                0x00000000080040a8       0x4a ./Drivers/STM32F4xx_HAL_Driver/Src/stm32f4xx_hal_tim.o
                0x00000000080040a8                TIM_CCxChannelCmd
 *fill*         0x00000000080040f2        0x2 
 .text.HAL_TIMEx_MasterConfigSynchronization
                0x00000000080040f4       0xf8 ./Drivers/STM32F4xx_HAL_Driver/Src/stm32f4xx_hal_tim_ex.o
                0x00000000080040f4                HAL_TIMEx_MasterConfigSynchronization
 .text.HAL_TIMEx_CommutCallback
                0x00000000080041ec       0x14 ./Drivers/STM32F4xx_HAL_Driver/Src/stm32f4xx_hal_tim_ex.o
                0x00000000080041ec                HAL_TIMEx_CommutCallback
 .text.HAL_TIMEx_BreakCallback
                0x0000000008004200       0x14 ./Drivers/STM32F4xx_HAL_Driver/Src/stm32f4xx_hal_tim_ex.o
                0x0000000008004200                HAL_TIMEx_BreakCallback
 .text.HAL_UART_Init
                0x0000000008004214       0x9a ./Drivers/STM32F4xx_HAL_Driver/Src/stm32f4xx_hal_uart.o
                0x0000000008004214                HAL_UART_Init
 .text.HAL_UART_Transmit
                0x00000000080042ae      0x132 ./Drivers/STM32F4xx_HAL_Driver/Src/stm32f4xx_hal_uart.o
                0x00000000080042ae                HAL_UART_Transmit
 .text.HAL_UART_Receive_IT
                0x00000000080043e0       0xaa ./Drivers/STM32F4xx_HAL_Driver/Src/stm32f4xx_hal_uart.o
                0x00000000080043e0                HAL_UART_Receive_IT
 *fill*         0x000000000800448a        0x2 
 .text.HAL_UART_IRQHandler
                0x000000000800448c      0x200 ./Drivers/STM32F4xx_HAL_Driver/Src/stm32f4xx_hal_uart.o
                0x000000000800448c                HAL_UART_IRQHandler
 .text.HAL_UART_TxCpltCallback
                0x000000000800468c       0x14 ./Drivers/STM32F4xx_HAL_Driver/Src/stm32f4xx_hal_uart.o
                0x000000000800468c                HAL_UART_TxCpltCallback
 .text.HAL_UART_RxCpltCallback
                0x00000000080046a0       0x14 ./Drivers/STM32F4xx_HAL_Driver/Src/stm32f4xx_hal_uart.o
                0x00000000080046a0                HAL_UART_RxCpltCallback
 .text.HAL_UART_ErrorCallback
                0x00000000080046b4       0x14 ./Drivers/STM32F4xx_HAL_Driver/Src/stm32f4xx_hal_uart.o
                0x00000000080046b4                HAL_UART_ErrorCallback
 .text.UART_WaitOnFlagUntilTimeout
                0x00000000080046c8       0x94 ./Drivers/STM32F4xx_HAL_Driver/Src/stm32f4xx_hal_uart.o
 .text.UART_EndRxTransfer
                0x000000000800475c       0x3c ./Drivers/STM32F4xx_HAL_Driver/Src/stm32f4xx_hal_uart.o
 .text.UART_DMAAbortOnError
                0x0000000008004798       0x28 ./Drivers/STM32F4xx_HAL_Driver/Src/stm32f4xx_hal_uart.o
 .text.UART_Transmit_IT
                0x00000000080047c0       0xac ./Drivers/STM32F4xx_HAL_Driver/Src/stm32f4xx_hal_uart.o
 .text.UART_EndTransmit_IT
                0x000000000800486c       0x30 ./Drivers/STM32F4xx_HAL_Driver/Src/stm32f4xx_hal_uart.o
 .text.UART_Receive_IT
                0x000000000800489c      0x102 ./Drivers/STM32F4xx_HAL_Driver/Src/stm32f4xx_hal_uart.o
 *fill*         0x000000000800499e        0x2 
 .text.UART_SetConfig
                0x00000000080049a0      0x99c ./Drivers/STM32F4xx_HAL_Driver/Src/stm32f4xx_hal_uart.o
 .text.atoi     0x000000000800533c        0x8 c:/st/stm32cubeide_1.6.1/stm32cubeide/plugins/com.st.stm32cube.ide.mcu.externaltools.gnu-tools-for-stm32.10.3-2021.10.win32_1.0.0.202111181127/tools/bin/../lib/gcc/arm-none-eabi/10.3.1/../../../../arm-none-eabi/lib/thumb/v7e-m+fp/hard\libc_nano.a(lib_a-atoi.o)
                0x000000000800533c                atoi
 .text.__errno  0x0000000008005344        0xc c:/st/stm32cubeide_1.6.1/stm32cubeide/plugins/com.st.stm32cube.ide.mcu.externaltools.gnu-tools-for-stm32.10.3-2021.10.win32_1.0.0.202111181127/tools/bin/../lib/gcc/arm-none-eabi/10.3.1/../../../../arm-none-eabi/lib/thumb/v7e-m+fp/hard\libc_nano.a(lib_a-errno.o)
                0x0000000008005344                __errno
 .text.__sflush_r
                0x0000000008005350      0x10c c:/st/stm32cubeide_1.6.1/stm32cubeide/plugins/com.st.stm32cube.ide.mcu.externaltools.gnu-tools-for-stm32.10.3-2021.10.win32_1.0.0.202111181127/tools/bin/../lib/gcc/arm-none-eabi/10.3.1/../../../../arm-none-eabi/lib/thumb/v7e-m+fp/hard\libc_nano.a(lib_a-fflush.o)
                0x0000000008005350                __sflush_r
 .text._fflush_r
                0x000000000800545c       0x78 c:/st/stm32cubeide_1.6.1/stm32cubeide/plugins/com.st.stm32cube.ide.mcu.externaltools.gnu-tools-for-stm32.10.3-2021.10.win32_1.0.0.202111181127/tools/bin/../lib/gcc/arm-none-eabi/10.3.1/../../../../arm-none-eabi/lib/thumb/v7e-m+fp/hard\libc_nano.a(lib_a-fflush.o)
                0x000000000800545c                _fflush_r
 .text.fflush   0x00000000080054d4       0x24 c:/st/stm32cubeide_1.6.1/stm32cubeide/plugins/com.st.stm32cube.ide.mcu.externaltools.gnu-tools-for-stm32.10.3-2021.10.win32_1.0.0.202111181127/tools/bin/../lib/gcc/arm-none-eabi/10.3.1/../../../../arm-none-eabi/lib/thumb/v7e-m+fp/hard\libc_nano.a(lib_a-fflush.o)
                0x00000000080054d4                fflush
 .text.std      0x00000000080054f8       0x48 c:/st/stm32cubeide_1.6.1/stm32cubeide/plugins/com.st.stm32cube.ide.mcu.externaltools.gnu-tools-for-stm32.10.3-2021.10.win32_1.0.0.202111181127/tools/bin/../lib/gcc/arm-none-eabi/10.3.1/../../../../arm-none-eabi/lib/thumb/v7e-m+fp/hard\libc_nano.a(lib_a-findfp.o)
 .text._cleanup_r
                0x0000000008005540        0xc c:/st/stm32cubeide_1.6.1/stm32cubeide/plugins/com.st.stm32cube.ide.mcu.externaltools.gnu-tools-for-stm32.10.3-2021.10.win32_1.0.0.202111181127/tools/bin/../lib/gcc/arm-none-eabi/10.3.1/../../../../arm-none-eabi/lib/thumb/v7e-m+fp/hard\libc_nano.a(lib_a-findfp.o)
                0x0000000008005540                _cleanup_r
 .text.__sfmoreglue
                0x000000000800554c       0x2c c:/st/stm32cubeide_1.6.1/stm32cubeide/plugins/com.st.stm32cube.ide.mcu.externaltools.gnu-tools-for-stm32.10.3-2021.10.win32_1.0.0.202111181127/tools/bin/../lib/gcc/arm-none-eabi/10.3.1/../../../../arm-none-eabi/lib/thumb/v7e-m+fp/hard\libc_nano.a(lib_a-findfp.o)
                0x000000000800554c                __sfmoreglue
 .text.__sfp_lock_acquire
                0x0000000008005578        0xc c:/st/stm32cubeide_1.6.1/stm32cubeide/plugins/com.st.stm32cube.ide.mcu.externaltools.gnu-tools-for-stm32.10.3-2021.10.win32_1.0.0.202111181127/tools/bin/../lib/gcc/arm-none-eabi/10.3.1/../../../../arm-none-eabi/lib/thumb/v7e-m+fp/hard\libc_nano.a(lib_a-findfp.o)
                0x0000000008005578                __sfp_lock_acquire
 .text.__sfp_lock_release
                0x0000000008005584        0xc c:/st/stm32cubeide_1.6.1/stm32cubeide/plugins/com.st.stm32cube.ide.mcu.externaltools.gnu-tools-for-stm32.10.3-2021.10.win32_1.0.0.202111181127/tools/bin/../lib/gcc/arm-none-eabi/10.3.1/../../../../arm-none-eabi/lib/thumb/v7e-m+fp/hard\libc_nano.a(lib_a-findfp.o)
                0x0000000008005584                __sfp_lock_release
 .text.__sinit_lock_acquire
                0x0000000008005590        0xc c:/st/stm32cubeide_1.6.1/stm32cubeide/plugins/com.st.stm32cube.ide.mcu.externaltools.gnu-tools-for-stm32.10.3-2021.10.win32_1.0.0.202111181127/tools/bin/../lib/gcc/arm-none-eabi/10.3.1/../../../../arm-none-eabi/lib/thumb/v7e-m+fp/hard\libc_nano.a(lib_a-findfp.o)
                0x0000000008005590                __sinit_lock_acquire
 .text.__sinit_lock_release
                0x000000000800559c        0xc c:/st/stm32cubeide_1.6.1/stm32cubeide/plugins/com.st.stm32cube.ide.mcu.externaltools.gnu-tools-for-stm32.10.3-2021.10.win32_1.0.0.202111181127/tools/bin/../lib/gcc/arm-none-eabi/10.3.1/../../../../arm-none-eabi/lib/thumb/v7e-m+fp/hard\libc_nano.a(lib_a-findfp.o)
                0x000000000800559c                __sinit_lock_release
 .text.__sinit  0x00000000080055a8       0x70 c:/st/stm32cubeide_1.6.1/stm32cubeide/plugins/com.st.stm32cube.ide.mcu.externaltools.gnu-tools-for-stm32.10.3-2021.10.win32_1.0.0.202111181127/tools/bin/../lib/gcc/arm-none-eabi/10.3.1/../../../../arm-none-eabi/lib/thumb/v7e-m+fp/hard\libc_nano.a(lib_a-findfp.o)
                0x00000000080055a8                __sinit
 .text.__sfp    0x0000000008005618       0x8c c:/st/stm32cubeide_1.6.1/stm32cubeide/plugins/com.st.stm32cube.ide.mcu.externaltools.gnu-tools-for-stm32.10.3-2021.10.win32_1.0.0.202111181127/tools/bin/../lib/gcc/arm-none-eabi/10.3.1/../../../../arm-none-eabi/lib/thumb/v7e-m+fp/hard\libc_nano.a(lib_a-findfp.o)
                0x0000000008005618                __sfp
 .text._fwalk_reent
                0x00000000080056a4       0x3e c:/st/stm32cubeide_1.6.1/stm32cubeide/plugins/com.st.stm32cube.ide.mcu.externaltools.gnu-tools-for-stm32.10.3-2021.10.win32_1.0.0.202111181127/tools/bin/../lib/gcc/arm-none-eabi/10.3.1/../../../../arm-none-eabi/lib/thumb/v7e-m+fp/hard\libc_nano.a(lib_a-fwalk.o)
                0x00000000080056a4                _fwalk_reent
 *fill*         0x00000000080056e2        0x2 
 .text.__libc_init_array
                0x00000000080056e4       0x48 c:/st/stm32cubeide_1.6.1/stm32cubeide/plugins/com.st.stm32cube.ide.mcu.externaltools.gnu-tools-for-stm32.10.3-2021.10.win32_1.0.0.202111181127/tools/bin/../lib/gcc/arm-none-eabi/10.3.1/../../../../arm-none-eabi/lib/thumb/v7e-m+fp/hard\libc_nano.a(lib_a-init.o)
                0x00000000080056e4                __libc_init_array
 .text.__retarget_lock_init_recursive
                0x000000000800572c        0x2 c:/st/stm32cubeide_1.6.1/stm32cubeide/plugins/com.st.stm32cube.ide.mcu.externaltools.gnu-tools-for-stm32.10.3-2021.10.win32_1.0.0.202111181127/tools/bin/../lib/gcc/arm-none-eabi/10.3.1/../../../../arm-none-eabi/lib/thumb/v7e-m+fp/hard\libc_nano.a(lib_a-lock.o)
                0x000000000800572c                __retarget_lock_init_recursive
 .text.__retarget_lock_acquire_recursive
                0x000000000800572e        0x2 c:/st/stm32cubeide_1.6.1/stm32cubeide/plugins/com.st.stm32cube.ide.mcu.externaltools.gnu-tools-for-stm32.10.3-2021.10.win32_1.0.0.202111181127/tools/bin/../lib/gcc/arm-none-eabi/10.3.1/../../../../arm-none-eabi/lib/thumb/v7e-m+fp/hard\libc_nano.a(lib_a-lock.o)
                0x000000000800572e                __retarget_lock_acquire_recursive
 .text.__retarget_lock_release_recursive
                0x0000000008005730        0x2 c:/st/stm32cubeide_1.6.1/stm32cubeide/plugins/com.st.stm32cube.ide.mcu.externaltools.gnu-tools-for-stm32.10.3-2021.10.win32_1.0.0.202111181127/tools/bin/../lib/gcc/arm-none-eabi/10.3.1/../../../../arm-none-eabi/lib/thumb/v7e-m+fp/hard\libc_nano.a(lib_a-lock.o)
                0x0000000008005730                __retarget_lock_release_recursive
 .text.memcpy   0x0000000008005732       0x1c c:/st/stm32cubeide_1.6.1/stm32cubeide/plugins/com.st.stm32cube.ide.mcu.externaltools.gnu-tools-for-stm32.10.3-2021.10.win32_1.0.0.202111181127/tools/bin/../lib/gcc/arm-none-eabi/10.3.1/../../../../arm-none-eabi/lib/thumb/v7e-m+fp/hard\libc_nano.a(lib_a-memcpy-stub.o)
                0x0000000008005732                memcpy
 .text.memset   0x000000000800574e       0x10 c:/st/stm32cubeide_1.6.1/stm32cubeide/plugins/com.st.stm32cube.ide.mcu.externaltools.gnu-tools-for-stm32.10.3-2021.10.win32_1.0.0.202111181127/tools/bin/../lib/gcc/arm-none-eabi/10.3.1/../../../../arm-none-eabi/lib/thumb/v7e-m+fp/hard\libc_nano.a(lib_a-memset.o)
                0x000000000800574e                memset
 *fill*         0x000000000800575e        0x2 
 .text._free_r  0x0000000008005760       0x98 c:/st/stm32cubeide_1.6.1/stm32cubeide/plugins/com.st.stm32cube.ide.mcu.externaltools.gnu-tools-for-stm32.10.3-2021.10.win32_1.0.0.202111181127/tools/bin/../lib/gcc/arm-none-eabi/10.3.1/../../../../arm-none-eabi/lib/thumb/v7e-m+fp/hard\libc_nano.a(lib_a-nano-freer.o)
                0x0000000008005760                _free_r
 .text.sbrk_aligned
                0x00000000080057f8       0x40 c:/st/stm32cubeide_1.6.1/stm32cubeide/plugins/com.st.stm32cube.ide.mcu.externaltools.gnu-tools-for-stm32.10.3-2021.10.win32_1.0.0.202111181127/tools/bin/../lib/gcc/arm-none-eabi/10.3.1/../../../../arm-none-eabi/lib/thumb/v7e-m+fp/hard\libc_nano.a(lib_a-nano-mallocr.o)
 .text._malloc_r
                0x0000000008005838       0xe8 c:/st/stm32cubeide_1.6.1/stm32cubeide/plugins/com.st.stm32cube.ide.mcu.externaltools.gnu-tools-for-stm32.10.3-2021.10.win32_1.0.0.202111181127/tools/bin/../lib/gcc/arm-none-eabi/10.3.1/../../../../arm-none-eabi/lib/thumb/v7e-m+fp/hard\libc_nano.a(lib_a-nano-mallocr.o)
                0x0000000008005838                _malloc_r
 .text.printf   0x0000000008005920       0x30 c:/st/stm32cubeide_1.6.1/stm32cubeide/plugins/com.st.stm32cube.ide.mcu.externaltools.gnu-tools-for-stm32.10.3-2021.10.win32_1.0.0.202111181127/tools/bin/../lib/gcc/arm-none-eabi/10.3.1/../../../../arm-none-eabi/lib/thumb/v7e-m+fp/hard\libc_nano.a(lib_a-printf.o)
                0x0000000008005920                iprintf
                0x0000000008005920                printf
 .text._sbrk_r  0x0000000008005950       0x20 c:/st/stm32cubeide_1.6.1/stm32cubeide/plugins/com.st.stm32cube.ide.mcu.externaltools.gnu-tools-for-stm32.10.3-2021.10.win32_1.0.0.202111181127/tools/bin/../lib/gcc/arm-none-eabi/10.3.1/../../../../arm-none-eabi/lib/thumb/v7e-m+fp/hard\libc_nano.a(lib_a-sbrkr.o)
                0x0000000008005950                _sbrk_r
 .text.__sread  0x0000000008005970       0x22 c:/st/stm32cubeide_1.6.1/stm32cubeide/plugins/com.st.stm32cube.ide.mcu.externaltools.gnu-tools-for-stm32.10.3-2021.10.win32_1.0.0.202111181127/tools/bin/../lib/gcc/arm-none-eabi/10.3.1/../../../../arm-none-eabi/lib/thumb/v7e-m+fp/hard\libc_nano.a(lib_a-stdio.o)
                0x0000000008005970                __sread
 .text.__swrite
                0x0000000008005992       0x38 c:/st/stm32cubeide_1.6.1/stm32cubeide/plugins/com.st.stm32cube.ide.mcu.externaltools.gnu-tools-for-stm32.10.3-2021.10.win32_1.0.0.202111181127/tools/bin/../lib/gcc/arm-none-eabi/10.3.1/../../../../arm-none-eabi/lib/thumb/v7e-m+fp/hard\libc_nano.a(lib_a-stdio.o)
                0x0000000008005992                __swrite
 .text.__sseek  0x00000000080059ca       0x24 c:/st/stm32cubeide_1.6.1/stm32cubeide/plugins/com.st.stm32cube.ide.mcu.externaltools.gnu-tools-for-stm32.10.3-2021.10.win32_1.0.0.202111181127/tools/bin/../lib/gcc/arm-none-eabi/10.3.1/../../../../arm-none-eabi/lib/thumb/v7e-m+fp/hard\libc_nano.a(lib_a-stdio.o)
                0x00000000080059ca                __sseek
 .text.__sclose
                0x00000000080059ee        0x8 c:/st/stm32cubeide_1.6.1/stm32cubeide/plugins/com.st.stm32cube.ide.mcu.externaltools.gnu-tools-for-stm32.10.3-2021.10.win32_1.0.0.202111181127/tools/bin/../lib/gcc/arm-none-eabi/10.3.1/../../../../arm-none-eabi/lib/thumb/v7e-m+fp/hard\libc_nano.a(lib_a-stdio.o)
                0x00000000080059ee                __sclose
 .text.strncmp  0x00000000080059f6       0x28 c:/st/stm32cubeide_1.6.1/stm32cubeide/plugins/com.st.stm32cube.ide.mcu.externaltools.gnu-tools-for-stm32.10.3-2021.10.win32_1.0.0.202111181127/tools/bin/../lib/gcc/arm-none-eabi/10.3.1/../../../../arm-none-eabi/lib/thumb/v7e-m+fp/hard\libc_nano.a(lib_a-strncmp.o)
                0x00000000080059f6                strncmp
 .text.strncpy  0x0000000008005a1e       0x26 c:/st/stm32cubeide_1.6.1/stm32cubeide/plugins/com.st.stm32cube.ide.mcu.externaltools.gnu-tools-for-stm32.10.3-2021.10.win32_1.0.0.202111181127/tools/bin/../lib/gcc/arm-none-eabi/10.3.1/../../../../arm-none-eabi/lib/thumb/v7e-m+fp/hard\libc_nano.a(lib_a-strncpy.o)
                0x0000000008005a1e                strncpy
 .text.strtok   0x0000000008005a44       0x68 c:/st/stm32cubeide_1.6.1/stm32cubeide/plugins/com.st.stm32cube.ide.mcu.externaltools.gnu-tools-for-stm32.10.3-2021.10.win32_1.0.0.202111181127/tools/bin/../lib/gcc/arm-none-eabi/10.3.1/../../../../arm-none-eabi/lib/thumb/v7e-m+fp/hard\libc_nano.a(lib_a-strtok.o)
                0x0000000008005a44                strtok
 .text.__strtok_r
                0x0000000008005aac       0x50 c:/st/stm32cubeide_1.6.1/stm32cubeide/plugins/com.st.stm32cube.ide.mcu.externaltools.gnu-tools-for-stm32.10.3-2021.10.win32_1.0.0.202111181127/tools/bin/../lib/gcc/arm-none-eabi/10.3.1/../../../../arm-none-eabi/lib/thumb/v7e-m+fp/hard\libc_nano.a(lib_a-strtok_r.o)
                0x0000000008005aac                __strtok_r
 .text._strtol_l.constprop.0
                0x0000000008005afc      0x104 c:/st/stm32cubeide_1.6.1/stm32cubeide/plugins/com.st.stm32cube.ide.mcu.externaltools.gnu-tools-for-stm32.10.3-2021.10.win32_1.0.0.202111181127/tools/bin/../lib/gcc/arm-none-eabi/10.3.1/../../../../arm-none-eabi/lib/thumb/v7e-m+fp/hard\libc_nano.a(lib_a-strtol.o)
 .text.strtol   0x0000000008005c00       0x14 c:/st/stm32cubeide_1.6.1/stm32cubeide/plugins/com.st.stm32cube.ide.mcu.externaltools.gnu-tools-for-stm32.10.3-2021.10.win32_1.0.0.202111181127/tools/bin/../lib/gcc/arm-none-eabi/10.3.1/../../../../arm-none-eabi/lib/thumb/v7e-m+fp/hard\libc_nano.a(lib_a-strtol.o)
                0x0000000008005c00                strtol
 .text._write_r
                0x0000000008005c14       0x24 c:/st/stm32cubeide_1.6.1/stm32cubeide/plugins/com.st.stm32cube.ide.mcu.externaltools.gnu-tools-for-stm32.10.3-2021.10.win32_1.0.0.202111181127/tools/bin/../lib/gcc/arm-none-eabi/10.3.1/../../../../arm-none-eabi/lib/thumb/v7e-m+fp/hard\libc_nano.a(lib_a-writer.o)
                0x0000000008005c14                _write_r
 .text.__assert_func
                0x0000000008005c38       0x3c c:/st/stm32cubeide_1.6.1/stm32cubeide/plugins/com.st.stm32cube.ide.mcu.externaltools.gnu-tools-for-stm32.10.3-2021.10.win32_1.0.0.202111181127/tools/bin/../lib/gcc/arm-none-eabi/10.3.1/../../../../arm-none-eabi/lib/thumb/v7e-m+fp/hard\libc_nano.a(lib_a-assert.o)
                0x0000000008005c38                __assert_func
 .text._close_r
                0x0000000008005c74       0x20 c:/st/stm32cubeide_1.6.1/stm32cubeide/plugins/com.st.stm32cube.ide.mcu.externaltools.gnu-tools-for-stm32.10.3-2021.10.win32_1.0.0.202111181127/tools/bin/../lib/gcc/arm-none-eabi/10.3.1/../../../../arm-none-eabi/lib/thumb/v7e-m+fp/hard\libc_nano.a(lib_a-closer.o)
                0x0000000008005c74                _close_r
 .text.fprintf  0x0000000008005c94       0x24 c:/st/stm32cubeide_1.6.1/stm32cubeide/plugins/com.st.stm32cube.ide.mcu.externaltools.gnu-tools-for-stm32.10.3-2021.10.win32_1.0.0.202111181127/tools/bin/../lib/gcc/arm-none-eabi/10.3.1/../../../../arm-none-eabi/lib/thumb/v7e-m+fp/hard\libc_nano.a(lib_a-fprintf.o)
                0x0000000008005c94                fiprintf
                0x0000000008005c94                fprintf
 .text._lseek_r
                0x0000000008005cb8       0x24 c:/st/stm32cubeide_1.6.1/stm32cubeide/plugins/com.st.stm32cube.ide.mcu.externaltools.gnu-tools-for-stm32.10.3-2021.10.win32_1.0.0.202111181127/tools/bin/../lib/gcc/arm-none-eabi/10.3.1/../../../../arm-none-eabi/lib/thumb/v7e-m+fp/hard\libc_nano.a(lib_a-lseekr.o)
                0x0000000008005cb8                _lseek_r
 .text.malloc   0x0000000008005cdc       0x10 c:/st/stm32cubeide_1.6.1/stm32cubeide/plugins/com.st.stm32cube.ide.mcu.externaltools.gnu-tools-for-stm32.10.3-2021.10.win32_1.0.0.202111181127/tools/bin/../lib/gcc/arm-none-eabi/10.3.1/../../../../arm-none-eabi/lib/thumb/v7e-m+fp/hard\libc_nano.a(lib_a-malloc.o)
                0x0000000008005cdc                malloc
 .text.__malloc_lock
                0x0000000008005cec        0xc c:/st/stm32cubeide_1.6.1/stm32cubeide/plugins/com.st.stm32cube.ide.mcu.externaltools.gnu-tools-for-stm32.10.3-2021.10.win32_1.0.0.202111181127/tools/bin/../lib/gcc/arm-none-eabi/10.3.1/../../../../arm-none-eabi/lib/thumb/v7e-m+fp/hard\libc_nano.a(lib_a-mlock.o)
                0x0000000008005cec                __malloc_lock
 .text.__malloc_unlock
                0x0000000008005cf8        0xc c:/st/stm32cubeide_1.6.1/stm32cubeide/plugins/com.st.stm32cube.ide.mcu.externaltools.gnu-tools-for-stm32.10.3-2021.10.win32_1.0.0.202111181127/tools/bin/../lib/gcc/arm-none-eabi/10.3.1/../../../../arm-none-eabi/lib/thumb/v7e-m+fp/hard\libc_nano.a(lib_a-mlock.o)
                0x0000000008005cf8                __malloc_unlock
 .text.__sfputc_r
                0x0000000008005d04       0x2e c:/st/stm32cubeide_1.6.1/stm32cubeide/plugins/com.st.stm32cube.ide.mcu.externaltools.gnu-tools-for-stm32.10.3-2021.10.win32_1.0.0.202111181127/tools/bin/../lib/gcc/arm-none-eabi/10.3.1/../../../../arm-none-eabi/lib/thumb/v7e-m+fp/hard\libc_nano.a(lib_a-nano-vfprintf.o)
 .text.__sfputs_r
                0x0000000008005d32       0x24 c:/st/stm32cubeide_1.6.1/stm32cubeide/plugins/com.st.stm32cube.ide.mcu.externaltools.gnu-tools-for-stm32.10.3-2021.10.win32_1.0.0.202111181127/tools/bin/../lib/gcc/arm-none-eabi/10.3.1/../../../../arm-none-eabi/lib/thumb/v7e-m+fp/hard\libc_nano.a(lib_a-nano-vfprintf.o)
                0x0000000008005d32                __sfputs_r
 *fill*         0x0000000008005d56        0x2 
 .text._vfprintf_r
                0x0000000008005d58      0x260 c:/st/stm32cubeide_1.6.1/stm32cubeide/plugins/com.st.stm32cube.ide.mcu.externaltools.gnu-tools-for-stm32.10.3-2021.10.win32_1.0.0.202111181127/tools/bin/../lib/gcc/arm-none-eabi/10.3.1/../../../../arm-none-eabi/lib/thumb/v7e-m+fp/hard\libc_nano.a(lib_a-nano-vfprintf.o)
                0x0000000008005d58                _vfprintf_r
                0x0000000008005d58                _vfiprintf_r
 .text._printf_common
                0x0000000008005fb8       0xda c:/st/stm32cubeide_1.6.1/stm32cubeide/plugins/com.st.stm32cube.ide.mcu.externaltools.gnu-tools-for-stm32.10.3-2021.10.win32_1.0.0.202111181127/tools/bin/../lib/gcc/arm-none-eabi/10.3.1/../../../../arm-none-eabi/lib/thumb/v7e-m+fp/hard\libc_nano.a(lib_a-nano-vfprintf_i.o)
                0x0000000008005fb8                _printf_common
 *fill*         0x0000000008006092        0x2 
 .text._printf_i
                0x0000000008006094      0x24c c:/st/stm32cubeide_1.6.1/stm32cubeide/plugins/com.st.stm32cube.ide.mcu.externaltools.gnu-tools-for-stm32.10.3-2021.10.win32_1.0.0.202111181127/tools/bin/../lib/gcc/arm-none-eabi/10.3.1/../../../../arm-none-eabi/lib/thumb/v7e-m+fp/hard\libc_nano.a(lib_a-nano-vfprintf_i.o)
                0x0000000008006094                _printf_i
 .text._read_r  0x00000000080062e0       0x24 c:/st/stm32cubeide_1.6.1/stm32cubeide/plugins/com.st.stm32cube.ide.mcu.externaltools.gnu-tools-for-stm32.10.3-2021.10.win32_1.0.0.202111181127/tools/bin/../lib/gcc/arm-none-eabi/10.3.1/../../../../arm-none-eabi/lib/thumb/v7e-m+fp/hard\libc_nano.a(lib_a-readr.o)
                0x00000000080062e0                _read_r
 .text.__swbuf_r
                0x0000000008006304       0xa4 c:/st/stm32cubeide_1.6.1/stm32cubeide/plugins/com.st.stm32cube.ide.mcu.externaltools.gnu-tools-for-stm32.10.3-2021.10.win32_1.0.0.202111181127/tools/bin/../lib/gcc/arm-none-eabi/10.3.1/../../../../arm-none-eabi/lib/thumb/v7e-m+fp/hard\libc_nano.a(lib_a-wbuf.o)
                0x0000000008006304                __swbuf_r
 .text.__swsetup_r
                0x00000000080063a8       0xdc c:/st/stm32cubeide_1.6.1/stm32cubeide/plugins/com.st.stm32cube.ide.mcu.externaltools.gnu-tools-for-stm32.10.3-2021.10.win32_1.0.0.202111181127/tools/bin/../lib/gcc/arm-none-eabi/10.3.1/../../../../arm-none-eabi/lib/thumb/v7e-m+fp/hard\libc_nano.a(lib_a-wsetup.o)
                0x00000000080063a8                __swsetup_r
 .text.abort    0x0000000008006484        0xe c:/st/stm32cubeide_1.6.1/stm32cubeide/plugins/com.st.stm32cube.ide.mcu.externaltools.gnu-tools-for-stm32.10.3-2021.10.win32_1.0.0.202111181127/tools/bin/../lib/gcc/arm-none-eabi/10.3.1/../../../../arm-none-eabi/lib/thumb/v7e-m+fp/hard\libc_nano.a(lib_a-abort.o)
                0x0000000008006484                abort
 .text.__swhatbuf_r
                0x0000000008006492       0x4a c:/st/stm32cubeide_1.6.1/stm32cubeide/plugins/com.st.stm32cube.ide.mcu.externaltools.gnu-tools-for-stm32.10.3-2021.10.win32_1.0.0.202111181127/tools/bin/../lib/gcc/arm-none-eabi/10.3.1/../../../../arm-none-eabi/lib/thumb/v7e-m+fp/hard\libc_nano.a(lib_a-makebuf.o)
                0x0000000008006492                __swhatbuf_r
 .text.__smakebuf_r
                0x00000000080064dc       0x80 c:/st/stm32cubeide_1.6.1/stm32cubeide/plugins/com.st.stm32cube.ide.mcu.externaltools.gnu-tools-for-stm32.10.3-2021.10.win32_1.0.0.202111181127/tools/bin/../lib/gcc/arm-none-eabi/10.3.1/../../../../arm-none-eabi/lib/thumb/v7e-m+fp/hard\libc_nano.a(lib_a-makebuf.o)
                0x00000000080064dc                __smakebuf_r
 .text._raise_r
                0x000000000800655c       0x50 c:/st/stm32cubeide_1.6.1/stm32cubeide/plugins/com.st.stm32cube.ide.mcu.externaltools.gnu-tools-for-stm32.10.3-2021.10.win32_1.0.0.202111181127/tools/bin/../lib/gcc/arm-none-eabi/10.3.1/../../../../arm-none-eabi/lib/thumb/v7e-m+fp/hard\libc_nano.a(lib_a-signal.o)
                0x000000000800655c                _raise_r
 .text.raise    0x00000000080065ac       0x10 c:/st/stm32cubeide_1.6.1/stm32cubeide/plugins/com.st.stm32cube.ide.mcu.externaltools.gnu-tools-for-stm32.10.3-2021.10.win32_1.0.0.202111181127/tools/bin/../lib/gcc/arm-none-eabi/10.3.1/../../../../arm-none-eabi/lib/thumb/v7e-m+fp/hard\libc_nano.a(lib_a-signal.o)
                0x00000000080065ac                raise
 .text._kill_r  0x00000000080065bc       0x24 c:/st/stm32cubeide_1.6.1/stm32cubeide/plugins/com.st.stm32cube.ide.mcu.externaltools.gnu-tools-for-stm32.10.3-2021.10.win32_1.0.0.202111181127/tools/bin/../lib/gcc/arm-none-eabi/10.3.1/../../../../arm-none-eabi/lib/thumb/v7e-m+fp/hard\libc_nano.a(lib_a-signalr.o)
                0x00000000080065bc                _kill_r
 .text._getpid_r
                0x00000000080065e0        0x4 c:/st/stm32cubeide_1.6.1/stm32cubeide/plugins/com.st.stm32cube.ide.mcu.externaltools.gnu-tools-for-stm32.10.3-2021.10.win32_1.0.0.202111181127/tools/bin/../lib/gcc/arm-none-eabi/10.3.1/../../../../arm-none-eabi/lib/thumb/v7e-m+fp/hard\libc_nano.a(lib_a-signalr.o)
                0x00000000080065e0                _getpid_r
 .text._fstat_r
                0x00000000080065e4       0x24 c:/st/stm32cubeide_1.6.1/stm32cubeide/plugins/com.st.stm32cube.ide.mcu.externaltools.gnu-tools-for-stm32.10.3-2021.10.win32_1.0.0.202111181127/tools/bin/../lib/gcc/arm-none-eabi/10.3.1/../../../../arm-none-eabi/lib/thumb/v7e-m+fp/hard\libc_nano.a(lib_a-fstatr.o)
                0x00000000080065e4                _fstat_r
 .text._isatty_r
                0x0000000008006608       0x20 c:/st/stm32cubeide_1.6.1/stm32cubeide/plugins/com.st.stm32cube.ide.mcu.externaltools.gnu-tools-for-stm32.10.3-2021.10.win32_1.0.0.202111181127/tools/bin/../lib/gcc/arm-none-eabi/10.3.1/../../../../arm-none-eabi/lib/thumb/v7e-m+fp/hard\libc_nano.a(lib_a-isattyr.o)
                0x0000000008006608                _isatty_r
 *(.glue_7)
 .glue_7        0x0000000008006628        0x0 linker stubs
 *(.glue_7t)
 .glue_7t       0x0000000008006628        0x0 linker stubs
 *(.eh_frame)
 .eh_frame      0x0000000008006628        0x0 c:/st/stm32cubeide_1.6.1/stm32cubeide/plugins/com.st.stm32cube.ide.mcu.externaltools.gnu-tools-for-stm32.10.3-2021.10.win32_1.0.0.202111181127/tools/bin/../lib/gcc/arm-none-eabi/10.3.1/thumb/v7e-m+fp/hard/crtbegin.o
 *(.init)
 .init          0x0000000008006628        0x4 c:/st/stm32cubeide_1.6.1/stm32cubeide/plugins/com.st.stm32cube.ide.mcu.externaltools.gnu-tools-for-stm32.10.3-2021.10.win32_1.0.0.202111181127/tools/bin/../lib/gcc/arm-none-eabi/10.3.1/thumb/v7e-m+fp/hard/crti.o
                0x0000000008006628                _init
 .init          0x000000000800662c        0x8 c:/st/stm32cubeide_1.6.1/stm32cubeide/plugins/com.st.stm32cube.ide.mcu.externaltools.gnu-tools-for-stm32.10.3-2021.10.win32_1.0.0.202111181127/tools/bin/../lib/gcc/arm-none-eabi/10.3.1/thumb/v7e-m+fp/hard/crtn.o
 *(.fini)
 .fini          0x0000000008006634        0x4 c:/st/stm32cubeide_1.6.1/stm32cubeide/plugins/com.st.stm32cube.ide.mcu.externaltools.gnu-tools-for-stm32.10.3-2021.10.win32_1.0.0.202111181127/tools/bin/../lib/gcc/arm-none-eabi/10.3.1/thumb/v7e-m+fp/hard/crti.o
                0x0000000008006634                _fini
 .fini          0x0000000008006638        0x8 c:/st/stm32cubeide_1.6.1/stm32cubeide/plugins/com.st.stm32cube.ide.mcu.externaltools.gnu-tools-for-stm32.10.3-2021.10.win32_1.0.0.202111181127/tools/bin/../lib/gcc/arm-none-eabi/10.3.1/thumb/v7e-m+fp/hard/crtn.o
                0x0000000008006640                . = ALIGN (0x4)
                0x0000000008006640                _etext = .

.vfp11_veneer   0x0000000008006640        0x0
 .vfp11_veneer  0x0000000008006640        0x0 linker stubs

.v4_bx          0x0000000008006640        0x0
 .v4_bx         0x0000000008006640        0x0 linker stubs

.iplt           0x0000000008006640        0x0
 .iplt          0x0000000008006640        0x0 c:/st/stm32cubeide_1.6.1/stm32cubeide/plugins/com.st.stm32cube.ide.mcu.externaltools.gnu-tools-for-stm32.10.3-2021.10.win32_1.0.0.202111181127/tools/bin/../lib/gcc/arm-none-eabi/10.3.1/thumb/v7e-m+fp/hard/crtbegin.o

.rodata         0x0000000008006640     0x1a0c
                0x0000000008006640                . = ALIGN (0x4)
 *(.rodata)
 .rodata        0x0000000008006640       0x90 ./Core/Src/LL_API_G2.o
 *(.rodata*)
 .rodata.Arial_32_32
                0x00000000080066d0       0x80 ./Core/Src/IO_API_G2.o
                0x00000000080066d0                Arial_32_32
 .rodata.Arial_32_33
                0x0000000008006750        0xc ./Core/Src/IO_API_G2.o
                0x0000000008006750                Arial_32_33
 .rodata.Arial_32_34
                0x000000000800675c       0x24 ./Core/Src/IO_API_G2.o
                0x000000000800675c                Arial_32_34
 .rodata.Arial_32_35
                0x0000000008006780       0x44 ./Core/Src/IO_API_G2.o
                0x0000000008006780                Arial_32_35
 .rodata.Arial_32_36
                0x00000000080067c4       0x40 ./Core/Src/IO_API_G2.o
                0x00000000080067c4                Arial_32_36
 .rodata.Arial_32_37
                0x0000000008006804       0x6c ./Core/Src/IO_API_G2.o
                0x0000000008006804                Arial_32_37
 .rodata.Arial_32_38
                0x0000000008006870       0x50 ./Core/Src/IO_API_G2.o
                0x0000000008006870                Arial_32_38
 .rodata.Arial_32_39
                0x00000000080068c0        0xc ./Core/Src/IO_API_G2.o
                0x00000000080068c0                Arial_32_39
 .rodata.Arial_32_40
                0x00000000080068cc       0x20 ./Core/Src/IO_API_G2.o
                0x00000000080068cc                Arial_32_40
 .rodata.Arial_32_41
                0x00000000080068ec       0x20 ./Core/Src/IO_API_G2.o
                0x00000000080068ec                Arial_32_41
 .rodata.Arial_32_42
                0x000000000800690c       0x34 ./Core/Src/IO_API_G2.o
                0x000000000800690c                Arial_32_42
 .rodata.Arial_32_43
                0x0000000008006940       0x44 ./Core/Src/IO_API_G2.o
                0x0000000008006940                Arial_32_43
 .rodata.Arial_32_44
                0x0000000008006984        0xc ./Core/Src/IO_API_G2.o
                0x0000000008006984                Arial_32_44
 .rodata.Arial_32_45
                0x0000000008006990       0x28 ./Core/Src/IO_API_G2.o
                0x0000000008006990                Arial_32_45
 .rodata.Arial_32_46
                0x00000000080069b8        0xc ./Core/Src/IO_API_G2.o
                0x00000000080069b8                Arial_32_46
 .rodata.Arial_32_47
                0x00000000080069c4       0x28 ./Core/Src/IO_API_G2.o
                0x00000000080069c4                Arial_32_47
 .rodata.Arial_32_48
                0x00000000080069ec       0x44 ./Core/Src/IO_API_G2.o
                0x00000000080069ec                Arial_32_48
 .rodata.Arial_32_49
                0x0000000008006a30       0x24 ./Core/Src/IO_API_G2.o
                0x0000000008006a30                Arial_32_49
 .rodata.Arial_32_50
                0x0000000008006a54       0x44 ./Core/Src/IO_API_G2.o
                0x0000000008006a54                Arial_32_50
 .rodata.Arial_32_51
                0x0000000008006a98       0x44 ./Core/Src/IO_API_G2.o
                0x0000000008006a98                Arial_32_51
 .rodata.Arial_32_52
                0x0000000008006adc       0x44 ./Core/Src/IO_API_G2.o
                0x0000000008006adc                Arial_32_52
 .rodata.Arial_32_53
                0x0000000008006b20       0x44 ./Core/Src/IO_API_G2.o
                0x0000000008006b20                Arial_32_53
 .rodata.Arial_32_54
                0x0000000008006b64       0x44 ./Core/Src/IO_API_G2.o
                0x0000000008006b64                Arial_32_54
 .rodata.Arial_32_55
                0x0000000008006ba8       0x44 ./Core/Src/IO_API_G2.o
                0x0000000008006ba8                Arial_32_55
 .rodata.Arial_32_56
                0x0000000008006bec       0x44 ./Core/Src/IO_API_G2.o
                0x0000000008006bec                Arial_32_56
 .rodata.Arial_32_57
                0x0000000008006c30       0x44 ./Core/Src/IO_API_G2.o
                0x0000000008006c30                Arial_32_57
 .rodata.Arial_32_58
                0x0000000008006c74        0xc ./Core/Src/IO_API_G2.o
                0x0000000008006c74                Arial_32_58
 .rodata.Arial_32_59
                0x0000000008006c80        0xc ./Core/Src/IO_API_G2.o
                0x0000000008006c80                Arial_32_59
 .rodata.Arial_32_60
                0x0000000008006c8c       0x40 ./Core/Src/IO_API_G2.o
                0x0000000008006c8c                Arial_32_60
 .rodata.Arial_32_61
                0x0000000008006ccc       0x40 ./Core/Src/IO_API_G2.o
                0x0000000008006ccc                Arial_32_61
 .rodata.Arial_32_62
                0x0000000008006d0c       0x40 ./Core/Src/IO_API_G2.o
                0x0000000008006d0c                Arial_32_62
 .rodata.Arial_32_63
                0x0000000008006d4c       0x3c ./Core/Src/IO_API_G2.o
                0x0000000008006d4c                Arial_32_63
 .rodata.Arial_32_64
                0x0000000008006d88       0x78 ./Core/Src/IO_API_G2.o
                0x0000000008006d88                Arial_32_64
 .rodata.Arial_32_65
                0x0000000008006e00       0x58 ./Core/Src/IO_API_G2.o
                0x0000000008006e00                Arial_32_65
 .rodata.Arial_32_66
                0x0000000008006e58       0x48 ./Core/Src/IO_API_G2.o
                0x0000000008006e58                Arial_32_66
 .rodata.Arial_32_67
                0x0000000008006ea0       0x54 ./Core/Src/IO_API_G2.o
                0x0000000008006ea0                Arial_32_67
 .rodata.Arial_32_68
                0x0000000008006ef4       0x50 ./Core/Src/IO_API_G2.o
                0x0000000008006ef4                Arial_32_68
 .rodata.Arial_32_69
                0x0000000008006f44       0x48 ./Core/Src/IO_API_G2.o
                0x0000000008006f44                Arial_32_69
 .rodata.Arial_32_70
                0x0000000008006f8c       0x40 ./Core/Src/IO_API_G2.o
                0x0000000008006f8c                Arial_32_70
 .rodata.Arial_32_71
                0x0000000008006fcc       0x5c ./Core/Src/IO_API_G2.o
                0x0000000008006fcc                Arial_32_71
 .rodata.Arial_32_72
                0x0000000008007028       0x4c ./Core/Src/IO_API_G2.o
                0x0000000008007028                Arial_32_72
 .rodata.Arial_32_73
                0x0000000008007074        0xc ./Core/Src/IO_API_G2.o
                0x0000000008007074                Arial_32_73
 .rodata.Arial_32_74
                0x0000000008007080       0x38 ./Core/Src/IO_API_G2.o
                0x0000000008007080                Arial_32_74
 .rodata.Arial_32_75
                0x00000000080070b8       0x54 ./Core/Src/IO_API_G2.o
                0x00000000080070b8                Arial_32_75
 .rodata.Arial_32_76
                0x000000000800710c       0x3c ./Core/Src/IO_API_G2.o
                0x000000000800710c                Arial_32_76
 .rodata.Arial_32_77
                0x0000000008007148       0x5c ./Core/Src/IO_API_G2.o
                0x0000000008007148                Arial_32_77
 .rodata.Arial_32_78
                0x00000000080071a4       0x4c ./Core/Src/IO_API_G2.o
                0x00000000080071a4                Arial_32_78
 .rodata.Arial_32_79
                0x00000000080071f0       0x5c ./Core/Src/IO_API_G2.o
                0x00000000080071f0                Arial_32_79
 .rodata.Arial_32_80
                0x000000000800724c       0x48 ./Core/Src/IO_API_G2.o
                0x000000000800724c                Arial_32_80
 .rodata.Arial_32_81
                0x0000000008007294       0x5c ./Core/Src/IO_API_G2.o
                0x0000000008007294                Arial_32_81
 .rodata.Arial_32_82
                0x00000000080072f0       0x50 ./Core/Src/IO_API_G2.o
                0x00000000080072f0                Arial_32_82
 .rodata.Arial_32_83
                0x0000000008007340       0x4c ./Core/Src/IO_API_G2.o
                0x0000000008007340                Arial_32_83
 .rodata.Arial_32_84
                0x000000000800738c       0x4c ./Core/Src/IO_API_G2.o
                0x000000000800738c                Arial_32_84
 .rodata.Arial_32_85
                0x00000000080073d8       0x4c ./Core/Src/IO_API_G2.o
                0x00000000080073d8                Arial_32_85
 .rodata.Arial_32_86
                0x0000000008007424       0x58 ./Core/Src/IO_API_G2.o
                0x0000000008007424                Arial_32_86
 .rodata.Arial_32_87
                0x000000000800747c       0x80 ./Core/Src/IO_API_G2.o
                0x000000000800747c                Arial_32_87
 .rodata.Arial_32_88
                0x00000000080074fc       0x5c ./Core/Src/IO_API_G2.o
                0x00000000080074fc                Arial_32_88
 .rodata.Arial_32_89
                0x0000000008007558       0x5c ./Core/Src/IO_API_G2.o
                0x0000000008007558                Arial_32_89
 .rodata.Arial_32_90
                0x00000000080075b4       0x4c ./Core/Src/IO_API_G2.o
                0x00000000080075b4                Arial_32_90
 .rodata.Arial_32_91
                0x0000000008007600       0x1c ./Core/Src/IO_API_G2.o
                0x0000000008007600                Arial_32_91
 .rodata.Arial_32_92
                0x000000000800761c       0x24 ./Core/Src/IO_API_G2.o
                0x000000000800761c                Arial_32_92
 .rodata.Arial_32_93
                0x0000000008007640       0x1c ./Core/Src/IO_API_G2.o
                0x0000000008007640                Arial_32_93
 .rodata.Arial_32_94
                0x000000000800765c       0x3c ./Core/Src/IO_API_G2.o
                0x000000000800765c                Arial_32_94
 .rodata.Arial_32_95
                0x0000000008007698       0x4c ./Core/Src/IO_API_G2.o
                0x0000000008007698                Arial_32_95
 .rodata.Arial_32_96
                0x00000000080076e4       0x18 ./Core/Src/IO_API_G2.o
                0x00000000080076e4                Arial_32_96
 .rodata.Arial_32_97
                0x00000000080076fc       0x40 ./Core/Src/IO_API_G2.o
                0x00000000080076fc                Arial_32_97
 .rodata.Arial_32_98
                0x000000000800773c       0x40 ./Core/Src/IO_API_G2.o
                0x000000000800773c                Arial_32_98
 .rodata.Arial_32_99
                0x000000000800777c       0x40 ./Core/Src/IO_API_G2.o
                0x000000000800777c                Arial_32_99
 .rodata.Arial_32_100
                0x00000000080077bc       0x40 ./Core/Src/IO_API_G2.o
                0x00000000080077bc                Arial_32_100
 .rodata.Arial_32_101
                0x00000000080077fc       0x40 ./Core/Src/IO_API_G2.o
                0x00000000080077fc                Arial_32_101
 .rodata.Arial_32_102
                0x000000000800783c       0x2c ./Core/Src/IO_API_G2.o
                0x000000000800783c                Arial_32_102
 .rodata.Arial_32_103
                0x0000000008007868       0x40 ./Core/Src/IO_API_G2.o
                0x0000000008007868                Arial_32_103
 .rodata.Arial_32_104
                0x00000000080078a8       0x3c ./Core/Src/IO_API_G2.o
                0x00000000080078a8                Arial_32_104
 .rodata.Arial_32_105
                0x00000000080078e4        0xc ./Core/Src/IO_API_G2.o
                0x00000000080078e4                Arial_32_105
 .rodata.Arial_32_106
                0x00000000080078f0       0x18 ./Core/Src/IO_API_G2.o
                0x00000000080078f0                Arial_32_106
 .rodata.Arial_32_107
                0x0000000008007908       0x3c ./Core/Src/IO_API_G2.o
                0x0000000008007908                Arial_32_107
 .rodata.Arial_32_108
                0x0000000008007944        0xc ./Core/Src/IO_API_G2.o
                0x0000000008007944                Arial_32_108
 .rodata.Arial_32_109
                0x0000000008007950       0x64 ./Core/Src/IO_API_G2.o
                0x0000000008007950                Arial_32_109
 .rodata.Arial_32_110
                0x00000000080079b4       0x3c ./Core/Src/IO_API_G2.o
                0x00000000080079b4                Arial_32_110
 .rodata.Arial_32_111
                0x00000000080079f0       0x40 ./Core/Src/IO_API_G2.o
                0x00000000080079f0                Arial_32_111
 .rodata.Arial_32_112
                0x0000000008007a30       0x40 ./Core/Src/IO_API_G2.o
                0x0000000008007a30                Arial_32_112
 .rodata.Arial_32_113
                0x0000000008007a70       0x40 ./Core/Src/IO_API_G2.o
                0x0000000008007a70                Arial_32_113
 .rodata.Arial_32_114
                0x0000000008007ab0       0x28 ./Core/Src/IO_API_G2.o
                0x0000000008007ab0                Arial_32_114
 .rodata.Arial_32_115
                0x0000000008007ad8       0x40 ./Core/Src/IO_API_G2.o
                0x0000000008007ad8                Arial_32_115
 .rodata.Arial_32_116
                0x0000000008007b18       0x28 ./Core/Src/IO_API_G2.o
                0x0000000008007b18                Arial_32_116
 .rodata.Arial_32_117
                0x0000000008007b40       0x3c ./Core/Src/IO_API_G2.o
                0x0000000008007b40                Arial_32_117
 .rodata.Arial_32_118
                0x0000000008007b7c       0x44 ./Core/Src/IO_API_G2.o
                0x0000000008007b7c                Arial_32_118
 .rodata.Arial_32_119
                0x0000000008007bc0       0x64 ./Core/Src/IO_API_G2.o
                0x0000000008007bc0                Arial_32_119
 .rodata.Arial_32_120
                0x0000000008007c24       0x40 ./Core/Src/IO_API_G2.o
                0x0000000008007c24                Arial_32_120
 .rodata.Arial_32_121
                0x0000000008007c64       0x3c ./Core/Src/IO_API_G2.o
                0x0000000008007c64                Arial_32_121
 .rodata.Arial_32_122
                0x0000000008007ca0       0x3c ./Core/Src/IO_API_G2.o
                0x0000000008007ca0                Arial_32_122
 .rodata.Arial_32_123
                0x0000000008007cdc       0x2c ./Core/Src/IO_API_G2.o
                0x0000000008007cdc                Arial_32_123
 .rodata.Arial_32_124
                0x0000000008007d08        0xc ./Core/Src/IO_API_G2.o
                0x0000000008007d08                Arial_32_124
 .rodata.Arial_32_125
                0x0000000008007d14       0x2c ./Core/Src/IO_API_G2.o
                0x0000000008007d14                Arial_32_125
 .rodata.Arial_32_126
                0x0000000008007d40       0x44 ./Core/Src/IO_API_G2.o
                0x0000000008007d40                Arial_32_126
 .rodata.Arial_32_width
                0x0000000008007d84       0x5f ./Core/Src/IO_API_G2.o
                0x0000000008007d84                Arial_32_width
 *fill*         0x0000000008007de3        0x1 
 .rodata.AHBPrescTable
                0x0000000008007de4       0x10 ./Core/Src/system_stm32f4xx.o
                0x0000000008007de4                AHBPrescTable
 .rodata.APBPrescTable
                0x0000000008007df4        0x8 ./Core/Src/system_stm32f4xx.o
                0x0000000008007df4                APBPrescTable
 .rodata.flagBitshiftOffset.0
                0x0000000008007dfc        0x8 ./Drivers/STM32F4xx_HAL_Driver/Src/stm32f4xx_hal_dma.o
 .rodata.__sf_fake_stderr
                0x0000000008007e04       0x20 c:/st/stm32cubeide_1.6.1/stm32cubeide/plugins/com.st.stm32cube.ide.mcu.externaltools.gnu-tools-for-stm32.10.3-2021.10.win32_1.0.0.202111181127/tools/bin/../lib/gcc/arm-none-eabi/10.3.1/../../../../arm-none-eabi/lib/thumb/v7e-m+fp/hard\libc_nano.a(lib_a-findfp.o)
                0x0000000008007e04                __sf_fake_stderr
 .rodata.__sf_fake_stdin
                0x0000000008007e24       0x20 c:/st/stm32cubeide_1.6.1/stm32cubeide/plugins/com.st.stm32cube.ide.mcu.externaltools.gnu-tools-for-stm32.10.3-2021.10.win32_1.0.0.202111181127/tools/bin/../lib/gcc/arm-none-eabi/10.3.1/../../../../arm-none-eabi/lib/thumb/v7e-m+fp/hard\libc_nano.a(lib_a-findfp.o)
                0x0000000008007e24                __sf_fake_stdin
 .rodata.__sf_fake_stdout
                0x0000000008007e44       0x20 c:/st/stm32cubeide_1.6.1/stm32cubeide/plugins/com.st.stm32cube.ide.mcu.externaltools.gnu-tools-for-stm32.10.3-2021.10.win32_1.0.0.202111181127/tools/bin/../lib/gcc/arm-none-eabi/10.3.1/../../../../arm-none-eabi/lib/thumb/v7e-m+fp/hard\libc_nano.a(lib_a-findfp.o)
                0x0000000008007e44                __sf_fake_stdout
 .rodata._global_impure_ptr
                0x0000000008007e64        0x4 c:/st/stm32cubeide_1.6.1/stm32cubeide/plugins/com.st.stm32cube.ide.mcu.externaltools.gnu-tools-for-stm32.10.3-2021.10.win32_1.0.0.202111181127/tools/bin/../lib/gcc/arm-none-eabi/10.3.1/../../../../arm-none-eabi/lib/thumb/v7e-m+fp/hard\libc_nano.a(lib_a-impure.o)
                0x0000000008007e64                _global_impure_ptr
 .rodata.strtok.str1.1
                0x0000000008007e68       0x74 c:/st/stm32cubeide_1.6.1/stm32cubeide/plugins/com.st.stm32cube.ide.mcu.externaltools.gnu-tools-for-stm32.10.3-2021.10.win32_1.0.0.202111181127/tools/bin/../lib/gcc/arm-none-eabi/10.3.1/../../../../arm-none-eabi/lib/thumb/v7e-m+fp/hard\libc_nano.a(lib_a-strtok.o)
 .rodata.__assert_func.str1.1
                0x0000000008007edc       0x3c c:/st/stm32cubeide_1.6.1/stm32cubeide/plugins/com.st.stm32cube.ide.mcu.externaltools.gnu-tools-for-stm32.10.3-2021.10.win32_1.0.0.202111181127/tools/bin/../lib/gcc/arm-none-eabi/10.3.1/../../../../arm-none-eabi/lib/thumb/v7e-m+fp/hard\libc_nano.a(lib_a-assert.o)
                                         0x3d (size before relaxing)
 .rodata._ctype_
                0x0000000008007f18      0x101 c:/st/stm32cubeide_1.6.1/stm32cubeide/plugins/com.st.stm32cube.ide.mcu.externaltools.gnu-tools-for-stm32.10.3-2021.10.win32_1.0.0.202111181127/tools/bin/../lib/gcc/arm-none-eabi/10.3.1/../../../../arm-none-eabi/lib/thumb/v7e-m+fp/hard\libc_nano.a(lib_a-ctype_.o)
                0x0000000008007f18                _ctype_
 .rodata._vfprintf_r.str1.1
                0x0000000008008019       0x11 c:/st/stm32cubeide_1.6.1/stm32cubeide/plugins/com.st.stm32cube.ide.mcu.externaltools.gnu-tools-for-stm32.10.3-2021.10.win32_1.0.0.202111181127/tools/bin/../lib/gcc/arm-none-eabi/10.3.1/../../../../arm-none-eabi/lib/thumb/v7e-m+fp/hard\libc_nano.a(lib_a-nano-vfprintf.o)
 .rodata._printf_i.str1.1
                0x000000000800802a       0x22 c:/st/stm32cubeide_1.6.1/stm32cubeide/plugins/com.st.stm32cube.ide.mcu.externaltools.gnu-tools-for-stm32.10.3-2021.10.win32_1.0.0.202111181127/tools/bin/../lib/gcc/arm-none-eabi/10.3.1/../../../../arm-none-eabi/lib/thumb/v7e-m+fp/hard\libc_nano.a(lib_a-nano-vfprintf_i.o)
                0x000000000800804c                . = ALIGN (0x4)

.ARM.extab      0x000000000800804c        0x0
                0x000000000800804c                . = ALIGN (0x4)
 *(.ARM.extab* .gnu.linkonce.armextab.*)
                0x000000000800804c                . = ALIGN (0x4)

.ARM            0x000000000800804c        0x8
                0x000000000800804c                . = ALIGN (0x4)
                0x000000000800804c                __exidx_start = .
 *(.ARM.exidx*)
 .ARM.exidx     0x000000000800804c        0x8 c:/st/stm32cubeide_1.6.1/stm32cubeide/plugins/com.st.stm32cube.ide.mcu.externaltools.gnu-tools-for-stm32.10.3-2021.10.win32_1.0.0.202111181127/tools/bin/../lib/gcc/arm-none-eabi/10.3.1/thumb/v7e-m+fp/hard\libgcc.a(_udivmoddi4.o)
                0x0000000008008054                __exidx_end = .
                0x0000000008008054                . = ALIGN (0x4)

.rel.dyn        0x0000000008008054        0x0
 .rel.iplt      0x0000000008008054        0x0 c:/st/stm32cubeide_1.6.1/stm32cubeide/plugins/com.st.stm32cube.ide.mcu.externaltools.gnu-tools-for-stm32.10.3-2021.10.win32_1.0.0.202111181127/tools/bin/../lib/gcc/arm-none-eabi/10.3.1/thumb/v7e-m+fp/hard/crtbegin.o

.preinit_array  0x0000000008008054        0x0
                0x0000000008008054                . = ALIGN (0x4)
                0x0000000008008054                PROVIDE (__preinit_array_start = .)
 *(.preinit_array*)
                0x0000000008008054                PROVIDE (__preinit_array_end = .)
                0x0000000008008054                . = ALIGN (0x4)

.init_array     0x0000000008008054        0x4
                0x0000000008008054                . = ALIGN (0x4)
                0x0000000008008054                PROVIDE (__init_array_start = .)
 *(SORT_BY_NAME(.init_array.*))
 *(.init_array*)
 .init_array    0x0000000008008054        0x4 c:/st/stm32cubeide_1.6.1/stm32cubeide/plugins/com.st.stm32cube.ide.mcu.externaltools.gnu-tools-for-stm32.10.3-2021.10.win32_1.0.0.202111181127/tools/bin/../lib/gcc/arm-none-eabi/10.3.1/thumb/v7e-m+fp/hard/crtbegin.o
                0x0000000008008058                PROVIDE (__init_array_end = .)
                0x0000000008008058                . = ALIGN (0x4)

.fini_array     0x0000000008008058        0x4
                0x0000000008008058                . = ALIGN (0x4)
                [!provide]                        PROVIDE (__fini_array_start = .)
 *(SORT_BY_NAME(.fini_array.*))
 *(.fini_array*)
 .fini_array    0x0000000008008058        0x4 c:/st/stm32cubeide_1.6.1/stm32cubeide/plugins/com.st.stm32cube.ide.mcu.externaltools.gnu-tools-for-stm32.10.3-2021.10.win32_1.0.0.202111181127/tools/bin/../lib/gcc/arm-none-eabi/10.3.1/thumb/v7e-m+fp/hard/crtbegin.o
                [!provide]                        PROVIDE (__fini_array_end = .)
                0x000000000800805c                . = ALIGN (0x4)
                0x000000000800805c                _sidata = LOADADDR (.data)

.data           0x0000000020000000      0x1ec load address 0x000000000800805c
                0x0000000020000000                . = ALIGN (0x4)
                0x0000000020000000                _sdata = .
 *(.data)
 *(.data*)
 .data.Arial_32_addr
                0x0000000020000000      0x17c ./Core/Src/IO_API_G2.o
                0x0000000020000000                Arial_32_addr
 .data.SystemCoreClock
                0x000000002000017c        0x4 ./Core/Src/system_stm32f4xx.o
                0x000000002000017c                SystemCoreClock
 .data.uwTickPrio
                0x0000000020000180        0x4 ./Drivers/STM32F4xx_HAL_Driver/Src/stm32f4xx_hal.o
                0x0000000020000180                uwTickPrio
 .data.uwTickFreq
                0x0000000020000184        0x1 ./Drivers/STM32F4xx_HAL_Driver/Src/stm32f4xx_hal.o
                0x0000000020000184                uwTickFreq
 *fill*         0x0000000020000185        0x3 
 .data._impure_ptr
                0x0000000020000188        0x4 c:/st/stm32cubeide_1.6.1/stm32cubeide/plugins/com.st.stm32cube.ide.mcu.externaltools.gnu-tools-for-stm32.10.3-2021.10.win32_1.0.0.202111181127/tools/bin/../lib/gcc/arm-none-eabi/10.3.1/../../../../arm-none-eabi/lib/thumb/v7e-m+fp/hard\libc_nano.a(lib_a-impure.o)
                0x0000000020000188                _impure_ptr
 .data.impure_data
                0x000000002000018c       0x60 c:/st/stm32cubeide_1.6.1/stm32cubeide/plugins/com.st.stm32cube.ide.mcu.externaltools.gnu-tools-for-stm32.10.3-2021.10.win32_1.0.0.202111181127/tools/bin/../lib/gcc/arm-none-eabi/10.3.1/../../../../arm-none-eabi/lib/thumb/v7e-m+fp/hard\libc_nano.a(lib_a-impure.o)
                0x00000000200001ec                . = ALIGN (0x4)
                0x00000000200001ec                _edata = .

.igot.plt       0x00000000200001ec        0x0 load address 0x0000000008008248
 .igot.plt      0x00000000200001ec        0x0 c:/st/stm32cubeide_1.6.1/stm32cubeide/plugins/com.st.stm32cube.ide.mcu.externaltools.gnu-tools-for-stm32.10.3-2021.10.win32_1.0.0.202111181127/tools/bin/../lib/gcc/arm-none-eabi/10.3.1/thumb/v7e-m+fp/hard/crtbegin.o
                0x00000000200001ec                . = ALIGN (0x4)

.bss            0x00000000200001ec    0x132fc load address 0x0000000008008248
                0x00000000200001ec                _sbss = .
                0x00000000200001ec                __bss_start__ = _sbss
 *(.bss)
 .bss           0x00000000200001ec       0x1c c:/st/stm32cubeide_1.6.1/stm32cubeide/plugins/com.st.stm32cube.ide.mcu.externaltools.gnu-tools-for-stm32.10.3-2021.10.win32_1.0.0.202111181127/tools/bin/../lib/gcc/arm-none-eabi/10.3.1/thumb/v7e-m+fp/hard/crtbegin.o
 *(.bss*)
 .bss.commando  0x0000000020000208       0x98 ./Core/Src/FL_API_G2.o
                0x0000000020000208                commando
 .bss.errnum    0x00000000200002a0        0x4 ./Core/Src/LL_API_G2.o
                0x00000000200002a0                errnum
 .bss.input     0x00000000200002a4      0x410 ./Core/Src/main.o
                0x00000000200002a4                input
 .bss.heap_end.0
                0x00000000200006b4        0x4 ./Core/Src/sysmem.o
 .bss.htim1     0x00000000200006b8       0x40 ./Core/Src/tim.o
                0x00000000200006b8                htim1
 .bss.htim2     0x00000000200006f8       0x40 ./Core/Src/tim.o
                0x00000000200006f8                htim2
 .bss.hdma_tim1_up
                0x0000000020000738       0x60 ./Core/Src/tim.o
                0x0000000020000738                hdma_tim1_up
 .bss.huart2    0x0000000020000798       0x40 ./Core/Src/usart.o
                0x0000000020000798                huart2
 .bss.VGA_RAM1  0x00000000200007d8    0x12cf0 ./Core/ub_lib/stm32_ub_vga_screen.o
                0x00000000200007d8                VGA_RAM1
 .bss.VGA       0x00000000200134c8        0xc ./Core/ub_lib/stm32_ub_vga_screen.o
                0x00000000200134c8                VGA
 .bss.uwTick    0x00000000200134d4        0x4 ./Drivers/STM32F4xx_HAL_Driver/Src/stm32f4xx_hal.o
                0x00000000200134d4                uwTick
 .bss.__lock___malloc_recursive_mutex
                0x00000000200134d8        0x1 c:/st/stm32cubeide_1.6.1/stm32cubeide/plugins/com.st.stm32cube.ide.mcu.externaltools.gnu-tools-for-stm32.10.3-2021.10.win32_1.0.0.202111181127/tools/bin/../lib/gcc/arm-none-eabi/10.3.1/../../../../arm-none-eabi/lib/thumb/v7e-m+fp/hard\libc_nano.a(lib_a-lock.o)
                0x00000000200134d8                __lock___malloc_recursive_mutex
 .bss.__lock___sfp_recursive_mutex
                0x00000000200134d9        0x1 c:/st/stm32cubeide_1.6.1/stm32cubeide/plugins/com.st.stm32cube.ide.mcu.externaltools.gnu-tools-for-stm32.10.3-2021.10.win32_1.0.0.202111181127/tools/bin/../lib/gcc/arm-none-eabi/10.3.1/../../../../arm-none-eabi/lib/thumb/v7e-m+fp/hard\libc_nano.a(lib_a-lock.o)
                0x00000000200134d9                __lock___sfp_recursive_mutex
 .bss.__lock___sinit_recursive_mutex
                0x00000000200134da        0x1 c:/st/stm32cubeide_1.6.1/stm32cubeide/plugins/com.st.stm32cube.ide.mcu.externaltools.gnu-tools-for-stm32.10.3-2021.10.win32_1.0.0.202111181127/tools/bin/../lib/gcc/arm-none-eabi/10.3.1/../../../../arm-none-eabi/lib/thumb/v7e-m+fp/hard\libc_nano.a(lib_a-lock.o)
                0x00000000200134da                __lock___sinit_recursive_mutex
 *fill*         0x00000000200134db        0x1 
 .bss.__malloc_free_list
                0x00000000200134dc        0x4 c:/st/stm32cubeide_1.6.1/stm32cubeide/plugins/com.st.stm32cube.ide.mcu.externaltools.gnu-tools-for-stm32.10.3-2021.10.win32_1.0.0.202111181127/tools/bin/../lib/gcc/arm-none-eabi/10.3.1/../../../../arm-none-eabi/lib/thumb/v7e-m+fp/hard\libc_nano.a(lib_a-nano-mallocr.o)
                0x00000000200134dc                __malloc_free_list
 .bss.__malloc_sbrk_start
                0x00000000200134e0        0x4 c:/st/stm32cubeide_1.6.1/stm32cubeide/plugins/com.st.stm32cube.ide.mcu.externaltools.gnu-tools-for-stm32.10.3-2021.10.win32_1.0.0.202111181127/tools/bin/../lib/gcc/arm-none-eabi/10.3.1/../../../../arm-none-eabi/lib/thumb/v7e-m+fp/hard\libc_nano.a(lib_a-nano-mallocr.o)
                0x00000000200134e0                __malloc_sbrk_start
 .bss.errno     0x00000000200134e4        0x4 c:/st/stm32cubeide_1.6.1/stm32cubeide/plugins/com.st.stm32cube.ide.mcu.externaltools.gnu-tools-for-stm32.10.3-2021.10.win32_1.0.0.202111181127/tools/bin/../lib/gcc/arm-none-eabi/10.3.1/../../../../arm-none-eabi/lib/thumb/v7e-m+fp/hard\libc_nano.a(lib_a-reent.o)
                0x00000000200134e4                errno
 *(COMMON)
                0x00000000200134e8                . = ALIGN (0x4)
                0x00000000200134e8                _ebss = .
                0x00000000200134e8                __bss_end__ = _ebss

._user_heap_stack
                0x00000000200134e8      0x600 load address 0x0000000008008248
                0x00000000200134e8                . = ALIGN (0x8)
                0x00000000200134e8                PROVIDE (end = .)
                [!provide]                        PROVIDE (_end = .)
                0x00000000200136e8                . = (. + _Min_Heap_Size)
 *fill*         0x00000000200134e8      0x200 
                0x0000000020013ae8                . = (. + _Min_Stack_Size)
 *fill*         0x00000000200136e8      0x400 
                0x0000000020013ae8                . = ALIGN (0x8)

/DISCARD/
 libc.a(*)
 libm.a(*)
 libgcc.a(*)

.ARM.attributes
                0x0000000000000000       0x30
 *(.ARM.attributes)
 .ARM.attributes
                0x0000000000000000       0x1e c:/st/stm32cubeide_1.6.1/stm32cubeide/plugins/com.st.stm32cube.ide.mcu.externaltools.gnu-tools-for-stm32.10.3-2021.10.win32_1.0.0.202111181127/tools/bin/../lib/gcc/arm-none-eabi/10.3.1/thumb/v7e-m+fp/hard/crti.o
 .ARM.attributes
                0x000000000000001e       0x34 c:/st/stm32cubeide_1.6.1/stm32cubeide/plugins/com.st.stm32cube.ide.mcu.externaltools.gnu-tools-for-stm32.10.3-2021.10.win32_1.0.0.202111181127/tools/bin/../lib/gcc/arm-none-eabi/10.3.1/thumb/v7e-m+fp/hard/crtbegin.o
 .ARM.attributes
                0x0000000000000052       0x34 ./Core/Src/FL_API_G2.o
 .ARM.attributes
                0x0000000000000086       0x34 ./Core/Src/IO_API_G2.o
 .ARM.attributes
                0x00000000000000ba       0x34 ./Core/Src/LL_API_G2.o
 .ARM.attributes
                0x00000000000000ee       0x34 ./Core/Src/dma.o
 .ARM.attributes
                0x0000000000000122       0x34 ./Core/Src/gpio.o
 .ARM.attributes
                0x0000000000000156       0x34 ./Core/Src/main.o
 .ARM.attributes
                0x000000000000018a       0x34 ./Core/Src/stm32f4xx_hal_msp.o
 .ARM.attributes
                0x00000000000001be       0x34 ./Core/Src/stm32f4xx_it.o
 .ARM.attributes
                0x00000000000001f2       0x34 ./Core/Src/syscalls.o
 .ARM.attributes
                0x0000000000000226       0x34 ./Core/Src/sysmem.o
 .ARM.attributes
                0x000000000000025a       0x34 ./Core/Src/system_stm32f4xx.o
 .ARM.attributes
                0x000000000000028e       0x34 ./Core/Src/tim.o
 .ARM.attributes
                0x00000000000002c2       0x34 ./Core/Src/usart.o
 .ARM.attributes
                0x00000000000002f6       0x21 ./Core/Startup/startup_stm32f407vgtx.o
 .ARM.attributes
                0x0000000000000317       0x34 ./Core/ub_lib/stm32_ub_vga_screen.o
 .ARM.attributes
                0x000000000000034b       0x34 ./Drivers/STM32F4xx_HAL_Driver/Src/stm32f4xx_hal.o
 .ARM.attributes
                0x000000000000037f       0x34 ./Drivers/STM32F4xx_HAL_Driver/Src/stm32f4xx_hal_cortex.o
 .ARM.attributes
                0x00000000000003b3       0x34 ./Drivers/STM32F4xx_HAL_Driver/Src/stm32f4xx_hal_dma.o
 .ARM.attributes
                0x00000000000003e7       0x34 ./Drivers/STM32F4xx_HAL_Driver/Src/stm32f4xx_hal_gpio.o
 .ARM.attributes
                0x000000000000041b       0x34 ./Drivers/STM32F4xx_HAL_Driver/Src/stm32f4xx_hal_rcc.o
 .ARM.attributes
                0x000000000000044f       0x34 ./Drivers/STM32F4xx_HAL_Driver/Src/stm32f4xx_hal_tim.o
 .ARM.attributes
                0x0000000000000483       0x34 ./Drivers/STM32F4xx_HAL_Driver/Src/stm32f4xx_hal_tim_ex.o
 .ARM.attributes
                0x00000000000004b7       0x34 ./Drivers/STM32F4xx_HAL_Driver/Src/stm32f4xx_hal_uart.o
 .ARM.attributes
                0x00000000000004eb       0x34 c:/st/stm32cubeide_1.6.1/stm32cubeide/plugins/com.st.stm32cube.ide.mcu.externaltools.gnu-tools-for-stm32.10.3-2021.10.win32_1.0.0.202111181127/tools/bin/../lib/gcc/arm-none-eabi/10.3.1/../../../../arm-none-eabi/lib/thumb/v7e-m+fp/hard\libc_nano.a(lib_a-atoi.o)
 .ARM.attributes
                0x000000000000051f       0x34 c:/st/stm32cubeide_1.6.1/stm32cubeide/plugins/com.st.stm32cube.ide.mcu.externaltools.gnu-tools-for-stm32.10.3-2021.10.win32_1.0.0.202111181127/tools/bin/../lib/gcc/arm-none-eabi/10.3.1/../../../../arm-none-eabi/lib/thumb/v7e-m+fp/hard\libc_nano.a(lib_a-errno.o)
 .ARM.attributes
                0x0000000000000553       0x34 c:/st/stm32cubeide_1.6.1/stm32cubeide/plugins/com.st.stm32cube.ide.mcu.externaltools.gnu-tools-for-stm32.10.3-2021.10.win32_1.0.0.202111181127/tools/bin/../lib/gcc/arm-none-eabi/10.3.1/../../../../arm-none-eabi/lib/thumb/v7e-m+fp/hard\libc_nano.a(lib_a-fflush.o)
 .ARM.attributes