../Core/Src/LL_API_G2.c:42:6:API_In_DrawLine	24	static
../Core/Src/LL_API_G2.c:61:6:API_In_DrawRectangle	24	static
../Core/Src/LL_API_G2.c:74:6:API_In_DrawCirckel	8	static
../Core/Src/LL_API_G2.c:86:6:API_In_DrawText	8	static
../Core/Src/LL_API_G2.c:92:6:API_In_Bitmap	8	static
../Core/Src/LL_API_G2.c:105:6:show_errno	16	static
../Core/Src/LL_API_G2.c:133:5:API_ReLi_Sep	24	static
../Core/Src/LL_API_G2.c:161:6:Seperate_line	200	static
../Core/Src/LL_API_G2.c:200:6:Seperate_Rectangle	200	static
../Core/Src/LL_API_G2.c:241:6:Seperate_Circkel	200	static
../Core/Src/LL_API_G2.c:283:6:Seperate_Text	200	static
../Core/Src/LL_API_G2.c:321:6:Seperate_Bitmap	200	static
../Core/Src/LL_API_G2.c:357:6:Seperate_Clearscreen	24	static
